绽放吧,百合第2集
绽放吧,百合第3集
四季小厨,预报服务
碳中和访谈,戴云伟说节气等
国内三天城市预报等


碳中和动画片,古代减灾工程
节气手绘,国内三天城市预报
气象科普短片,晨味时节等
气象服务时段,节气茶
七天城市预报,古代减灾工程等
预报服务,中国地理探奇
农业气象,大美中国等
谈风说水


节气手绘,国内三天城市预报
节气故事,一分钟说健康等
小牛顿气象台,最天气等
节气手绘,国内三天城市预报
预报服务,黄河启示录等
小云朵朵,一分钟说健康等
四季小厨,国内三天城市预报
碳中和动画片,我的天呐等
减灾科普短片,节气手绘等
最天气,节气茶,城市天气预报
中国地理探奇,大美中国等
国际三天城市预报,城市天气预报
海之南


一分钟说健康,生活气象指数
气象科普短片,晨味时节等
节气手绘,优秀旅游城市等
中国地理探奇,节气陪你过日子等
农业气象,节气故事,大美中国
小云朵朵,黄河启示录
节气手绘,国内三天城市预报
碳中和访谈,优秀旅游城市
节气故事


国际三天城市预报,气象之美等
农业气象,戴云伟说节气等
黄河启示录,小牛顿气象台
国内三天城市预报


优秀旅游城市,古代减灾工程
节气手绘,生活气象指数
最天气,节气之美,古代减灾工程
节气茶,国内三天城市预报
晨味时节,一分钟说健康等
碳中和访谈,小牛顿气象台
生活气象指数,中国减灾
一分钟说健康,国内三天城市预报
减灾科普短片,城市天气预报
节气陪你过日子


优秀旅游城市,节气手绘等
三农新气象


气象之美,国内三天城市预报
海之南


优秀旅游城市,节气手绘等
农业气象,气象科普短片等
谈风说水,节气手绘,农业气象等
联播天气预报,二十四节气
国内三天城市预报


城市天气预报


晨味时节,小云朵朵
气象服务时段


农业气象,戴云伟说节气
联播天气预报


古气候探秘


国内三天城市预报


预报服务时段,古气候探秘
一分钟说健康,生活气象指数
中国减灾,小牛顿气象台
国际三天城市预报


三农新气象,节气手绘等
谈风说水,小牛顿气象台
国内三天城市预报


节目结束


中国教育4台


夏天说体育


体谈


体育大思政课


闪耀职教


数字体育潮


职教中国


疾风少年


体谈


职教中国


数字体育潮


职教中国


金牌体育课


职教中国


疾风少年


体谈


劳模工程纪录


风驰电掣


一职为你


墨香


冠军说


等着我


美丽人生


等着我


美丽人生


等着我


美丽人生


乒乓青春


等着我


美丽人生


等着我


美丽人生


等着我


美丽人生


等着我


美丽人生


等着我


美丽人生


e体资讯


青春训练营


青春训练营


青春训练营


等着我


美丽人生


数字体育潮


动起来一起闪亮


中国教育一套


美丽人生


发现中国(112)


发现中国(113)


导视


微纪录:阿克苏烤全羊


影视公开课(5)


影视公开课(6)


导视


微纪录:小小的石头


导视


微纪录:阿克苏烤全羊


导视


纪录中国(1)


纪录中国(2)


微纪录:百福记之铁甲少年


发现中国(114)


导视


微纪录:阿克苏烤全羊


导视


微纪录:百福记之航母老达人


长安书院(4)


微纪录:阿克苏烤全羊


导视


我的抗战之猎豹突击(26)


导视


我的抗战之猎豹突击(27)


导视


中华人民共和国国歌


微纪录:百福记之山野木匠


导视


神枪(41)


神枪(42)


神枪(43)


黑狐之风影(1)


黑狐之风影(2)


等着我(89)


美丽人生


教育新闻直播间


导视


东北剿匪记(60)


导视


东北剿匪记(61)


东北剿匪记(62)


教育新闻直播间


导视


东北剿匪记(63)


导视


东北剿匪记(64)


导视


教育新闻直播间


等着我(90)


美丽人生


彩虹护卫队之星宝能量


全国教育新闻联播


微纪录:阿克苏烤全羊


导视


转播中央台新闻联播


导视


微纪录:百福记之铁甲少年


导视


育见(15)


e视界


导视


绿色长城(2)


微纪录:百福记之骑到世界尽头


导视


发现中国(96)


导视


微纪录:百福记之骑车回中国


导视


等着我(74)


美丽人生


等着我(75)


中央台–珠江


今日关注


剧场


南海海洋环境预报


系列短剧


气象伴早行


中华人民共和国国歌


今日关注


系列短剧


纪录片


上午剧场


下午剧场


今日财经


摇钱树


珠江新闻眼


天气预报


珠江剧场


新闻简报


珠江剧场


今日关注


全民叹世界


王牌剧场


中山公共


特警力量


中山新闻


城市零距离


十分开心


情诫


斗龙战士


七十二家房客


超然栋笃


真情追踪


爱在妇产科


飞虎队


七十二家房客(重)


城市零距离(首)


中山新闻


超然栋笃


天气预告


爱情悠悠药草香


真情追踪


超然栋笃


城市零距离(重)


中山新闻


中山教育


我们一起来做操


教育视窗


知音人间


非常幽默


记者再报告


传奇


奇趣大自然


知音人间


记者再报告


生活大参考


云彩面包


奇趣大自然


观点致胜


有话直说


非常幽默


记者再报告


小龙乐园


知音人间


生活大参考


小龙乐园


十分开心


教育视窗


知音人间


观点致胜


有话直说


记者再报告


非常幽默


教育视窗


传奇


奇趣大自然


中山综合


传奇


奇趣大自然


早间剧场


上午剧场


外来媳妇本地郎


传奇


奇趣大自然


下午剧场


卡通剧场


外来媳妇本地郎


纪录片


转播中央台新闻联播


730剧场


纪录片


乌鲁木齐都市


前沿讲座


玩转生活


玩转生活


健康


大事小事


都市剧场


都市剧场


都市剧场


粘吧部落


超级盛典


劲爆点


品牌杂志


美丽俏佳人


时尚风云榜


天气预报


乌鲁木齐新闻


前沿讲座


都市剧场


都市剧场


都市剧场


乐山新闻综合


嘉州健身节拍


嘉州剧场


新闻天天报


周播栏目


午后剧场


少儿节目


嘉州阳光的哥


中央新闻联播


周播栏目


乐山新闻


天气预报


嘉州剧场


新闻天天报


午夜剧场


乐游


行走的博物馆:隽永留痕见智心


马背之旅(102):卡罗莱纳


寻找黔味2(3)


川味3(4):天赐神器


行走的博物馆(8):无限江山一凭栏


大河之北1(2):燕赵脊梁


长城我们的故事(11):虚实之间


记录冬日(2)


乐游徐汇:徐汇非遗之旅


寻找黔味2(4)


一碗人间烟火:春菜烩小黄鱼卷


川味3(5):化作鲜美


荧屏之星新春版(1)


行走的博物馆(9):但愿世间人无病


大河之北1(3):广袤高原


长城我们的故事:长城保护(20)


城市推荐官(25):松江非遗美食


记录冬日(3)


发现新上海5(2):读懂建筑


一碗人间烟火:春笋年糕白鲳鱼


川味1(7):豆瓣


四季上海


行走的博物馆:温润以泽君子风


大河之北1(4):沃野千里


长城我们的故事(13):长城之恋


城市推荐官(26):漫步普陀


记录冬日(4)


寻找目的地


一碗人间烟火:奶茶新西兰青口贝


寻找目的地:欧洲品质河轮之旅4号


快乐生活帮(46)


荧屏之星新春版(1)


行走的博物馆:野蛮体魄长精神


大河之北1(5):向水而居


长城我们的故事:老长城的新主播


城市推荐官(27):普陀非遗美食


川味3(6):油燃而生


寻找目的地:魅力南欧阳光西葡2号


寻找目的地


行走的博物馆:古币常存不计春


大河之北1(6):面朝大海


长城我们的故事(15)


马背之旅(101):佛蒙特州


寻找目的地


乐游黄浦:乐动西藏路


寻找目的地:桂越双城记


万物滋养2(1):森林的芳香


行走的博物馆:隽永留痕见智心


美丽乡村(1):天之涯


喀斯特地貌的历史记忆:八音灵韵


健康生活


湘当韵味2(3):南岭原味


快乐生活帮(43)


行走的博物馆:玉壶斟来琥珀光


美丽乡村(2):海之角


内蒙古旅游(3):冬日童话内蒙古


健康生活


城市推荐官(30):七宝古镇


寻找目的地:地中海双城记


万物滋养2(2):草原的盛宴


美丽乡村(2):海之角


内蒙古旅游(3):冬日童话内蒙古


云上电影院


爆裂点


门徒（普通话）


反贪风暴（普通话）


赌神3之少年赌神（普通话）


被消失的凶案（普通话）


水浒传之英雄本色


爆裂点


门徒（普通话）


反贪风暴（普通话）


赌神3之少年赌神（普通话）


被消失的凶案（普通话）


水浒传之英雄本色


爆裂点


门徒（普通话）


反贪风暴（普通话）


云南卫视


瞄准(56)


瞄准(57)


瞄准(58)


梅花红桃(1)


梅花红桃(2)


百年巨匠


中华人民共和国国歌


云南新闻联播


湘辣香辣(5)


国宝时刻(14)


国宝时刻(15)


家有灶君


长沙保卫战(9)


长沙保卫战(10)


长沙保卫战(11)


长沙保卫战(12)


钦差大臣(11)


钦差大臣(12)


钦差大臣(13)


钦差大臣(14)


钦差大臣(15)


云南新闻联播


天气预报


转播中央台新闻联播


信仰(37)


信仰(38)


好剧大放送


自信中国说


中国海南雨林秘境(3)


晚间新闻


南亚东南亚天气预报


经典人文地理:自然密码


梅花红桃(3)


云南康旅


精彩节目


民生剧好看


民生剧好看


民生关注


健康十分


纪录片


云之南


云南密码


纪录片


云之南


云南密码


纪录片


云之南


云南密码


纪录片


云之南


云南密码


云南新闻联播


健身天天练


民生剧好看


福寿满堂


民生剧好看


老孙健康讲堂


民生剧好看


福寿满堂


民生剧好看


老孙健康讲堂


乡村振兴云南行


健康十分


民生剧好看


专题节目


民生剧好看


民生剧好看


老孙健康讲堂


民生剧好看


餐里藏医


民生剧好看


民生剧好看


民生剧好看


健康十分


民生关注


民生剧好看


云南影视


影视气象站


电影故事会


好剧跟我看


跟我看电影


晚间节目结束


跟我看电影


好剧跟我看


电影故事会


天下电影


购物时段


天下电影


跟我看电影


五星电影


购物时段


电影故事会


晚间节目开播


五星电影


跟我看电影


好剧跟我看


调剂节目


电影故事会


车影视界


天下电影


优优宝贝


校园时代(1)


校园时代(3)


校园时代:北京(1)


校园时代:北京(2)


校园时代:北京(3)


校园时代:上海(1)


校园时代:上海(2)


校园时代:上海(3)


孕婴童展


少儿展演录制(1)


少儿展演录制(2)


少儿展演录制(3)


少儿展演录制(4)


少儿展演录制(5)


孕婴童展


童音童律


科普视界(1)


科普视界(2)


京彩之旅大美房山


调理脾胃


最强少年(2)


最强少年(3)


最强少年(4)


最强少年(5)


最强少年(6)


最强少年(7)


最强少年(8)


最强少年(9)


最强少年(10)


调理脾胃


最强少年(12)


健康生活


孕婴童展


科普视界(3)


京彩之旅大美房山


健康生活


调理脾胃


健康生活


簪花诗词会


科普视界(3)


健康生活


调理脾胃


校园时代:上海(3)


节目结束


佛山公共


六点半新闻


收台


六点半新闻


小强热线


六点半新闻


小强热线


电影时光


醒目日记


六点半新闻


体坛123


健康大财富


七十二家房客


电影时光


剧场


六点半新闻


身边的榜样


名医说


小强热线


醒目日记


禅城新闻


醒目一拍


剧场


今晚报道


醒目日记


小强热线


名医说


佛山南海


南海新闻


微电影


剧场


纪录片展播


南海新闻


微电影


剧场


短剧


新闻快报


微电影


南海新闻


天气预报


产业最前线


剧场


新闻快报


剧场


微电影


南海新闻


古董


短剧


佛山综合


禅城新闻


精品禅城


粤剧大观


七十二家房客


禅城新闻


精品禅城


剧场


电影时光


七十二家房客


味道佛山美味精选


新闻联播


禅城新闻


精品禅城


六点半新闻


身边的榜样


醒目一拍


禅城新闻


精品禅城


醒目一拍


剧场


味道佛山美味精选


佛山顺德


顺视新闻(重播)


财富顺德


十全十美


古董


情感剧场


十全十美


顺视新闻


生活与法


古董


第一首映


生活与法


下午剧场


合家欢剧场


大良新闻


顺视新闻


财富顺德


十全十美


斐尝德食


成长100分


古董


黄金剧场


顺视新闻


财富顺德


十全十美


斐尝德食


信阳1综合


信阳新闻联播


百姓直通车


好剧连放


信阳新闻联播


好剧连放


新华纵横


信阳新闻联播


信阳天气预报


中央新闻联播


中央天气预报


百姓直通车


天天茶天下


电视剧


电视剧


信阳新闻联播


信阳天气预报


电视剧


六安公共


开机晨曲


重播:社会前沿


重播:金裕新闻


电视剧场


重播:社会前沿


重播:金裕新闻


百姓家居


电视剧场


电视剧场


神韵六安


金裕新闻


社会前沿


强档剧场


社会前沿


金裕新闻


六安新闻联播


电视剧场


六安公共 LIUANTV1


开机晨曲


重播:社会前沿


重播:金裕新闻


电视剧场


重播:社会前沿


重播:金裕新闻


百姓家居


电视剧场


电视剧场


神韵六安


金裕新闻


社会前沿


强档剧场


社会前沿


金裕新闻


六安新闻联播


电视剧场


六安新闻综合


开机


影视片花


重播:六安新闻联播


重播:A1档剧A2档剧


重播:六安新闻联播


重播:B1档剧B2档剧


台形象片 请您欣赏


社会前沿


房产报道


下午电视剧场


重播:六安新闻联播


动画片


安徽新闻联播


新闻联播


六安新闻联播


天气预报


影视片花


黄金剧场


房产会客厅


六安新闻联播


天气预报


午夜剧场


六安都市生活


开机晨曲


时尚消费


青春偶像剧场


股市


房产报道


都市生活


股市


动漫乐园


摇篮


青春偶像剧场


阳光剧场


A1档剧A2档剧


动漫乐园


地产会客厅


阳光剧场


都市剧场


六安新闻联播


电影


兰州公共


结束


怀旧剧场


怀旧剧场


怀旧剧场


怀旧剧场


相约兰州


兰州新闻


栏目


黄河之都剧场


黄河之都剧场


黄河之都剧场


黄河之都剧场


黄河之都剧场


警花说交通


平安兰州


黄河之都剧场


黄河之都剧场


黄河之都剧场


黄河之都剧场


黄河之都剧场


警花说交通


平安兰州


相约兰州


兰州文旅


专题片


结束


非常故事汇


相约兰州


观点致胜


有话直说


非常故事汇


聚焦房产


动画片


大型活动


有话直说


观点致胜


非常故事汇


健康生活 名医访谈


非常故事汇


有话直说


观点致胜


相约兰州


健康生活 名医访谈


剧场


2017扑克大赛


聚焦房产


相约兰州


2017扑克大赛


兰州新闻综合


剧场


晚间节目结束


台标,白天节目导视
纪录中国


兰州新闻


剧场


零距离·在身边


零距离·正在直播


兰州零距离


专题


金城大专辩论赛决赛


剧场


健康生活·名医访谈


天气预报


台标,晚间节目导视
零距离·正在直播


兰州新闻


转播中央台新闻联播


剧场


兰州零距离


零距离·在身边


兰州新闻


梅卿快车道


剧场


兵团卫视


剧场


剧场


剧场


剧场


西行漫纪


感动


剧场


剧场


剧场


感动


兵团新闻联播


中华人民共和国国歌


纪录片


上午剧场


上午剧场


上午剧场


上午剧场


直击民生


纪录片


下午剧场


下午剧场


下午剧场


纪录片


动画片


转播中央台新闻联播


我的兵团岁月


兵团新闻联播


天气预报


黄金剧场


黄金剧场


兵团新闻联播


直击民生


为新时代放歌


纪录片


剧场


内蒙古农牧


星光剧场


午夜剧场


清晨剧场


午后剧场


城里城外


黄金首播剧场


国宝那些事儿


城里城外


星光剧场


内蒙古卫视


星光剧场:康熙微服私访记(7)


星光剧场:康熙微服私访记(8)


静屏


清晨剧场


清晨剧场


草原音画


内蒙古新闻联播


经典剧场:康熙微服私访记1(11)


经典剧场:康熙微服私访记1(12)


经典剧场:康熙微服私访记1(13)


经典剧场:康熙微服私访记1(14)


经典剧场:康熙微服私访记1(15)


经典剧场:康熙微服私访记1(16)


正午时光


传奇剧场:战火青春(7)


传奇剧场:战火青春(8)


传奇剧场:战火青春(9)


传奇剧场:战火青春(10)


传奇剧场:战火青春(11)


传奇剧场:战火青春(12)


传奇剧场:战火青春(13)


传奇剧场:战火青春(14)


一线观察


内蒙古新闻联播


转播中央台新闻联播


北方剧场:我是刑警(13)


北方剧场:我是刑警(14)


今晚播报


一线观察


创客中国


星光剧场:康熙微服私访记(9)


星光剧场:康熙微服私访记(10)


内蒙古少儿


黄金剧场2


清晨剧场


动画片


才艺棒棒堂


炫风行动


健健康康长大


动画片


盟市天气预报


动画片


才艺棒棒堂


炫风行动


健健康康长大


旗县天气预报


黄金剧场


内蒙古综合


法治专线


午夜剧场


新闻天天看


草原晨曲


内蒙古新闻联播


法治专线


午间新闻


北疆先锋


有事您说话


天天960


新闻天天看


安居


内蒙古新闻联播


新闻再观察


新闻天天看


晚间报道


冬奥纪实


味道掌门


记忆


法治中国60分


法治进行时


第三调解室


现场说法


健康北京


法治中国60分


乐在美食


味道掌门


纪录片


民法典通解通读


BRTV名医来了


职场健康说


时间的礼物


乐在美食


品质生活


现场说法


法治进行时


第三调解室


法治中国60分


第三调解室


气象观天下


品质生活


乐在美食


职场健康说


品质生活


健康北京


民法典通解通读


同学你好


职场健康说


第三调解室


记忆


故事时间


探索


动漫秀场


小猫汤米1(16)


小猫汤米1(17)


小猫汤米1(18)


小猫汤米1(19)


小猫汤米1(20)


爹地宝贝之神奇哈酷(15)


爹地宝贝之神奇哈酷(16)


汉字侠之神奇汉字星球(41)


汉字侠之神奇汉字星球(42)


荒岛历险记之罗克和编程猫(6)


荒岛历险记之罗克和编程猫(7)


少儿动画精彩片段(27)


小王子与土豆仔(17)


小王子与土豆仔(18)


小王子与土豆仔(19)


小王子与土豆仔(20)


少儿动画精彩片段(34)


变形联盟之越空勇者(26)


三星堆荣耀觉醒(1)


三星堆荣耀觉醒(2)


三星堆荣耀觉醒(3)


三星堆荣耀觉醒(4)


少儿动画精彩片段(38)


小猫汤米1(11)


小猫汤米1(12)


小猫汤米1(13)


小猫汤米1(14)


小猫汤米1(15)


少儿动画精彩片段(39)


爹地宝贝之神奇哈酷(13)


爹地宝贝之神奇哈酷(14)


少儿动画精彩片段(25)


汉字侠之神奇汉字星球(39)


汉字侠之神奇汉字星球(40)


少儿动画精彩片段(33)


荒岛历险记之罗克和编程猫(4)


荒岛历险记之罗克和编程猫(5)


少儿动画精彩片段(32)


小王子与土豆仔(13)


小王子与土豆仔(14)


小王子与土豆仔(15)


小王子与土豆仔(16)


变形联盟之越空勇者(21)


变形联盟之越空勇者(22)


变形联盟之越空勇者(23)


变形联盟之越空勇者(24)


变形联盟之越空勇者(25)


荧屏之星新春版(1)


小猫汤米1(6)


小猫汤米1(7)


小猫汤米1(8)


小猫汤米1(9)


小猫汤米1(10)


爹地宝贝之神奇哈酷(11)


爹地宝贝之神奇哈酷(12)


荧屏之星新春版(1)


汉字侠之神奇汉字星球(37)


汉字侠之神奇汉字星球(38)


荒岛历险记之罗克和编程猫(2)


荒岛历险记之罗克和编程猫(3)


荧屏之星新春版(1)


小王子与土豆仔(9)


小王子与土豆仔(10)


小王子与土豆仔(11)


小王子与土豆仔(12)


荧屏之星新春版(1)


变形联盟之越空勇者(16)


变形联盟之越空勇者(17)


变形联盟之越空勇者(18)


变形联盟之越空勇者(19)


变形联盟之越空勇者(20)


荧屏之星新春版(1)


小猫汤米1(11)


小猫汤米1(12)


小猫汤米1(13)


小猫汤米1(14)


小猫汤米1(15)


爹地宝贝之神奇哈酷(13)


爹地宝贝之神奇哈酷(14)


荧屏之星新春版(1)


汉字侠之神奇汉字星球(39)


汉字侠之神奇汉字星球(40)


荒岛历险记之罗克和编程猫(4)


荒岛历险记之罗克和编程猫(5)


荧屏之星新春版(1)


小王子与土豆仔(13)


小王子与土豆仔(14)


小王子与土豆仔(15)


小王子与土豆仔(16)


荧屏之星新春版(1)


变形联盟之越空勇者(21)


变形联盟之越空勇者(22)


变形联盟之越空勇者(23)


变形联盟之越空勇者(24)


变形联盟之越空勇者(25)


小猫汤米1(21)


小猫汤米1(22)


小猫汤米1(23)


小猫汤米1(24)


小猫汤米1(25)


劲爆体育


健身私享课1(6):腹肌撕裂者挑战


JJ斗地主冠军杯S5总决赛四强赛


JJ斗地主冠军杯S5总决赛四强赛


NBA总决赛:雷霆-步行者


健身私享课1(5):腹肌撕裂者进阶


MLB常规赛:巨人-道奇


JJ斗地主冠军杯S5总决赛四强赛


MLB常规赛:扬基-道奇


欧冠:斯图加特-巴黎圣日耳曼


2025-2026NBA常规赛:湖人-掘金


JJ斗地主冠军杯S5总决赛四强赛


健身私享课1(7):臀腿轰炸机


健身私享课1:下肢综合热身激活


欧冠淘汰赛附加赛:曼城-皇马


JJ斗地主冠军杯S5总决赛四进三


JJ斗地主冠军杯S5总决赛四进三


NBA总决赛:雷霆-步行者


MLB常规赛:大都会-道奇


国际马联浪琴国家联赛鹿特丹站


北京体育休闲


味道掌门


记忆


法治中国60分


法治进行时


第三调解室


现场说法


健康北京


法治中国60分


乐在美食


味道掌门


纪录片


民法典通解通读


BRTV名医来了


职场健康说


时间的礼物


乐在美食


品质生活


现场说法


法治进行时


第三调解室


法治中国60分


第三调解室


气象观天下


品质生活


乐在美食


职场健康说


品质生活


健康北京


民法典通解通读


同学你好


职场健康说


第三调解室


记忆


故事时间


探索


北京卫视


红星剧场:蛮好的人生(31)


山河岁月


生命缘


好梦剧场


好梦剧场


好梦剧场


好梦剧场


法治进行时


法治进行时


养生堂(重播)


早间气象服务


北京您早


上午剧场:父母爱情(34)


上午剧场:父母爱情(35)


上午剧场:父母爱情(36)


特别关注


午间气象服务


午茶剧场:鼓楼外(35)


午茶剧场:鼓楼外(36)


午茶剧场:鼓楼外(37)


午茶剧场:鼓楼外(38)


暖暖的味道


养生堂


北京新闻


北京天气预报


转播央视新闻联播


品质剧场:长河落日(35)


品质剧场:长河落日(36)


大戏看北京


为你喝彩


红星剧场:蛮好的人生(32)


红星剧场:蛮好的人生(33)


北京影视


BTV聚精彩


凌晨剧场


凌晨剧场


凌晨剧场


凌晨剧场


凌晨剧场


凌晨剧场


清晨剧场


清晨剧场


上午剧场


上午剧场


上午剧场


上午剧场


上午剧场


电影时间先导篇


电影


BTV聚精彩


下午剧场


下午剧场


下午剧场


下午剧场


下午剧场


气象星播报


黄金剧场


黄金剧场


黄金剧场


黄金剧场


黄金剧场


电影时间先导篇


电影


北京文艺


重播:我看行


重播:百姓文化录


重播:喜剧合伙人


重播:笑动欢乐秀


重播:笑动欢乐秀


重播:笑动剧场


重播:笑动欢乐秀


重播:笑动欢乐秀


重播:笑动剧场


重播:百姓文化录


重播:每日文娱播报


重播:笑动欢乐秀


笑动欢乐秀


笑动欢乐秀


笑动剧场


百姓文化录


每日文娱播报


重播:笑动欢乐秀


喜剧合伙人


重播:百姓文化录


我看行


笑动欢乐秀


笑动欢乐秀


笑动剧场


我看行


每日文娱播报


影视风云


黄金剧场


黄金剧场


黄金剧场


重播:每日文娱播报


北京新闻


红绿灯


锐观察


晚间新闻报道


频道无节目


播前乐


特别关注


北京您早


直播北京


特别关注


红绿灯


这里是北京


新闻手语


人才


锐观察


军情解码(重播)


法治进行时


红绿灯-平安行


都市晚高峰


北京新闻


天气预报


都市晚高峰


锐观察


红绿灯


晚间新闻报道


这里是北京


空气质量播报


军情解码(重播)


北京生活


快乐生活一点通


美食地图·一探到底


播前乐


快乐生活一点通


生活面对面


生活+家装攻略


我爱食全食美


生活特供


生活气象


生活这一刻


选择


美食地图·一探到底


生活特供(1)


生活特供(2)


生活气象


选择


生活广角


生活广角


生活+家装攻略


快乐生活一点通


我爱食全食美


直播:生活这一刻


直播:生活面对面


直播:美食地图·一探到底


选择


生活广角


生活+家装攻略


生活这一刻


北京纪实


重播:第三调解室


凌晨剧场


凌晨剧场


播前乐


重播:健康北京


重播:现场说法


法治进行时


重播:记忆


上午剧场


上午剧场


第三调解室


现场说法


法治进行时


第三调解室


法治中国


下午剧场


下午剧场


记忆


红绿灯


健康北京


法治精编


法治中国


记忆


第三调解室


重播:法治中国


法治进行时


重播:记忆


北京财经


播前乐


天下财经


财富故事


首都经济报道


财经商圈


理财


财富晚间道


财富晚间道


天下财经-投资者说


午间剧场


午间剧场


午间剧场


财富故事


财富故事


财经商圈


理财


大牌价到


总裁读书会


首都经济报道


天下财经


天下财经-投资者说


理财


财经商圈


天下财经-投资者说


北海公共


晚间剧场(重播)


海门讲堂


晚间播报


时尚生活


电视剧场+下午剧场


电视剧场


看中国


美丽俏佳人


海门讲堂


时尚生活


晚间播报


晚间剧场


北海新闻综合


晚间播报


国际时尚汇


北海新闻


晚间播报


电视剧场(重播)


电视剧场(重播)


晚间播报


北海新闻


警视在线


下午剧场


动画片


转播广西电视台广西新闻


转播中央电视台新闻联播


北海新闻


潮涌北部湾


专题


晚间播报


电视剧场


电视剧场


北海新闻


北海经济科教


中国旅游


绿色家园


上午剧场(重)


上午剧场(重)


经济与生活


房地产


下午剧场


下午剧场


动画片


中国旅游


剧场


剧场


奋斗


经济与生活(首播)


房地产


北海新闻


晚间剧场


晚间剧场


十堰新闻综合


十堰新闻联播


追问


拍古今儿


十堰新闻联播


追问


风从山中来


沙场


电视剧


电视剧


传奇


直播十堰


转播中央台新闻联播


十堰新闻联播


金眼阅评


风从山中来


电视剧


电视剧


十堰新闻联播


金眼阅评


垄上行


传奇


十堰经济旅游


经济报告


身体问题


电视剧


电视剧


拍古今儿


午间新闻高铁


经济报告


高手侃价


下午剧场


绿色家园


国际时尚汇


华人传奇


美味人生


美丽俏佳人


旅游时尚汇


我为你唱


经济报告


轮子当脚


电视剧


电视剧


拍古今儿


梅卿快车道


国际时尚汇


南京信息


家有购物


家有购物


家有购物


家有购物


家有购物


家有购物


南京十八


标点八卦周


标点


标点健康


剧场


标点美食


标点旅游


听我韶韶


剧场


标点财商


标点八卦周


标点


标点旅游


标点美食


标点说房


标点健康


听我韶韶


标点财商


档案


标点旅游


标点说房


标点美食


标点健康


南京少儿


动画剧场


BOBO乐乐园


神龙俱乐部


动画剧场


动画剧场


安全教育


家装100问


宝贝总动员


动画剧场


其实很Q


家装100问


动画剧场


动画剧场


幸福早点到


小神龙俱乐部


家装100问


魅力校园


动画剧场


动画剧场


纪录中国


家装100问


动画剧场


BOBO乐乐园


动画剧场


动画剧场


安全教育


其实很Q


小神龙俱乐部


闲画部落


动画剧场


动画剧场


幸福早点到


宝贝总动员


魅力校园


动画剧场


家装100问


动画剧场


纪录中国


南京影视


南京房产报道


好剧看不停


汽车生活资讯版


好剧看不停


消费向导


王叔和养生苑


旅游真好


消费向导


葛洪养生苑


葛洪养生苑


南京房产报道


影视五点档


5+剧场


名医名院


南京房产报道


南京教科


南京壹条


南京地产直播


南京第一房产,南京第一家装
再见


纪录中国,南京壹条
剧场


南京教育头条


剧场


消费向导


家装100问


说剧实话


家装100问


南京教育头条


南京壹条


法治现场


有请当事人


家装100问


消费向导


剧场


家装100问


12345


南京教育头条


法治现场


有请当事人


全城热恋


南京壹条


剧场


健康大讲堂


家装100问


消费向导


南京新闻综合


直播南京(复)


12345(复)


大刚说新闻(复)


再见


南京第一房产,南京第一家装
直播南京(复)


剧场


家装100问


剧场


家装100问


南京午新闻


家装100问


大刚说新闻(复)


剧场


消费向导


家装100问


南京广播电视台总片头


大刚说新闻


直播南京


南京新闻


转播中央台新闻联播


剧场


幕后故事


剧场


12345


南京职工


南京第一房产,南京第一家装
家装100问


南京电视台


直播南京(复)


12345(复)


大刚说新闻(复)


再见


南京第一房产,南京第一家装
直播南京(复)


剧场


家装100问


剧场


家装100问


南京午新闻


家装100问


大刚说新闻(复)


剧场


消费向导


家装100问


南京广播电视台总片头


大刚说新闻


直播南京


南京新闻


转播中央台新闻联播


剧场


幕后故事


剧场


12345


南京职工


南京第一房产,南京第一家装
家装100问


南充科教


晚间剧场


晚间剧场


南充新闻


早间剧场


早间剧场


早间剧场


新闻630


午间气象


午间剧场


午间剧场


午间剧场


少儿节目


风景区天气预报


新闻630


生活直通车


少儿节目


新闻630


晚间剧场


晚间剧场


新闻630


晚间剧场


南充综合


晚间剧场


早间剧场


早间剧场


生活直通车


南充新闻


午间气象


三区播报


午间剧场


午间剧场


南充人话南充


人文南充


新闻联播


南充新闻


三区播报


晚间剧场


南充新闻


天气预报


三区播报


生活直通车


南方卫视


剧场


笑口组


湾区文化坊


笑口组


我爱返寻味


湾区最新闻


剧场


剧场


剧场


剧场


笑口组


我爱返寻味


中华人民共和国国歌


大美南粤


城事特搜


剧场


每日运动派


湾区最新闻


剧场


剧场


剧场


剧场


剧场


剧场


每日运动派


剧场


剧场


大美南粤


剧场


笑口组


城事特搜


我爱返寻味


湾区最新闻


剧场


纪录片


有请大医生


剧场


剧场


南昌新闻综合


节目预告


剧场


每日新闻


剧场


打捞碎月


东湖新闻


剧场


非乐不可


健康有一套


新闻说报


每日新闻


转播中央台新闻联播


新闻说报


观点


健康有一套


打捞碎月


昌南新闻


西湖新闻


每日新闻


剧场


南昌资讯


节目预告


非乐不可


电视剧


电视剧


电视剧


家有喜事


电视剧


政法报道


家有喜事


电视剧


电视剧


非乐不可


观点致胜


政法报道


家有喜事


观点致胜


电视剧


电视剧


电视剧


电视剧


南昌都市


节目预告


电视剧


电视剧


非乐不可


你在他乡还好吗


家政女皇


栏目:天天美味


开车看房


电视剧


电视剧


电视剧


非乐不可


木奇灵2圣天灵种


栏目:天天美味


家政女皇


开车看房


西湖新闻


天天美味


开车看房


家政女皇


电视剧


电视剧


电视剧


南通新闻综合


城市日历


媒体大放送


NTTV新闻


城市日历


黄金剧场


天气预报


黄金剧场


总而言之


天气预报


城市日历


生活条形码


置业ING


经典剧场


娱乐现场


新闻开讲


NTTV新闻


第一气象


城市日历


黄金剧场


媒体大放送


明星大乐透


星光剧场


南阳3科教


法治时间


南阳新闻联播(重播)


天天向上(重播)


法治时间


动画片


电视剧


法治时间


天天向上(重播)


法治时间


天天向上(重播)


天天向上(首播)


法治时间


电视剧


问 政


南阳新闻联播(重播)


天天向上(重播)


今晚10分


法治时间


电视剧


卡酷少儿


动画片


音乐公主爱美莉3(7)


音乐公主爱美莉3(8)


音乐公主爱美莉3(9)


音乐公主爱美莉3(10)


音乐公主爱美莉3(11)


音乐公主爱美莉3(12)


音乐公主爱美莉3(13)


猪猪侠之超星五灵侠7(8)


猪猪侠之超星五灵侠7(9)


猪猪侠之超星五灵侠7(10)


猪猪侠之超星五灵侠7(11)


猪猪侠之超星五灵侠7(12)


猪猪侠之超星五灵侠7(13)


喜羊羊与灰太狼之羊村守护者9


喜羊羊与灰太狼之羊村守护者9


喜羊羊与灰太狼之羊村守护者9


音乐公主爱美莉3(5)


音乐公主爱美莉3(6)


熊熊帮帮团3(7)


熊熊帮帮团3(8)


熊熊帮帮团3(9)


熊熊帮帮团3(10)


熊出没之神奇宝物(21)


熊出没之神奇宝物(22)


熊出没之神奇宝物(23)


熊出没之神奇宝物(24)


熊出没之神奇宝物(25)


熊出没之神奇宝物(26)


熊出没之神奇宝物(1)


熊出没之神奇宝物(2)


熊出没之神奇宝物(3)


海绵宝宝13(10)


海绵宝宝13(11)


海绵宝宝13(12)


海绵宝宝13(13)


海绵宝宝13(14)


海绵宝宝13(15)


熊出没之小小世界2(13)


熊出没之小小世界2(14)


熊出没之小小世界2(15)


熊出没之小小世界2(16)


熊出没之小小世界2(17)


熊出没之小小世界2(18)


熊出没之小小世界2(19)


熊出没之小小世界2(20)


海绵宝宝13(16)


海绵宝宝13(17)


无敌鹿战队冰封计划(7)


海尔兄弟(61)


熊出没之神奇宝物(11)


熊出没之神奇宝物(12)


熊出没之神奇宝物(13)


熊出没之神奇宝物(14)


卡酷成长剧场(上)


卡酷成长剧场(下)


熊出没之神奇宝物(19)


熊出没之神奇宝物(20)


熊出没之神奇宝物(21)


熊出没之神奇宝物(22)


海尔兄弟20周年纪念版(32)


海绵宝宝13(5)


海绵宝宝13(6)


猪猪侠之超星五灵侠6(9)


猪猪侠之超星五灵侠6(10)


猪猪侠之超星五灵侠6(11)


卫生健康


阳红-2024-333


健康之路-2024-242


百家讲坛-2024-215(重播)


健康之路-2023-233


健康之路-2023-234


人口-2021-1


电视指南频道节目-美丽中国


健康之路-2024-243


卫健生活圈-桂皮,脓胸,便秘
百家讲坛-2024-216(重播)


人口-2021-2


职场健康课-2024-18


阳红-2024-335


打开古籍寻药膳-橄榄


健康之路-2023-236


健康之路-2023-237


人口-2021-2


百家讲坛-2024-216(重播)


健身动起来-2024-29


健康之路-2024-243


职场健康课-2024-18


科学健身大讲堂-运动前做好风险评估


回家吃饭-2024-4


健身动起来-2024-30


健康之路-2023-238


健康之路-2023-239


打开古籍寻药膳-虫草花蒸蛋


百家讲坛-2021-74(重播)


人口-2021-4


健康之路-2024-243


阳红-2024-335


职场健康课-2024-18


健康之路-2023-236


健康之路-2023-237


八段锦康复版-调理脾胃须单举


人口-2021-2


百家讲坛-2024-216(重播)


健康之路-2024-245


职场健康课-2024-20


阳红-2024-336


卫健生活圈-腊肉,生长激素
健康之路-2023-238


健康之路-2023-239


职场健康课-2024-18


厦门三套


超人气影院


超人气影院


厦视真好看


阳光剧场(5集)


金鸡影院


厦视真好看


鼓浪剧场


厦视真好看


凤凰花剧场


幸福剧场


热血影院


厦门卫视


印象中国(闽)


新闻斗阵讲(重)


斗阵来讲古(重)


斗阵来看戏(重)


极品新娘(闽)24-25


印象中国(闽)


斗阵来讲古(重)


新闻斗阵讲(重)


斗阵来看戏(重)


国歌


两岸新新闻(重)


两岸直航(重)


新闻斗阵讲(重)


斗阵来讲古(重)


百万新娘之爱无悔(闽)61-63


斗阵来看戏(首)


斗阵来讲古(首)


宸汐缘(闽)17-18


暗战风云 12-13


山这头 海那边-溯说古同安母亲河 9-10


小海豚(首)


新闻斗阵讲(首)


厦视新闻


新闻联播


深潜 6-7


山这头 海那边-溯说古同安母亲河 9-10


两岸新新闻(首)


两岸直航(首)


两岸秘档


鹿鼎记(闽)36-37


厦门综合


魅力时尚汇


凌晨剧场


凌晨剧场


厦视新闻


生死较量(上)


气象环境新闻


上午剧场


炫彩生活


苗准美食


午间新闻广场


视点


气象环境新闻


TV透


特区房地产


下午剧场


魅力时尚汇


来吧小伙伴


厦视新闻


转播中央台新闻联播


福建新闻联播


气象环境新闻


海洋环境预报


晚间剧场


出行气象站


厦视直播室


视点


交通信息


海西财经报道


台州公共


财富资讯


生活零距离


直通现场


直通现场


影视风云榜


台州市区新闻


越搞越开心


生活零距离(直播)


财富气象站


影视风云榜


台州市区新闻


直通现场


财富资讯


影视风云榜


台州城市生活


小8点


老片新看


新商界


搜寻天下


小8点


好易购


财富英雄


卡通剧场


健康养生


城市生活剧场


看8点


城市生活剧场


新商界/活力台州


搜寻天下


台州新闻


美味人生


看8点(重播)


好易购


台州文化生活


早间剧场


阿福讲白搭


健康第一线


情man转转转


阿福讲健康


电影藏秘


网罗天下


600全民新闻


天天生活+


下午剧场


健康第一线


阿波故事会


天天生活+


阿福讲健康


方言气象


阿福讲白搭


新闻快报


黄金剧场


天气快报


600全民新闻


老慕拍案


晚间气象


阿福讲白搭


阿福讲健康


乡村大擂台(重播)


600全民新闻


台州新闻综合


台州您早


小丫讲天气


第一时间


有点名堂


转播新闻联播


台州新闻


大民讨说法


情感战争


晚安台州


吉林乡村


凌晨剧场


家长里短


乡村四季12316


二人转总动员


上午剧场


综艺精编版


乡村四季12316


二人转总动员


家长里短


下午剧场


斗你玩


综艺精编版


乡村四季12316


家长里短


乡村气象站


二人转总动员


黄金剧场


广角民生


广角民生


斗你玩


乡村气象站


二人转总动员


吉林卫视


凌晨剧场:情满九道弯(25)


凌晨剧场:情满九道弯(26)


凌晨剧场:情满九道弯(27)


凌晨剧场:情满九道弯(28)


清晨剧场


清晨剧场


清晨剧场


清晨剧场


清晨剧场


吉林新闻联播


中华人民共和国国歌


新闻早报


上午剧场:正者无敌(12)


上午剧场:正者无敌(13)


上午剧场:正者无敌(14)


上午剧场:正者无敌(15)


上午剧场:正者无敌(16)


上午剧场:正者无敌(17)


正午吉林


动画片:超级飞侠


下午剧场:正者无敌(17)


下午剧场:正者无敌(18)


下午剧场:正者无敌(19)


下午剧场:正者无敌(20)


下午剧场:正者无敌(21)


欢乐送


情动十分


吉林体彩


吉林天气预报


吉林新闻联播


转播中央台新闻联播


黄金剧场:黄雀(11)


黄金剧场:黄雀(12)


好久不见


凌晨剧场:情满九道弯(29)


凌晨剧场:情满九道弯(30)


凌晨剧场:情满九道弯(31)


吉林市公共


奥斯卡经典影院


早间影院


精彩五分钟


老电影影院


电影世界(重播)


都市影院


休闲影院


合家欢影院


传奇影院


中国电影百年


梦幻影院


吉林市新闻


天天唠新闻(重播)


电视剧


开机专题


江城新闻(重播)


直播江城(重播)


天天唠新闻(重播)


电视剧


财富江城


天天唠新闻(直播)


新闻综合走进乡村


百度生活


家园


故事汇江城


直播江城(直播)


转播中央台新闻联播


转播中央台天气预报


江城新闻


江城天气预报


电视剧


江城新闻


财富江城


直播江城(重播)


故事汇江城


百度生活


吉林市科教


健康江城


城管连线


生活天天秀


午夜专题


开机专题


江城新闻


直播江城(重播)


城管连线


电视剧


生活天天秀


健康江城


法治栏目


魅力700


动画片


法制栏目


科教生活走进乡村


家园


生活天天秀


健康江城


城管连线


魅力700


警视一刻


百度生活


电视剧


吉林影视


等着我


为爱转身


等着我


为爱转身


等着我


为爱转身


等着我


我爱淘电影


电视剧剧场


为爱转身


电视剧剧场


吉林生活


早间剧场


我的天呀


这事可能吗


有一说一


女人故事


我的选择


我是大医生(重播)


我的天呀


金星秀(重播)


下午剧场


有一说一


哎呀妈呀你来了


我的天呀


金星秀


凌晨剧场


吉林综艺文化


凌晨剧场


最7天


7天说


乐7天


更吉林


上午剧场


更吉林


欢乐喜剧人


更吉林


7天说


下午剧场


乐7天


欢乐喜剧人


聊聊天


最7天


聊聊天


黄金剧场


最7天


乐7天


笑傲江湖


吉林都市


凌晨剧场


吉林新闻联播


都市生活圈


健康大赢家


守望都市早间版


上午剧场


都市大明星


都市朋友圈


守望都市午间版


都市生活圈


下午剧场


健康大赢家


都市名医堂


都市朋友圈


守望都市晚间版


黄金剧场


都市生活圈


都市名医堂


吉视乡村


凌晨剧场


家长里短


乡村四季12316


二人转总动员


上午剧场


综艺精编版


乡村四季12316


二人转总动员


家长里短


下午剧场


斗你玩


综艺精编版


乡村四季12316


家长里短


乡村气象站


二人转总动员


黄金剧场


广角民生


广角民生


斗你玩


乡村气象站


二人转总动员


吉视影视


等着我


为爱转身


等着我


为爱转身


等着我


为爱转身


等着我


我爱淘电影


电视剧剧场


为爱转身


电视剧剧场


吉视生活


早间剧场


我的天呀


这事可能吗


有一说一


女人故事


我的选择


我是大医生(重播)


我的天呀


金星秀(重播)


下午剧场


有一说一


哎呀妈呀你来了


我的天呀


金星秀


凌晨剧场


吉视综艺文化


凌晨剧场


最7天


7天说


乐7天


更吉林


上午剧场


更吉林


欢乐喜剧人


更吉林


7天说


下午剧场


乐7天


欢乐喜剧人


聊聊天


最7天


聊聊天


黄金剧场


最7天


乐7天


笑傲江湖


吉视都市


凌晨剧场


吉林新闻联播


都市生活圈


健康大赢家


守望都市早间版


上午剧场


都市大明星


都市朋友圈


守望都市午间版


都市生活圈


下午剧场


健康大赢家


都市名医堂


都市朋友圈


守望都市晚间版


黄金剧场


都市生活圈


都市名医堂


吴江新闻综合


吴江新闻


我爱我家


法治吴江


健康吴江


乐居吴江


娱乐现场


剧场


财富吴江


生活新天地


剧场


万亚新周刊


我爱我家


剧场


财富吴江


我爱我家


九龙健康家园


法治吴江


吴江新闻


转播中央台新闻联播


剧场


健康吴江


吴江新闻


生活新天地


法治吴江


万亚新周刊


剧场


周口1新闻综合


静夜剧场


民生报道


周口新闻联播


天天喜报


上午剧场


上午剧场


上午剧场


精彩一刻


民生报道


周口新闻联播


天气预报


自办栏目


乡村服务社


陈楚文武堂


精彩剧场


精彩剧场


乡村服务社


桃花朵朵开


动画片


新闻直通车


转播中央新闻


周口新闻联播


周口天气预报


晚剧场


晚剧场


新闻直通车


农信天地


周口新闻


民生报道


周口2公共


一元剧场


天天喜报


桃花朵朵开


上午剧场


乡村服务社


桃花朵朵开


民生报道


天气预报


下午剧场


下午剧场


下午剧场


下午剧场


电影看吧


乡村服务社


民生报道


天气预报


桃花朵朵开


天天喜报


乡村服务社


民生报道


天天喜报


桃花朵朵开


呼和浩特影视


奇趣大自然


人文中国


艺览青城


电视剧


周末大舞台


奇趣大自然


电视剧


青城艺百汇


人文中国


首府商讯


青城流韵


奇趣大自然


政在关注


首府商讯


电视剧


奇趣大自然


呼和浩特综合


青城眼


青城警务


政在关注


蒙古语会话


直通首府


电视剧


政在关注


直通首府


新闻(9+1)


青城警务


首府商讯


青城眼


直通首府


蒙古语会话


人文中国


我是共产党员


奇趣大自然


新闻9+1


电视剧


政在关注


青城眼


动画片


青城警务


内蒙古新闻(转播)


新闻联播(转播)


呼和浩特新闻(一版)


青城眼


政在关注


首府商讯


新闻(9+1)


直通首府


晚间新闻


呼和浩特都市


蒙古语会话


政在关注


青城警务


奇趣大自然


电视剧


青城艺百汇


蒙中医说病


我是共产党员


校园


吃了么


我是大A王


首府商讯


都市生活汇


星光梦想秀


蒙古语会话


我是大A王


校园


吃了么


都市生活汇


首府商讯


首府车世界


蒙中医说病


电视剧


青城眼


咪咕综合体育


足球世界-2026U23亚洲杯 半决赛 越南U23-中国U23 直播


UFC323期主赛


2025国际马联场地障碍赛世界杯中国联赛北京站 第1日


咪咕足球


2025国际篮联女篮亚洲杯 决赛 日本女篮-澳大利亚女篮


频道宣传


荣耀之路


2025NBL联赛 常规赛第8轮 盐南苏科雄狮-广西威壮


超级三对三-2025超三联赛


四大名著剧场


八路军太行纪念馆


中国人民抗日军政大学陈列馆


新四军军部旧址纪念馆


建川博物馆聚落抗战系列-中流砥柱馆


海阳地雷战纪念馆


鲁南抗日政权纪念馆


抗日战争最后一役纪念馆


百团大战纪念馆


沈阳九·一八历史博物馆


侵华日军第731部队罪证陈列馆


中国人民抗日战争纪念馆


八路军太行纪念馆


中国人民抗日军政大学陈列馆


新四军军部旧址纪念馆


建川博物馆聚落抗战系列-中流砥柱馆


海阳地雷战纪念馆


鲁南抗日政权纪念馆


抗日战争最后一役纪念馆


百团大战纪念馆


沈阳九·一八历史博物馆


侵华日军第731部队罪证陈列馆


中国人民抗日战争纪念馆


八路军太行纪念馆


中国人民抗日军政大学陈列馆


新四军军部旧址纪念馆


建川博物馆聚落抗战系列-中流砥柱馆


海阳地雷战纪念馆


鲁南抗日政权纪念馆


抗日战争最后一役纪念馆


百团大战纪念馆


沈阳九·一八历史博物馆


侵华日军第731部队罪证陈列馆


中国人民抗日战争纪念馆


八路军太行纪念馆


中国人民抗日军政大学陈列馆


新四军军部旧址纪念馆


建川博物馆聚落抗战系列-中流砥柱馆


海阳地雷战纪念馆


鲁南抗日政权纪念馆


抗日战争最后一役纪念馆


百团大战纪念馆


沈阳九·一八历史博物馆


侵华日军第731部队罪证陈列馆


中国人民抗日战争纪念馆


八路军太行纪念馆


中国人民抗日军政大学陈列馆


新四军军部旧址纪念馆


建川博物馆聚落抗战系列-中流砥柱馆


海阳地雷战纪念馆


鲁南抗日政权纪念馆


抗日战争最后一役纪念馆


百团大战纪念馆


沈阳九·一八历史博物馆


侵华日军第731部队罪证陈列馆


中国人民抗日战争纪念馆


八路军太行纪念馆


中国人民抗日军政大学陈列馆


新四军军部旧址纪念馆


建川博物馆聚落抗战系列-中流砥柱馆


海阳地雷战纪念馆


鲁南抗日政权纪念馆


抗日战争最后一役纪念馆


百团大战纪念馆


沈阳九·一八历史博物馆


侵华日军第731部队罪证陈列馆


中国人民抗日战争纪念馆


八路军太行纪念馆


中国人民抗日军政大学陈列馆


新四军军部旧址纪念馆


建川博物馆聚落抗战系列-中流砥柱馆


海阳地雷战纪念馆


鲁南抗日政权纪念馆


抗日战争最后一役纪念馆


百团大战纪念馆


沈阳九·一八历史博物馆


侵华日军第731部队罪证陈列馆


中国人民抗日战争纪念馆


八路军太行纪念馆


中国人民抗日军政大学陈列馆


新四军军部旧址纪念馆


建川博物馆聚落抗战系列-中流砥柱馆


海阳地雷战纪念馆


鲁南抗日政权纪念馆


抗日战争最后一役纪念馆


百团大战纪念馆


沈阳九·一八历史博物馆


侵华日军第731部队罪证陈列馆


中国人民抗日战争纪念馆


八路军太行纪念馆


中国人民抗日军政大学陈列馆


新四军军部旧址纪念馆


建川博物馆聚落抗战系列-中流砥柱馆


海阳地雷战纪念馆


鲁南抗日政权纪念馆


抗日战争最后一役纪念馆


百团大战纪念馆


沈阳九·一八历史博物馆


侵华日军第731部队罪证陈列馆


中国人民抗日战争纪念馆


八路军太行纪念馆


中国人民抗日军政大学陈列馆


新四军军部旧址纪念馆


建川博物馆聚落抗战系列-中流砥柱馆


海阳地雷战纪念馆


鲁南抗日政权纪念馆


抗日战争最后一役纪念馆


百团大战纪念馆


沈阳九·一八历史博物馆


侵华日军第731部队罪证陈列馆


中国人民抗日战争纪念馆


八路军太行纪念馆


中国人民抗日军政大学陈列馆


新四军军部旧址纪念馆


建川博物馆聚落抗战系列-中流砥柱馆


海阳地雷战纪念馆


鲁南抗日政权纪念馆


抗日战争最后一役纪念馆


百团大战纪念馆


沈阳九·一八历史博物馆


侵华日军第731部队罪证陈列馆


中国人民抗日战争纪念馆


八路军太行纪念馆


中国人民抗日军政大学陈列馆


新四军军部旧址纪念馆


建川博物馆聚落抗战系列-中流砥柱馆


海阳地雷战纪念馆


鲁南抗日政权纪念馆


抗日战争最后一役纪念馆


百团大战纪念馆


沈阳九·一八历史博物馆


侵华日军第731部队罪证陈列馆


中国人民抗日战争纪念馆


八路军太行纪念馆


中国人民抗日军政大学陈列馆


新四军军部旧址纪念馆


建川博物馆聚落抗战系列-中流砥柱馆


海阳地雷战纪念馆


鲁南抗日政权纪念馆


抗日战争最后一役纪念馆


百团大战纪念馆


沈阳九·一八历史博物馆


侵华日军第731部队罪证陈列馆


中国人民抗日战争纪念馆


八路军太行纪念馆


中国人民抗日军政大学陈列馆


四川卫视


乌云之上(15)


川菜开放日


百年巨匠


重返三星堆


中华人民共和国国歌


早安四川


早间气象


宇宙护卫队之超甲恐龙队(1)


宇宙护卫队之超甲恐龙队(2)


宇宙护卫队之超甲恐龙队(3)


五号特工组之偷天换月(25)


五号特工组之偷天换月(26)


五号特工组之偷天换月(27)


五号特工组之偷天换月(28)


午间气象播报


五号特工组之偷天换月(29)


五号特工组之偷天换月(30)


五号特工组之偷天换月(31)


五号特工组之偷天换月(32)


再造之恩(1)


再造之恩(2)


四川超安逸


四川新闻联播


四川省城市天气预报


转播中央台新闻联播


余生有涯(13)


余生有涯(14)


古村的音符


四川新闻联播


乌云之上(16)


宿敌(1)


四川经济


经视新闻


专题节目


早间剧场


专题节目


午间财经


麻辣烫


午间剧场


专题节目


百姓财经


经视新闻


经视故事会


麻辣烫


钻石剧场


天气预报


吃八方


经视故事会


大庆新闻综合


节目预告


大庆新闻


经济观察


百湖气象早间版


晒网打娱


专题


百湖楼市


上午剧场


史海探秘


专题


聪聪美食


生活新主张


缤纷车世界


国际新闻


新华纵横


晚间预告


专题


晒网打娱


教育新闻


悬疑解码


天气预报


史海探秘


缤纷车世界


健康百事通


美人新计


经典剧场


梦幻剧场


大湾区卫视


剧场


笑口组


湾区文化坊


笑口组


我爱返寻味


湾区最新闻


剧场


剧场


剧场


剧场


笑口组


我爱返寻味


中华人民共和国国歌


大美南粤


城事特搜


剧场


每日运动派


湾区最新闻


剧场


剧场


剧场


剧场


剧场


剧场


每日运动派


剧场


剧场


大美南粤


剧场


笑口组


城事特搜


我爱返寻味


湾区最新闻


剧场


纪录片


有请大医生


剧场


剧场


天津体育


体育赛事


体育赛事


体育赛事


连接下一天


one搏击周刊


旗开得胜


第15届全运会女排赛事集锦


少年动起来


直播:天视体育新闻


旗开得胜


2025至2026赛季欧洲女排联赛集锦


体育表演


旗开得胜


直播:体坛新视野


直播:CBA常规赛 天津VS福建


体育欣赏


JJ斗地主冠军杯


纪录片


天津卫视


我和她的传奇情仇(24)


我和她的传奇情仇(25)


杀出黎明(20)


杀出黎明(21)


杀出黎明(22)


中华人民共和国国歌


津晨播报


天眼归来之幸福配方


娘道(7)


娘道(8)


娘道(9)


娘道(10)


12点报道


天气预报


娘道(11)


娘道(12)


娘道(13)


娘道(14)


娘道(15)


气象万千瞰津朝(3)


天津新闻


天气预报


转播中央台新闻联播


大盛魁(56)


沉默的荣耀(1)


群英会


爱情保卫战


天气预报


马王堆岁月不朽(8)


天津少儿


结束


多派玩儿动画


C炫风放映厅


哎呦妈呀


番茄生活王(重)


多派玩儿动画


音乐大师课


多派玩儿动画


C炫风旗舰店


多派玩儿动画


C炫风放映厅


C炫风旗舰店


多派玩儿动画


番茄生活王


哎呦妈呀


锋狂实验室


多派玩儿动画


天津影视


夜间剧场:重播傍晚剧场:和平饭店


重播上午剧场:成家立业


上午剧场:成家立业


午后剧场:尖锋


傍晚剧场:和平饭店(18-19)


强档剧场:虎胆神鹰(28-31)


晚间剧场:大宅院的女人(23-24)


天津教育


寰宇地理


有一说一


新说法


真相


今日开庭


寰宇地理


传奇


有一说一


说一不二


寰宇地理


传奇


法治中国60分


今日开庭


寰宇地理


传奇


有一说一


真相


法治中国60分


法眼


今日开庭


新说法


真相


寰宇地理


我爱我家


有一说一


今日开庭


说一不二


新说法


法眼大律师


真相


科教新气象


有一说一


男人世界


法治中国60分


科教新气象


说一不二


传奇


天津文艺


电视剧:《双枪》(21 22 23 24)


剧场:《淬火丹心》(7 8 9)


缘来是你


老有才了


多彩剧场:《如锦》(19 20 21)


模唱大师秀


天津新闻


第1观察


热播1小时


直播京津冀


网罗天下


大家说理


第1观察


网罗天下


直播京津冀


热播1小时


喜从天降-健身舞


津晨播报


大家说理


新闻早动员


新闻这1刻


第1观察(重)


新闻这1刻


喜从天降-健身舞


新闻这1刻


喜从天降-美食


12点报道


大家说理


医学大求真


新闻这1刻


喜从天降-美食


新闻这1刻


喜从天降-健身舞


新闻这1刻


喜从天降-美食


新闻这1刻


热播1小时


天津新闻


都市报道60分


天津新闻


天气预报


直播京津冀


新闻延长线


超级智能


第1观察


网罗天下


小楼春秋


晚间新闻


都市报道60分


天津都市


消费者


电视剧:《手机》(25,26,27)
电视剧:《大秧歌》(34,35,36)
家居大变身


津津有味


消费者


爱情保卫战(重播)


我的选择


财富+访谈


消费者


都市阳光剧场:《手机》(28,29,30)
爱情保卫战(重播)


我的选择


家居大变身


津津有味


消费者


赶大集


财富+故事


都市生活剧场:《大秧歌》(37,38,39)
直播:2026“津夜有约”跨年活动


天龙八部集


爆裂点


门徒（普通话）


反贪风暴（普通话）


赌神3之少年赌神（普通话）


被消失的凶案（普通话）


水浒传之英雄本色


爆裂点


门徒（普通话）


反贪风暴（普通话）


赌神3之少年赌神（普通话）


被消失的凶案（普通话）


水浒传之英雄本色


爆裂点


门徒（普通话）


反贪风暴（普通话）


太原影视


寰宇地理


健康之路


凌晨剧场


影视巨精彩


寰宇地理


健康之路


上午剧场


老梁说天下


影视巨精彩


下午剧场


健康之路


老梁说天下


传奇剧场


影视巨精彩之巨有礼


传奇剧场三


影视巨精彩


老梁说天下


太原教育


影视艺术赏析


大家学英语


高端培训


并州大课堂


新闻直通车


车源俱乐部


食在龙城


卡通派


新闻直通车


影视艺术


前沿


健康时空


卡通派


名师讲坛


江南


品书论画


新闻直通车


财智人生


教育大家谈


青春红绿灯


小记者


食在龙城


影视艺术赏析


太原文体


寻找幸福


龙城大票房


魔笛秀场


加油！宝贝


畅游天下


车行天下


小麻说房


阁僚兄弟


婚礼大管家


寻找幸福


太原新闻综合


新闻对话


早间新闻


上午剧场


午间新闻


城市大通道


下午剧场


太原新闻


晚间剧场


新闻对话


太原百姓


养生堂


今日交通


我的选择


快乐生活一点通


健康时间


综艺节目


健康时间


综艺节目


健康时间


养生堂


快乐生活一点通


百姓故事会


今日交通


我的选择


太原新闻


人间春色


快乐生活一点通


第一房产


太原社教法制


经济人物/龙城检察


法制凌晨专题一


DISCOVERY


法制凌晨专题二


案道


百姓说法


法制晨间专题


并州之剑


龙城哨位15


精品剧场


并州之剑


法制导视


法治中国60


百姓说法


案道


第一房产


龙城哨位15


经济人物/龙城检察


案道


法治中国60


并州之剑


百姓说法


有话好好说


法治中国60


并州之剑


孝感新闻综合


孝感新闻


民生视点


晚安曲


开机,早安孝感
孝感新闻


民生视点


楚剧展播


传奇中国


上午剧场


上午剧场


上午剧场


孝感新闻


下午剧场


下午剧场


下午剧场


法制中国


传奇中国


垄上行


民生视点


转播中央台新闻联播


孝感新闻


孝感天气预报


家住孝感


晚间剧场


晚间剧场


新闻天天汇


晚间剧场


孝感生活


栏目剧


魔界


奋斗


孝感新闻


最佳现场


前沿讲座


传奇中国


孝感新闻


传奇


民生视点


电视剧


电视剧


电视剧


电视剧


新闻天天汇


传奇


资讯时分


民生视点


电视剧


电视剧


快车道


孝感新闻,孝感天气预报
孝感人


宁夏公共


哈喜喜扯磨


新闻话题


每日文娱播报


测试卡开始曲


宁夏新闻联播


天气预报


直播60分


经典剧场


经典剧场


哈喜喜扯磨


午间新闻


直播60分


阳光汇


每日文娱播报


情感剧场:潜伏在黎明之前


阳光汇


法治中国60分


直播60分


哈喜喜扯磨


宁夏新闻联播


新闻话题


天气预报


黄金剧场


不忘初心 继续前进


今晚播报


阳光汇


天气预报


宁夏新闻联播


直播60分


宁夏卫视


百年巨匠:美术篇-傅抱石


平凡的世界(19)


平凡的世界(20)


平凡的世界(21)


记住乡愁10


品牌宁夏


平原游击队


中华人民共和国国歌


宁夏新闻联播


新闻早点到


飞虎神鹰(35)


飞虎神鹰(36)


飞虎神鹰(37)


飞虎神鹰(38)


飞虎神鹰(39)


真相百分百


飞虎神鹰(40)


飞虎神鹰(41)


飞虎神鹰(42)


飞虎神鹰(43)


飞虎神鹰(44)


飞虎神鹰(45)


青田小田鱼1(5)


下姜村的共同富裕梦(4)


下姜村的共同富裕梦(5)


品牌宁夏


天气预报


宁夏新闻联播


转播中央台新闻联播


塞上新语2


彭德怀元帅(15)


彭德怀元帅(16)


宁夏新闻联播


天气预报


这里是宁夏


家园1


大西南剿匪记(39)


大西南剿匪记(40)


宁夏教育


中国旅游


一周要闻


创未来


健康之路


传奇


电视剧剧场


人文中国


动画片


一周要闻


创未来


品质


寰宇地理


奇趣大自然


看中国


影视界


中国旅游


人文中国


传奇


动画片


中国教育报道


中央台新闻联播


看中国


宁夏教育新闻


教育时空


品质


健康之路


奇趣大自然


电视剧场


老电影


宁夏经济


都市经典剧场


结束曲


都市阳光


都市晨风剧场


都市阳光


宁夏经济报道


都市阳光剧场


都市阳光


都市黄金剧场


宁夏经济报道


都市阳光


都市经典剧场


安徽公共


新闻故事会


节目结束


测试图


晨曲


新闻画中话


点击天气


超级新闻场


生活服务


新闻故事会


生活这一刻


生活服务


法眼看真情


生活服务


法治中国60分


第一现场


新闻午班车


点击天气


真实事件


法眼看真情


新闻午班车


生活服务


真实事件


生活服务


生活这一刻


生活服务


真情调解


第一现场


新闻第一线


点击天气


新闻故事会


夜线60分


真实事件


法眼看真情


安徽新闻联播


新闻画中话


读书的力量


新闻第一线


结束


安徽农业科教


真情说法


节目结束


真情说法


专题


剧场


走近健康


剧场


专题


真情说法


生活e点通


法治时空


拍案惊奇


语众不同


剧场


七彩剧场


生活e点通


法治时空


真情说法


拍案惊奇


语众不同


剧场


法治时空


结束


安徽卫视


新安夜空


旅游景区天气预报


主题微电影


中国梦纪录片展播


雄风剧场


雄风剧场


雄风剧场


雄风剧场


雄风剧场


每日新闻报


超级新闻场


超级新闻场(上)


超级新闻场(下)


安徽新闻联播


早安向前冲


动画剧场


海豚万家剧场:四喜(24)


海豚万家剧场:四喜(25)


海豚万家剧场:四喜(26)


男生女生向前冲


美食每刻


真情剧场


真情剧场


真情剧场


真情剧场


每日新闻报


安徽新闻联播


安徽天气预报


转播中央台新闻联播


海豚第一剧场


海豚第一剧场


健康大问诊


海豚经典剧场


海豚经典剧场


新安夜空


安徽影视


剧场


静屏


电视台无节目


剧场


剧场


剧场


安徽科教


真情说法


节目结束


真情说法


专题


剧场


走近健康


剧场


专题


真情说法


生活e点通


法治时空


拍案惊奇


语众不同


剧场


七彩剧场


生活e点通


法治时空


真情说法


拍案惊奇


语众不同


剧场


法治时空


结束


安徽经济生活


第一时间


晚间看天气


节目结束


帮女郎帮你忙


第一时间


专题


剧场


专题


经视1时间


经视说法


团购节目


剧场


团购节目


健康行天下


帮女郎帮你忙


第一时间


剧场


新闻延长线


经视说法


帮女郎帮你忙


结束


安徽经视


第一时间


晚间看天气


节目结束


帮女郎帮你忙


第一时间


专题


剧场


专题


经视1时间


经视说法


团购节目


剧场


团购节目


健康行天下


帮女郎帮你忙


第一时间


剧场


新闻延长线


经视说法


帮女郎帮你忙


结束


安徽综艺


节目结束


测试图


相约花戏楼


家有好大事


来吧掼军


快乐无敌大PK


我爱诗书画


动画片


家有好大事


快乐无敌大PK


中国原产递


小孩很忙


美食来了


家有好大事


全民大舞台


天气预报


来吧掼军


快乐无敌大PK


美食来了


中国原产递


全民大舞台


节目结束


安徽综艺体育


节目结束


测试图


相约花戏楼


家有好大事


来吧掼军


快乐无敌大PK


我爱诗书画


动画片


家有好大事


快乐无敌大PK


中国原产递


小孩很忙


美食来了


家有好大事


全民大舞台


天气预报


来吧掼军


快乐无敌大PK


美食来了


中国原产递


全民大舞台


节目结束


宜宾新闻综合


时尚汇(重播)


时尚汇(重播)


时尚汇(重播)


美丽中国


翠屏新闻(重播)


上午剧场


草本新说


宜宾新闻(重播)


魅力区县(重播)


下午剧场


宜宾教育(首播)


翠屏新闻(首播)


天气预报


新闻联播


宜宾新闻(首播)


魅力区县(首播)


晚间剧场


魅力区县(重播)


宜宾新闻(重播)


翠屏新闻(重播)


宜昌旅游生活


重播宜昌新闻


重播直播宜昌


重播全景宜昌


重播旅游365


口述


重播话山论见


节目导视


旅游生活开台篇


重播银发时代


重播科教宜昌


重播都市传奇


重播口述


重播旅游365


重播话山论见


丹阳剧场


重播都市传奇


重播科教宜昌


重播引发时代


重播话山论见


九歌剧场


旅游365


银发时代


动漫剧场


美食每刻


旅游气象


乡村教室


生活气象


科教宜昌


求索剧场


宜昌综合


天问剧场


节目导视


开始曲


节目导视


话山论见


重播宜昌新闻


重播直播宜昌


重播全景宜昌


橘颂剧场


重播全景宜昌


重播宜昌新闻


三峡剧场


都市传奇


话山论见


旅游气象


直播宜昌


转播中央台新闻联播


宜昌新闻


县市气象


屈原剧场


全景宜昌


重播宜昌新闻


话山论见


天问剧场


宜春新闻综合


民生直通车(重播)


黄金剧场(重播)


宜春新闻(重播)


动画片(重播)


宜春新闻(重播)


乡土乡情(重播)


游我做主(重播)


午后剧场


1套看房产(重播)


乐乐逛街 车行天下(重播)


法治宜春(重播)


民生直通车


转中央台新闻联播


宜春新闻


天气预报


法治宜春


乐乐逛街


黄金剧场


民生直通车(重播)


小电影


客家生活


电视剧


维权820


财富屋家


围龙故事


电视剧


电视剧


维权820


财富屋家


事事关心


电视剧


山东农科


山东三农新闻联播


好品山东


农产之美


中国原产递


田间示范秀


乡村季风+种地宝典


山东三农新闻联播


好品山东


中国原产递


田间示范秀


农产之美


乡村季风+种地宝典


农事气象站


农产之美


山东三农新闻联播


乡村季风+种地宝典


农事气象站


专题


好品山东


剧场


专题


剧场


专题


剧场


乡村季风+种地宝典


专题


山东三农新闻联播


专题


中国原产递


剧场


专题


剧场


专题


乡村季风+种地宝典


专题


农产之美


好品山东


农事气象站


山东三农新闻联播


农事气象站


乡村季风+种地宝典


专题


农产之美


中国原产递


专题


山东三农新闻联播


中国原产递


农产之美


田间示范秀


乡村季风+种地宝典


山东卫视


国学小名士


国学小名士


午夜剧场


午夜剧场


记住乡愁


早安山东


中华人民共和国国歌


早安山东


乐享食光


情意剧场


情意剧场


大医本草堂


情意剧场


情意剧场


爱家剧场:苍狼


爱家剧场:苍狼


爱家剧场:苍狼


爱家剧场:苍狼


爱家剧场:苍狼


爱家剧场:苍狼


爱家剧场:苍狼


爱家剧场:苍狼


乐享食光


至味山东


齐鲁先锋


山东新闻联播


转播中央台新闻联播


山东天气预报


花漾剧场:人世间(20)


花漾剧场:人世间(21)


最炫国剧风


晚间新闻


馆长来了


馆长来了


山东新闻联播


精英剧场:父母爱情(34)


精英剧场:父母爱情(35)


山东教育


铁道游击队-战后篇


铁道游击队-战后篇


铁道游击队-战后篇


新课堂·健康校园


红色影像馆


孔子大学堂


开放讲堂


教育新闻


中华人民共和国国歌


教育纵深


铁道游击队-战后篇


铁道游击队-战后篇


铁道游击队-战后篇


等着我(重播)


教育新闻


等着我(重播)


真相百分百


等着我(重播)


中国字中国人


美育少年行


等着我(重播)


真相百分百


教育新闻


转播中央台新闻联播


长大啦


师者说


等着我(重播)


孔子大学堂


红色影像馆


结束


山东教育卫视


铁道游击队-战后篇


铁道游击队-战后篇


铁道游击队-战后篇


新课堂·健康校园


红色影像馆


孔子大学堂


开放讲堂


教育新闻


中华人民共和国国歌


教育纵深


铁道游击队-战后篇


铁道游击队-战后篇


铁道游击队-战后篇


等着我(重播)


教育新闻


等着我(重播)


真相百分百


等着我(重播)


中国字中国人


美育少年行


等着我(重播)


真相百分百


教育新闻


转播中央台新闻联播


长大啦


师者说


等着我(重播)


孔子大学堂


红色影像馆


结束


山东生活


中国原产递


乐享银龄


生活帮


生活帮大健康


乐享银龄


生活帮


生活帮大健康


乐享银龄


生活帮


生活帮大健康


乐享银龄


中国原产递


生活帮


专题


剧场


专题


剧场


专题


剧场


专题


生活帮大健康


专题


生活帮


纪录片


广视农场


剧场


专题


剧场


专题


生活帮大健康


专题


乐享银龄


专题


生活帮


生活帮大健康


乐享银龄


国学小名士


生活帮大健康


专题


生活帮


中国原产递


生活帮大健康


山东综艺


快乐向前冲


唱响你的歌


快乐向前冲


唱响你的歌


快乐向前冲


唱响你的歌


专题节目


桃花朵朵开


专题节目


快乐向前冲


专题节目


快乐向前冲


专题节目


唱响你的歌


唱响你的歌


桃花朵朵开


专题节目


快乐好品家


桃花朵朵开


专题节目


快乐好品家


桃花朵朵开


专题节目


快乐向前冲


唱响你的歌


专题节目


桃花朵朵开


专题节目


快乐好品家


快乐向前冲


山东齐鲁


欢乐拍拍购


剧场


剧场


剧场


剧场


一路向前


一路向前


一路向前


小溪办事


每日新闻


专题


剧场


专题


剧场


专题


小溪办事


剧场


拉呱


专题


剧场


专题


剧场


剧场


专题


家乡味道


拉呱


小溪办事


现场直击


每日新闻


剧场


剧场


剧场


剧场


剧场


山西公共


健康朋友圈


我的选择


百家戏苑


上午剧场 孤战迷城(31)


上午剧场 孤战迷城(32)


上午剧场 孤战迷城(33)


上午剧场 孤战迷城(34)


王牌高手


下午剧场 最后征战(11)


下午剧场 最后征战(12)


下午剧场 最后征战(13)


下午剧场 最后征战(14)


我的选择


黄金剧场 黎明前的抉择(32)


黄金剧场 黎明前的抉择(33)


黄金剧场 黎明前的抉择(34)


黄金剧场 黎明前的抉择(35)


10分好微短剧场


王牌高手 重播


山西卫视


热血剧场:新三国


黎明剧场


黎明剧场


黎明剧场


黎明剧场


国乐大典2


清晨剧场


清晨剧场


清晨剧场


记住乡愁2


山西新闻联播


山西天气预报


等着我(重播)


动画片剧场


经典老电影


经典老电影


新闻午报


山西天气预报


下午剧场:五号特工组之偷天换月


下午剧场:五号特工组之偷天换月


下午剧场:五号特工组之偷天换月


下午剧场:五号特工组之偷天换月


下午剧场:五号特工组之偷天换月


山西新闻联播


山西天气预报


转播中央新闻联播


黄金剧场


黄金剧场


发现山西


晚间新闻


热血剧场:新三国


热血剧场:新三国


山西影视


猎杀(18)


大漠苍狼(27)


大漠苍狼(28)


大漠苍狼(29)


战狼·战狼(66)


战狼·战狼(67)


战狼·战狼(68)


边关烽火情(01)


边关烽火情(02)


傻儿传奇(20)


傻儿传奇(21)


傻儿传奇(22)


傻儿传奇(23)


傻儿传奇(24)


我的铁血金戈梦(02)


我的铁血金戈梦(03)


我的铁血金戈梦(04)


我的铁血金戈梦(05)


我的铁血金戈梦(06)


我的铁血金戈梦(07)


猎杀(19)


山西文体生活


健康朋友圈


我的选择


百家戏苑


上午剧场 孤战迷城(31)


上午剧场 孤战迷城(32)


上午剧场 孤战迷城(33)


上午剧场 孤战迷城(34)


王牌高手


下午剧场 最后征战(11)


下午剧场 最后征战(12)


下午剧场 最后征战(13)


下午剧场 最后征战(14)


我的选择


黄金剧场 黎明前的抉择(32)


黄金剧场 黎明前的抉择(33)


黄金剧场 黎明前的抉择(34)


黄金剧场 黎明前的抉择(35)


10分好微短剧场


王牌高手 重播


山西社会与法治


铁血武工队传奇(26)


梅花红桃(28)


梅花红桃(29)


梅花红桃(30)


等着我


生活服务


等着我


生活服务


等着我


生活服务


等着我


生活服务


都市110(重播)


小郭跑腿(重播)


生活服务


等着我


生活服务


等着我


生活服务


等着我


生活服务


穆桂英挂帅(10)


生活服务


穆桂英挂帅(11)


穆桂英挂帅(12)


都市110(首播)


小郭跑腿(首播)


导视


亮剑铁血军魂(1)


亮剑铁血军魂(2)


亮剑铁血军魂(3)


生活服务


等着我


铁血武工队传奇(26)


山西经济


经济30分(重播)


经济30分之看天下(重播)


检修


科学动物园


经济30分(重播)


经济30分之看天下(重播)


潮科技(重播)


生命缘(重播)


一起健康吧(重播)


上午剧场:小妮扛枪(22集)


专题


上午剧场:小妮扛枪(23集)


专题


上午剧场:小妮扛枪(24集)


专题


上午剧场:小妮扛枪(25集)


专题


一起健康吧(重播)


暖暖的味道(重播)


经济30分(重播)


经济30分之看天下(重播)


发现山西(首播)


理论天天学(首播)


下午剧场:穿甲弹(16集)


专题


下午剧场:穿甲弹(17集)


专题


下午剧场:穿甲弹(18集)


专题


下午剧场:穿甲弹(19集)


专题


下午剧场:穿甲弹(20集)


专题


生命缘(首播)


一起健康吧(首播)


经济30分(首播)


经济30分之看天下(首播)


山西新闻联播(首播)


晚间剧场:前途无量(18集)


晚间剧场:前途无量(19集)


晚间剧场:前途无量(20集)


深夜剧场:哈尔滨一九四四(35集)


崇左综合


休闲剧场


休闲剧场


少儿节目


崇左新闻


午间剧场


午间剧场


娱乐现场


少儿节目


新闻联播


广西新闻


崇左新闻


天气预报


黄金剧场


娱乐现场


天气预报


午夜剧场


常州新闻


奇趣大自然


传奇


国歌


常州新闻


人文中国


冷暖人间20分


生活369


社会写真


养生堂


广告专题


联播常州


广告专题


常州新闻


广告专题


世界多美丽


活力剧场1


活力剧场2


广告专题


动画片


联播常州


我是大医生


广告专题


节目预告


奇趣大自然


人文中国


常州新闻


转播央视新闻联播


天气预报


黄金剧场(1)


黄金剧场(2)


常州新闻


常州高新区新闻


联播常州


生活369


社会写真


结束


平顶山1新闻综合


实事点击


电视剧


电视剧


电视剧


平顶山下午


民情民生


电视剧


电视剧


电视剧


楼市星空


新闻联播


平顶山新闻


天气预报


实事点击


黄金剧场


黄金剧场


平顶山新闻


天气预报


民情民生


电影


平顶山2城市


探索发现


城市1时间


荧屏导视


动漫驿站


卡通蹦蹦蹦


城市1时间


电视剧


天气预报


电视剧


电视剧


天气预报


栏目


电影


平顶山3公共


公共播报


上午剧场


公共播报


电影


下午剧场


公共播报


公共新闻网


公共播报


天气预报


合家欢剧场


合家欢剧场


重平新闻


楼市星空


广东4K超


纪录片


综艺荟


赛事直击


十分精彩


动画片


时尚生活


综艺荟


赛事直击


纪录片


综艺荟


不可思议的中国


十分精彩


4K剧场四集连播


动画片


纪录片


十分精彩


极致美味


综艺荟


4K剧场四集连播


广东卫视


全球零距离


老广的味道


老广的味道


老广的味道


老广的味道


老广的味道


早间天气预报


重播广东新闻联播


广东新闻联播


动画片剧场


上午剧场:刀客家族的女人(38)


上午剧场:刀客家族的女人(39)


上午剧场:刀客家族的女人(40)


上午剧场:刀客家族的女人(41)


上午剧场:刀客家族的女人(42)


下午茶剧场:天狼星行动(39)


下午茶剧场:天狼星行动(40)


下午茶剧场:天狼星行动(41)


下午茶剧场:天狼星行动(42)


下午茶剧场:天狼星行动(43)


下午茶剧场:天狼星行动(44)


下午茶剧场:天狼星行动(45)


广东新闻联播


广东天气预报


转播中央台新闻联播


活力剧场:雪迷宫(17)


活力剧场:雪迷宫(18)


晚间新闻


广交天下


晚间剧场


晚间剧场


广东影视


剧无霸经典剧场:奋勇向前(37-39)


午夜剧场


醒晨剧场:奋勇向前(34-36)


醒晨剧场:劫中劫(40-41)生死线(1)


午间大强档:燃烧(46-47)激战(1-4)


剧无霸前战剧场:地雷战(26-28)


有请大医生


剧无霸剧场:热血勇士(42-46)


广东电影报道+有请大医生


剧无霸经典剧场:奋勇向前(40-42)


广元公共


大话利州(重播)


记录中国(重播)


广元生活帮(重播)


电视剧(每集)


大话利州(重播)


记录中国(重播)


有一说一(重播)


广元生活帮(重播)


电视剧


记录中国(重播)


有一说一(重播)


大话利州(首播)


法在身边(首播)


记录中国(首播)


有一说一(首播)


广元生活帮(首播)


天气预报(首播)


人在旅途(首播)


老鹰嘴茶话(首播)


风云汇(首播)


大话利州(重播)


记录中国(重播)


天气预报(重播)


广元生活帮(重播)


风云汇(重播)


有一说一(重播)


广元新闻综合


直通县区(重播)


说天气(重播)


走进开发区(重播)


说一不二(重播)


广元新闻(重播)


第一房产(重播)


新闻点击(重播)


相约看天下(重播)


直播县区(重播)


经济信息联播(重播)


汽车帮(重播)


说一不二(重播)


新闻点击(重播)


第一房产(重播)


汽车帮(重播)


直通县区(重播)


经济信息联播(重播)


相约看天下(重播)


广元新闻(重播)


新闻点击(重播)


走进开发区(重播)


动画片(首播)


经济信息联播(重播)


第一房产(重播)


汽车帮(重播)


直通县区(重播)


说一不二(重播)


经济信息联播(重播)


广元新闻(重播)


第一房产(重播)


汽车帮(重播)


直通县区(重播)


走进开发区(重播)


新闻点击(重播)


相约看天下(重播)


走进开发区(重播)


直通县区(重播)


第一房产(重播)


汽车帮(重播)


新闻快报


说一不二


新闻点击


转中央台《新闻联播》


广元新闻


说天气


新闻快报


相约看天下


汽车帮


新闻快报


经济信息联播


说天气(重播)


第一房产


走进开发区


直通县区


汽车帮(重播)


新闻快报


广元新闻(重播)


第一房产(重播)


新闻点击(重播)


经济信息联播(重播)


相约看天下(重播)


广州新闻


第一现场


G4出动


爱上纪录片


粤夜粤娱乐


G4出动


第一现场


家庭生活资讯


G4出动


经济新闻


第一现场


城市话题


爱上纪录片


广州正点


家庭生活资讯


广州正点


快乐旅行


城市话题


广州正点


G4出动


粤夜粤娱乐


警视


爱上纪录片


广州正点


广州正点


家庭生活资讯


广州正点


自然好健康


广州正点


健康有名堂


G4出动


城市话题


第一现场


警视


G4出动


广州正点


粤夜粤娱乐


广州正点


爱上纪录片


城市话题


广州竞赛


体坛点击


今日睇弹


足球粤势力


体育赛事


世界体育


缤纷生活街专题


平安跑世界


足球粤势力


今日睇弹


竞赛快讯


体育赛事


竞赛快讯


体育赛事


竞赛快讯


缤纷生活街专题


今日睇弹


体育赛事


缤纷生活街专题


体育赛事


今日睇弹


体坛点击


中甲精华


体育赛事


世界体育


德甲精华


昆仑决


广州综合台


剧场


中国城市报道


经济新闻


真情追踪


凡事有得倾


最街拍档


真情追踪


今日报道


广州早晨


剧场


讲东讲西


凡事有得倾


午间新闻


中国城市报道


剧场


府前直通车


最街拍档


揾食珠三角


广视指数


广视新闻


转播中央台新闻联播


剧场


今日报道


剧场


夜间新闻


经济新闻


真情追踪


广西卫视


传奇剧场:阵地


第1书记


静屏


百寿探秘


海丝路


壮语新闻


广西新闻


广西旅游天气预报


广西海洋预报


中华人民共和国国歌


纪录中国故事


动画片剧场


重温经典电影


重温经典电影


索芙特剧场:伪装者(36)


索芙特剧场:伪装者(37)


索芙特剧场:伪装者(38)


索芙特剧场:伪装者(39)


索芙特剧场:伪装者(40)


索芙特剧场:伪装者(41)


海丝路


广西天气预报


广西新闻


新闻联播


美丽剧场:侦察英雄(21)


美丽剧场:侦察英雄(22)


民族文化


时尚中国


传奇剧场:阵地


传奇剧场:阵地


广西影视


老友一家亲(精选)


检修


早安剧场 电视剧


早安剧场 电视剧


剧场 电视剧


阳光剧场 44集 生死迷情(11)


阳光剧场 44集 生死迷情(12)


阳光剧场 44集 生死迷情(13)


剧场 46集 雪豹特战队(28)


轻松剧场 46集 雪豹特战队(29)


轻松剧场 46集 雪豹特战队(30)


轻松剧场 46集 雪豹特战队(31)


轻松剧场 42集 浪花淘尽(6)


剧场 42集 浪花淘尽(7)


剧场 46集 雪豹特战队(32)


活力剧场 46集 雪豹特战队(33)


活力剧场 46集 雪豹特战队(34)


活力剧场 46集 雪豹特战队(35)


温馨剧场 38集 孤胆勇士(32)


温馨剧场 38集 孤胆勇士(33)


温馨剧场 38集 孤胆勇士(34)


广西新闻


壮语新闻(重播)


准点直播间(重播)


海丝路(重播)


关机检修


准点直播间(重播)


广西新闻(重播)


经济新观察(重播)


新闻在线(重播)


准点直播间(重播)


壮语新闻


海丝路(重播)


经济新观察(重播)


在线大搜索(重播)


正午播报(直播)


在线大搜索(重播)


广西新闻(重播)


新闻在线(重播)


正午播报(重播)


在线大搜索(重播)


新闻在线(重播)


壮语新闻(重播)


经济新观察(重播)


准点直播间(直播)


在线大搜索(直播)


新闻在线(直播)


广西新闻


经济新观察


在线大搜索(重播)


海丝路(重播)


广西新闻(重播)


广西综艺旅游


法治最前线(1月20日)


结束


法治最前线(1月20日)


广西故事(1月21日)


走进原产地


上午剧场:24集电视剧:英雄敢死连(2-4)


广西民品


法治最前线(1月20日)


下午剧场:29集电视剧:一触即发(11-12)


广西民品


下午剧场:29集电视剧:一触即发(13)


走进原产地


下午剧场:29集电视剧:一触即发(13)


广西民品


下午剧场:29集电视剧:一触即发(14-16)


法治最前线(1月21日)


畅游天气(1月21日)


第一剧场:36集电视剧:尖锋行动队(6-8)


经典剧场:26集电视剧:枪王对决(21-24)


广西都市


幸福剧场:40集电视剧:玉海棠(5)


重播:一起向未来


设备检修


重播:都市情缘


重播:一起向未来


阳光剧场:79集电视剧:大秧歌(64-69)


重播:健康广西


重播:八桂之窗


午间剧场:56集电视剧:一言九鼎(44-46)


重播:都市情缘


生活剧场:48集电视剧:燕女侠传奇(34-36)


一起向未来


都市情缘


天气,点点看
情感剧场:48集电视剧:燕女侠传奇(37-39)


重播:天气,点点看
幸福剧场:40集电视剧:玉海棠(6)


幸福剧场:40集电视剧:玉海棠(7)


康巴卫视


康巴卫视新闻·(藏语)重播


康巴剧场


康巴欢乐汇英文版


云丹学科技(藏语汉文)


频道主题曲.(汉语)


央视新闻联播·(藏语)重播


康巴卫视新闻·(藏语)重播


拉姆报天气白天版


科普文化专题.藏语重播


主题MV展播


康巴讲坛(藏语汉文)


康巴剧场(藏语汉文影视剧)


科普文化专题


拉姆报天气白天版


康巴欢乐汇(汉语)重播


频道主题曲(藏语)


央视新闻联播摘要(重播)


康巴卫视新闻(重播)


拉姆报天气白天版


动画城重播.(藏语)重播


康巴剧场(上午)


快乐汉藏语重播


康巴讲坛(藏语汉文)


周末大舞台(重播)


藏歌金曲.(藏语)重播


央视新闻联播.(藏语)重播


康巴卫视新闻.(藏语)重播


康巴欢乐汇(藏语版).重播


康巴剧场(下午)


云丹学科技(藏语汉文)


科普文化专题.双语首播


动画城.藏语


拉姆报天气·首播


康巴欢乐汇(藏语)首播


快乐汉藏语·首播


藏歌金曲·首播


康巴剧场.藏语汉文


央视新闻联播·(藏语)首播


康巴卫视新闻·(藏语)首播


拉姆报天气·(藏语)重播


法制明镜(首播藏语汉文)


康巴欢乐汇(汉语)首播


拉姆报天气·(藏语)重播


央视新闻联播·(藏语)重播


延边1台


译制之窗


每周一歌


延边新闻(汉)


经济与生活(朝)


早间剧场


上午剧场


延边新闻(朝)


下午剧场


影视纪


动画片


我们的花园


每周一歌


延边新闻(朝)


黄金剧场


经济与生活(汉)


延边新闻(汉)


电视剧场


延边新闻(朝)


新闻联播(朝)


延边2台


早间专题


新地产


天南地北延边人


延边形象片


天气预报白天


理财新时尚


剧场


专题


综艺一


剧场


专题


综艺二


专题一


风采车族


生活与法


身边


关注


剧场


身边


关注


延边新闻


理财新时尚


生活与法


天气预报晚间


新地产


延边卫视


译制剧


汉字宫


看神州


每周一歌


延边卫视新闻(朝)


韩国料理教室


译制剧


今日世界(朝)


韩国料理教室


下午剧场:伪装者


动画片


我们的花园


汉字宫


今日世界(朝)


生活广角


韩剧


译制剧


延边卫视新闻(朝)


看神州


中央电视台新闻联播(朝)


晚间剧场


开封1新闻综合


我家有喜


净化生活


第一视点


财经直通车


下午剧场


房产新干线


美食开封


开封新闻


转播中央新闻联播


菊城报道


开封天气预报


第一视点+315


房产新干线


开封新闻(重播)


晚间开封天气预报


晚间关注


晚间菊城报道


徐州文艺影视


开机广告


第一消费


第一房产


上午剧场


第一消费


下午剧场


动画片


快乐成长


快乐剧场


徐州教育


快乐成长


精品影院


徐州新闻综合


开机宣传片


徐州新闻(复播)


家庭剧场


直播徐州


家庭剧场


直播徐州


徐州新闻


天气预报


中央新闻联播


情义剧场


天气预报


徐州夜新闻


徐州经济生活


开机宣传片


联播徐州


张慧帮你问


情感剧场


情感剧场


电视门诊


张慧帮你问


百姓剧场


天气预报


名医大课堂


第一房产


第一消费


徐州梦想家


快乐垂钓


第五届CFL复赛


我们的征途:椰乡自由行(下)


寻找巨物:宜春野钓巨物(上)


寻找巨物:宜春野钓巨物(下)


垂钓学院:寒冬钓鲫抓弱口


第三届黑坑拉力赛八强晋级赛


热血钓客:江苏站(下)


快乐垂钓商城会员日


垂钓学院:冬季野钓巧用线


就这样钓鱼:巧用搓饵钓大鲫


就这样钓鱼:低温天钓鲫选位


快乐垂钓商城会员日


第五届CFL复赛


我们的征途:西沙北礁行(上)


寻找巨物:宜春野钓巨物(上)


垂钓学院:冬季野钓巧用线


就这样钓鱼:巧用搓饵钓大鲫


就这样钓鱼:低温天钓鲫选位


快乐垂钓商城会员日


第三届黑坑拉力赛八强晋级赛


热血钓客:江苏站(下)


揭阳生活


休台


开台曲


故宫100


揭阳新闻


第一声枪响(41)


第一声枪响(42)


民生热线


第一声枪响(43)


潮剧:乡里曲间4(8)


风味揭阳(108)


潮剧:龙井渡头


冰雪尖刀连(22)


冰雪尖刀连(23)


冰雪尖刀连(24)


西游记的故事(44)


西游记的故事(45)


川味1(13)


民生热线


第一声枪响(44)


潮剧:乡里曲间3(6)


揭阳新闻


爱健康(35)


第一声枪响(45)


第一声枪响(46)


闭台曲


揭阳综合


休台


故宫100


中华人民共和国国歌


追风者(25)


追风者(26)


太行英雄传(34)


太行英雄传(35)


太行英雄传(36)


揭阳新闻


民生热线


南洋女儿情(9)


南洋女儿情(10)


南洋女儿情(11)


南洋女儿情(12)


南洋女儿情(13)


南洋女儿情(14)


少年苏东坡传奇(5)


少年苏东坡传奇(6)


广东新闻联播


转播中央台新闻联播


揭阳新闻


天气预报,县区之窗
爱健康(35)


法润未来(32),追风者(27)
民生热线


追风者(28)


了不起的匠人


揭阳新闻


闭台曲


攀枝花新闻综合


《晚安》停播


精彩节目


攀枝花政法


电视剧剧场


重播攀枝花新闻联播


重播新闻天天看


电视剧剧场


动画片剧场


新闻天天看


全国新闻联播 转播


攀枝花新闻联播


天气预报


阳光问廉(直播)


真相30分


电视剧剧场


攀枝花新闻联播 重播


天气预报


新乡2公共


都市红绿灯


小郝和你聊


警世剧场


新视直通车


第一消费


午间精彩影院


午间剧场


正义剧场


走进新农村


生活天气预报+第一消费


新视直通车


法制剧场


新视直通车


法制中国


精选剧场


新乡3影视


养生一点通


生活魔法师+健康第一线+中国旅游+电视购物


影视界


影视精品屋


娱乐现场+影视纪+最佳现场+市井传奇+史料未及


影视界+电视购物


生活魔法师


小神龙俱乐部


养生一点通


音乐风云榜+生活天气预报


娱乐现场


最佳现场


影世纪+生活天气预报


影视精品屋


市井传奇


史料未及


新乡4生活


第一消费


新乡房产报道


中国旅游


快乐星期八


新乡大民生


回味剧场


新乡大民生


房产报道+健康第一线


回味剧场


新乡房产报道


百姓剧场


生活天气预报


房产报道


新乡大民生


直播新乡


生活天气预报


生活剧场


新乡大民生


新余公共


重播直播新余


都市气象,指南,测试图
早专题


电视剧


重播昨日新余新闻


重播警方在线,重播高新区新闻
电视剧


电视剧


电视剧


重播昨日直播新余,重播分宜新闻,重播警方在线
电视剧


重播昨日新余新闻


电视剧


电视剧


新电影传奇


直播新余


分宜新闻


电视剧


首播警方在线,重播高新区新闻
电视剧


首播新余新闻


直播新余


首播警方在线


电视剧


电视剧


网罗天下


新余新闻综合


新华纵横


天气预报


早间专题


重播昨日新余新闻


重播昨日直播新余


重播昨日房产视界


电视剧


电视剧


电视剧


重播昨日新余新闻


重播昨日直播新余


重播昨日房产视界


电视剧


电视剧


电视剧


电视剧


市井传奇


动画片


天气预报


新闻联播


新余新闻(首播)


直播新余


电视剧


电视剧


网罗天下


重播新余新闻


房产视界


电视剧


新片放映厅


密探之黑白局


密使


绝密追击


突围


陀螺女孩


乌蒙奇缘


京都风云


醉剑侠


梦回金鸡岭


冰下的鱼


浴血阻击


无名刀


缉仇


最后一次审判


密探之黑白局


密使


新疆卫视


新闻夜班车


真实纪录


新疆味道


奔腾岁月(14)


奔腾岁月(15)


奔腾岁月(16)


新疆·面孔


真实纪录


暗夜与黎明(14)


暗夜与黎明(15)


暗夜与黎明(16)


中华人民共和国国歌


新疆新闻联播


今日聚焦


真实纪录


闯关东(10)


闯关东(11)


闯关东(12)


闯关东(13)


新闻午报


西北岁月(2)


西北岁月(3)


西北岁月(4)


动画片


新疆·面孔


转播中央台新闻联播


新疆新闻联播


今日聚焦


哈尔滨一九四四(37)


哈尔滨一九四四(38)


新疆新闻联播


天气预报


五星耀中华2


新疆汉语影视


天气预报


经典影院


午夜影院


看电影


生活影院


新电影传奇


青春影院


新疆羊肉串百姓剧


新电影传奇


看电影


新疆羊肉串百姓剧


钻石影院I


钻石影院2


新疆汉语综艺


翡翠剧场:(38集)二叔(14-17)不设置回看


真实纪录(2823)


致富田园(421)


我们都是追梦人特别节目新疆面孔(47)


五星耀中华第二季(1)


真实纪录(2824)


经典剧场:(36集):关于唐医生的一切(1-4)不设置回看


行走山水间(101)


2026年1月20日直播民生


经典剧场:(36集):关于唐医生的一切(5-8)不设置回看


致富田园(421)


我们都是追梦人特别节目新疆面孔(46)


专题片:《国宝时刻》(21)


2026年1月21日直播民生(正播)


2026年1月21日天气预报地面(正播)


翡翠剧场:(38集)二叔(18-21)不设置回看


无锡娱乐


骊歌行 11


悦谈


明珠戏苑


五星剧场:冰雪尖刀连 14-15


青春剧场:骊歌行 10-11


童心童梦


阿福聊斋


大道薪火 16-17


悦谈


健康好生活


纪录片


尚食 22-23


骊歌行 12


无锡生活


电视剧:壮丁也是兵 14-15


扯扯老空


冷暖人生


健康好生活


冷暖人生


电视剧:用一生去爱你 13-15


欢乐耍大牌


动画片:熊熊帮帮团II 8-9


电视剧:大盛魁 18-19


健康好生活


悦谈


第一看点


扯扯老空


冷暖人生


电视剧:左手劈刀 3-4


记录片


无锡经济


养老保健操


扯扯老空


阿福聊斋


无锡财税


悦谈


第一房产


一访定心


阿喜帮忙


纪录片


健康好生活


第一看点


扯扯老空


第一房产


今晚60分


芳华剧场:都挺好 29-30


锡企-潮立太湖


联播无锡


扯扯老空


第一看点


锡企·潮立太湖湾


联播无锡


非常剧场:金水桥边 11-13


日照新闻综合


形象片节目预告


社会零距离(重播4)


日照新闻(重播4)天气预报


消费与法魅力日照


电视剧


社会零距离


日照新闻


电视剧


都市欢乐汇


阳光地带


转播山东新闻联播


转播中央新闻联播


日照新闻


社会零距离


电视剧


百姓生活


社会零距离


日照新闻


电视剧


日照科教


大众健康


金融日照


阳光旅游


日照生活帮


剧场


榜样


日照生活帮


阳光旅游


金融日照


今日楼市


设计家


吃在日照


爱上车生活


剧场


大众健康


日照生活帮


金融日照


阳光旅游


剧场


今日楼市


设计家


吃在日照


爱上车生活


大众健康


日照生活帮


金融日照


剧场


大众健康


今日楼市


吃在日照


日照财经


阳光旅游


日照生活帮


日照财经


大众健康


天气预报


日照生活帮


阳光旅游


剧场


星光影院


经典影院


经典影院


经典影院


经典影院


经典影院


经典影院


经典影院


星空购物


星空购物


星空购物


星空购物


星空购物


星空购物


星空购物


星空购物


星空购物


星空购物


星空购物


星空购物


星空购物


星空购物


星空购物


星空购物


星空购物


星空购物


星空购物


星空购物


星空购物


星空购物


星空购物


星空购物


来宾综合


来宾新闻(重),天气预报(重)
奋斗


中国股市报告


晨曲,节目预告,纪实60分
来宾新闻(重播)


大剧场


来宾新闻(重播),衣食住行
健康第一线,桂中楼事
中国旅游


美味人生


在路上


国际时尚汇


动漫在线


古聊古去


衣食住行


桂中楼事


中央新闻联播(转播)


广西新闻(转播)


来宾新闻,天气预报
政府在线


中国旅游


影视界


大剧场


法治中国


杭州导视


晚间剧场


晚间剧场


深夜剧场


深夜剧场


深夜剧场


蓝步海豚


凌晨剧场


凌晨剧场


凌晨剧场


上午剧场


上午剧场


上午剧场


上午剧场


午间剧场


午间剧场


午间剧场


午间剧场


下午剧场


下午剧场


下午剧场


下午剧场


休闲剧场


休闲剧场


休闲剧场


黄金剧场


黄金剧场


黄金剧场


黄金剧场


午间剧场


午间剧场


杭州影视


剧场


武林红毯秀


健康起义


剧场


大牌价到294


房产零距离


剧场


大牌价到


装修面对面


剧场


我们退休了


爱影者联盟


剧场


武林红毯秀


健康起义


今日新看点


装修面对面


房产零距离


今日汽车


晚会:2017我是星主播(4)上


杭州房产


杭州房产报道


爱上家居


王牌设计师


房产开讲


杭州房产报道


66看房车


天生有我材


静屏


杭州房产报道


66看房车


房产开讲


由法来说房


爱尚家居


王牌设计师


杭州房产报道


爱上家居


由法来说房


杭州房产报道


装修深一度


杭州房产报道


66看房车


房产开讲


天生有我材


杭州房产报道


装修深一度


爱上家居


王牌设计师


装修深一度


天生有我材


杭州房产报道


由法来说房


房产开讲


杭州房产报道


爱上家居


王牌设计师


天生有我材


房产开讲


杭州房产报道


房产开讲


66看房车


由法来说房


装修深一度


杭州房产报道


66看房车


爱上家居


王牌设计师


房产开讲


66看房车


杭州房产报道


天生有我材


杭州房产报道


66看房车


房产开讲


由法来说房


爱上家居


房产开讲


66看房车


杭州文化


爱尚生活


济公说故事


剧场


剧场


时尚风云榜


影视风云榜


娱乐现场


奥秘


韩国反转剧


快乐厨房


戏曲大舞台


莲花剧场


中国股市报道


电视剧


杭州生活


栏目


栏目


我和你说


栏目


家装第一线


栏目


下沙资讯


栏目


开心大玩家(竞技版)


栏目


大家一起搨便宜


栏目


今日汽车


房产零距离


栏目


新农村气象


生活1直播


市民监督团


生活气象站


大家一起搨便宜


领我吃呀


生活大参考


做给你看


我和你说


亲爱的宝贝


开心大玩家(竞技版)


家装第一线


生活气象站


大家一起搨便宜


Q汽车房产栏目前


今日汽车


房产零距离


杭州综合


直播12345


装修有一套


今日汽车


房产零距离


周二设备检修


早间气象


健康生活早知道(上)


早间气象


健康生活早知道(下)


杭州新闻联播


新闻60分


火警119


民情观察室


健康朋友圈


直播12345


装修有一套


晚会:我是星主播第四场


健康朋友圈


新闻60分


杭州气象


新闻联播


杭州新闻联播


今日关注


民情观察室


财经第一线


剧场


装修有一套


今日汽车


房产零距离


健康朋友圈


杭州西湖明珠


房产零距离


开心茶馆


今日最大牌


阿六头说新闻


和事佬


金刚说装修


剧场


剧场


剧场


剧场


更杭州更西湖


金刚说装修


明珠新闻


和事佬


开心茶馆


今日最大牌


阿六头说新闻


更杭州更西湖


乐檬少年功


财经家


房产零距离


剧场


剧场


松原综合


专题讲座


电视剧场


养生堂栏目


松原新闻


百姓零距离


专题讲座30分


社会关注


健康话题


专题讲座


电视剧


开心综艺


健康之路


健康讲座30分


电视剧


同心健康


电视剧


电视剧


少儿节目


百姓零距离


新闻联播


沃野三农


松原新闻


天气预报


电视剧


电视剧


松原新闻


百姓零距离


精典剧场


柳州新闻综合


晨曲


柳州新闻(重播)


纪录中国(重播)


爱我生活(重播)


健康人生(重播)


记者再报告(重播)


新闻夜视(重播)


方圆之间(重播)


新播报(重播)


社会档案(重播)


柳州新闻(重播)


车之友(重播)


楼市(重播)


记者再报告(重播)


经典剧场


传奇


纪录中国(重播)


记者再报告


广西新闻


新闻联播


柳州新闻


方圆之间


社会档案


新闻夜市


纪录中国


柳州新闻(重播)


新播报


梅州-1


重播《梅州新闻联播》


重播《全省新闻联播》


明晚节目预告


节目预告


重播(普话)《梅州新闻联播》


娱乐现场


今日梅州(普语)


重播昨晚《财富》


重播《民生820》


中午天气预报


电视剧


动画片


今日梅州(普语)


《财富》


天气预报


转播《中央台新闻联播》


天天读网


事事关心


梅州新闻联播


民生820


电视剧


事事关心


重播《民生820》,天气预报
赚翻天


人文剧场


长江视野


赚翻天


快乐一家


经典剧场


长江视野


走读江南


长江剧场


你好,江苏
走读江南


杨澜访谈录(重播)


纪录


长江剧场


江苏城市


江南文脉


人间真情


相亲相爱


零距离


谢谢你来了


新城市客厅


剧情抢先看


相亲相爱


谢谢你来了


新城市客厅


约见名医


新城市资讯


食色生香


零距离


老开心啦


约见名医


明理说法


风吹半夏(11)


风吹半夏(12)


相亲相爱


结束


江苏影视


星落凝成糖


星落凝成糖


星落凝成糖


河山


反人类暴行


反人类暴行


欢喜一家人


面具


面具


面具


面具


面具


面具


齿轮上的时空糖


星落凝成糖(20)


星落凝成糖(21)


星落凝成糖(22)


反人类暴行(3)


反人类暴行(4)


反人类暴行(5)


结束


江苏综艺


综艺能量站


情感驿站之等着我(重播)


美好生活荔枝帮


综艺能量站


美好生活荔枝帮


缘来不晚


为爱转身


震撼一条龙


情感驿站之等着我(重播)


黑白局(12)


黑白局(13)


结束


江西公共农业


经典剧场


爱在旅途


好剧连连看


谈讬


新闻晚高峰


目击者


好剧直通车


夜来香


午夜剧场


江西卫视


自办栏目


晨曲


晨光剧场


纪录片栏目


中华人民共和国国歌


江西新闻联播


动画片


美味人生


上午剧场


食不相瞒


金牌调解(重播)


下午剧场


社会传真


江西新闻联播


转播中央台新闻联播


我是刑警


传奇故事


金牌调解


新闻夜航


精品剧场


江西少儿


缤纷剧场


动画片


哈尼动画


哈尼电影专场


童星梦工厂


动画片


动画片


动画片


哈尼亲子剧场


健康365


江西新闻


票房影院


上午剧场


大幕追击


欢乐逗地主


下午剧场


经典影院


第一地产


黄金剧场


大幕追击


票房影院


经典影院


江西移动


剧场


剧场


剧场


剧场


剧场


我的天呐


赣闻周刊


专题节目


行走江西


早间剧场


早间剧场


医药探秘


传奇剧场


传奇剧场


传奇剧场


传奇剧场


医药探秘


经典永恒


专题节目


钻石剧场


钻石剧场


经典永恒


夜剧场


夜剧场


结束


江西经济生活


航拍江西


经典剧场


午间解盘


情感剧场


天天健康


经视播报


财富故事


航拍江西


热播剧场


纪录中国


尖峰剧场


江西都市


通宵剧场六集连播


《都市现场》60分钟精编版(重播)


《快乐生活一点通》


《e早晨报》60分钟直播版块


精选剧场四集连播


《地宝当家》(重播)


《都市60分》60分钟直播版块


《谁是赢家》


女性剧场三集连播


《快乐生活一点通》精编版


《地宝当家》


《都市现场》90分钟直播版块


《都市情缘》


《晚间800》


《都市剧场》黄金剧(第1集)


《都市剧场》黄金剧(第2集)


《拍案》


江西新闻联播(重播)


都市晚剧场


江门综合


世界多美丽


剧场


江门新时空


财经速递


剧场


圈中人


剧场


剧场


剧场


健康江门


转播中央新闻联播


合家欢剧场


新闻共同睇


江门新时空


侨都气象


科普大篷车


汽摩


开始


爱车小百科


名车欣赏


爱车帮你问


名车欣赏,越野路书
名车欣赏


关机版


GO时尚


爱车小百科


名车欣赏


第1眼汽车


爱车小百科


名车欣赏


爱车小百科


汽摩竞技场


名车欣赏


爱车小百科


爱车聊天室


爱车小百科


名车欣赏


爱车帮


爱车小百科


名车欣赏


爱车帮


爱车小百科


名车欣赏


爱车帮你问


爱车小百科


名车欣赏


68号车探


爱车小百科


名车欣赏


爱车具乐部


爱车小百科


名车欣赏


越野路书


爱车小百科


名车欣赏


爱车聊天室


名车欣赏


爱车小百科


爱车具乐部


爱车小百科


名车欣赏


爱车帮你问


爱车小百科


名车欣赏


第1眼汽车


爱车小百科


名车欣赏


爱车小百科


爱车帮


名车欣赏


爱车小百科


68号车探


名车欣赏


爱车小百科


爱车帮


名车欣赏


爱车小百科


爱车聊天室


名车欣赏


爱车小百科


爱车帮


爱车小百科


名车欣赏


越野路书


爱车小百科


名车欣赏


第1眼汽车


爱车小百科


名车欣赏


爱车帮


爱车小百科


名车欣赏


GO时尚


爱车小百科


名车欣赏


爱车帮你问


爱车小百科


名车欣赏


爱车具乐部


爱车小百科


名车欣赏


汽摩竞技场


名车欣赏


爱车小百科


第1眼汽车


爱车小百科


名车欣赏


爱车具乐部


爱车小百科


名车欣赏


爱车聊天室


名车欣赏


爱车小百科


爱车帮


爱车小百科


名车欣赏


越野路书


爱车小百科


名车欣赏


爱车帮


爱车小百科


名车欣赏


爱车帮你问


爱车小百科


名车欣赏


GO时尚


爱车小百科


名车欣赏


汽摩竞技场


名车欣赏


爱车小百科


爱车具乐部


爱车小百科


名车欣赏


爱车帮


爱车小百科


名车欣赏


爱车聊天室


名车欣赏


爱车小百科


爱车帮


爱车小百科


名车欣赏


爱车帮


爱车小百科


名车欣赏


爱车小百科


第1眼汽车


爱车小百科


名车欣赏


爱车帮


爱车小百科


名车欣赏


爱车帮你问


爱车小百科


名车欣赏


爱车聊天室


名车欣赏


第1眼汽车


68号车探


爱车小百科


名车欣赏


越野路书


爱车小百科


名车欣赏


爱车帮


GO时尚


爱车小百科


名车欣赏


汽摩竞技场


名车欣赏


爱车帮


爱车帮


爱车小百科


名车欣赏


爱车聊天室


名车欣赏


第1眼汽车


爱车小百科


名车欣赏


68号车探


结束


河北公共


纪录片


新闻6号线(重)


美丽河北(直)


白天剧场:康熙王朝


乐享河北(重)


美丽河北(直)


白天剧场:康熙王朝


新闻6号线(直)


中央新闻联播


河北新闻联播(重)


乐享河北(首)


经典剧场:打狗棍


你好京津冀(重)


河北农民


三农最前线 (重)


农博士在行动(重)


精彩十分


精彩十分


热播剧场:娘道


三农最前线(重)


热播剧场:娘道


热播剧场:娘道


热播剧场:娘道


热播剧场:娘道


热播剧场:娘道


非常帮助


农博士在行动


热播剧场:勇敢的心


热播剧场:勇敢的心


热播剧场:勇敢的心


热播剧场:勇敢的心


热播剧场:勇敢的心


非常关注(直)


和美剧场:九丹30.31.32


三农最前线


非常帮助(重)


非常关注(重)


农博士在行动(重)


河北卫视


天气预报


午夜剧场


午夜剧场


午夜剧场


穿越经典


家政女皇


中华好家风


清晨剧场


清晨剧场


燕赵传奇


河北天气预报


中华人民共和国国歌


冀时全播报


美丽河北慢直播


动画片


经典剧场:父母爱情(35)


经典剧场:父母爱情(36)


经典剧场:父母爱情(37)


经典剧场:父母爱情(38)


经典剧场:父母爱情(39)


情感剧场:父母爱情(41)


情感剧场:父母爱情(42)


情感剧场:父母爱情(43)


情感剧场:父母爱情(44)


情感剧场:父母爱情(45)


家政女皇


河北新闻联播


河北天气预报


转播中央台新闻联播


民生剧场:绝密较量(24)


民生剧场:绝密较量(25)


哈喽伙计


向上吧生活


美丽新风尚


你好京津冀


河北少儿科教


动漫新鲜爆


哈哈家庭秀


动漫新鲜爆


哈哈家庭秀


家庭剧场


哈哈家庭秀


家庭剧场


哈哈家庭秀


动漫新鲜爆


成长


哈哈家庭秀


成长


哈哈家庭秀


生活剧场


河北影视


电影


幸福剧场


影视欢乐送


有缘天空


幸福剧场


老有乐


幸福剧场


精彩剧场


午夜剧场


河北经济


剧场


剧场


今日资讯


小吴来帮忙


第一剧场


今日财经


经典剧场


河北都市


重播栏目


重播栏目


电视剧


都市315


非常大牌午间版


电视剧:


非常大牌精编版


科创河北


电视剧:人世间49-52


名医来了


好运伴你行


非常大牌


河南公共


百姓·调解


医生说


百姓·调解


导视


健康家园


百姓·调解


正说家装


百姓·调解


一拍即合


百姓·调解


百姓315


百姓观察


调解夜事


中国扑克牌王擂台赛


河南卫视


武林风(重播)


记住乡愁


梨园春


梨园春


梨园春


深夜剧场


深夜剧场


深夜剧场


闻达天下


中华人民共和国国歌


河南新闻联播


梨园春天天看


动画片剧场


晨光剧场:宰相刘罗锅(37)


晨光剧场:宰相刘罗锅(38)


午间天气预报


河南午间报道


大象健康


阳光剧场:济公游记


阳光剧场:济公游记


阳光剧场:济公游记


阳光剧场:济公游记


阳光剧场:济公游记


阳光剧场:济公游记


聚焦中原


河南天气预报


河南新闻联播


河南天气预报


新闻联播


出彩剧场


出彩剧场


老家的味道


晚间剧场


晚间剧场


晚间剧场


武林风精编版(重播)


河南新农村


夺宝之王


穿越经典


东方电影报道


乡音剧场


乡音剧场


9号直播间


全省县市新闻联播


精彩剧场


电影


电影


河南新闻


新闻365


探秘天下


风云百年


探秘天下


新闻365


天天养生


探秘天下


聚焦


风云百年


新闻365


新闻60分


河南新闻联播


探秘天下


天天养生


聚焦


探秘天下


新闻365


新闻60分


传承


探秘天下


风云百年


探秘天下


天天养生


探秘天下


风云百年


探秘天下


传承


天天养生


聚焦


新闻365


河南环境攻坚进行时


探秘天下


河南新闻联播


新闻60分


新闻365


传承


风云百年


探秘天下


河南民生


剧场


节目结束


小莉帮忙大参考


乐淘天下


上午剧场


乐淘天下


上午剧场


乐淘天下


大象直播间


乐淘天下


下午剧场


下午剧场


乐淘天下


下午剧场


乐淘天下


下午剧场


乐淘天下


下午剧场


香香美食精华版


小莉帮忙大参考


香香美食


双升英雄会


剧场


河南法治


安全+


晓辉在路上


生活帮


法在中原


生活帮


剧场


生活帮


法治现场


生活帮


程云说事


生活帮


晓华探案


生活帮


安全+


晓辉在路上


法治现场


剧场


安全+


生活帮


程云说事


河南电视剧


惊险剧场


惊险剧场


惊险剧场


时光剧场


下午剧场


下午剧场


下午剧场


下午剧场


专题栏目


下午剧场


下午剧场


下午剧场


黄金剧场


黄金剧场


黄金剧场


黄金剧场


黄金剧场


午夜剧场


午夜剧场


河源公共


上午剧场


教育视线


下午剧场


教育视线


晚间剧场


教育视线


河源新闻联播


法治天地


法治:18点 和大律师面对面


2024律师界(19)职业闭店人


庭前庭后(6)温度


《案件聚焦》情感与诈骗


法治:22点 和大律师面对面


2024律师界(19)职业闭店人


庭前庭后(6)温度


法治:法治新闻


2024律师界(19)职业闭店人


庭前庭后(6)温度


《案件聚焦》情感与诈骗


2024律师界(19)职业闭店人


庭前庭后(6)温度


法治:18点 和大律师面对面


庭前庭后(6)温度


法治:22点 和大律师面对面


法治:法治新闻


庭前庭后 第三季(7)


《案件聚焦》情感与诈骗


2024律师界(19)职业闭店人


法治:18点 和大律师面对面


《案件聚焦》情感与诈骗


法治:律师界


2024律师界(19)职业闭店人


庭前庭后 第三季(7)


法治:22点 和大律师面对面


庭前庭后(6)温度


2024律师界(19)职业闭店人


法治:法治新闻


法治:18点 和大律师面对面


新时代沪疆法治在线第一期


法治:为我发声吧！律师


法治:法治新闻


庭前庭后(6)温度


2024律师界(19)职业闭店人


《案件聚焦》情感与诈骗


法治:22点 和大律师面对面


庭前庭后(6)温度


2024律师界(19)职业闭店人


《案件聚焦》情感与诈骗


庭前庭后(6)温度


2025安澜长江(18)


庭前庭后 第三季(7)


法治:18点 和大律师面对面


法治新闻(直播)


《案件聚焦》情感与诈骗


2024律师界(19)职业闭店人


新时代沪疆法治在线第二期


庭前庭后 第三季(8)


法治:庭前庭后


法治:禁毒视窗


2024律师界(20)看不见的手


新时代沪疆法治在线第七集


庭前庭后 第三季(8)


《案件聚焦》情感与诈骗


法治:22点 和大律师面对面


法治:法治新闻


2024律师界(20)看不见的手


庭前庭后 第二季(1)心墙


《案件聚焦》情感与诈骗


泰州一套


战地迷情 9


结束


《新闻夜班车》重播


《泰州新闻》重播


《解方》


独狼 3


独狼 4


《解方》


《看泰州》重播


人文大观


画眉 23


画眉 24


画眉 25


人文大观


小满生活 1


小满生活 2


《健康新一天》


《金融零距离》


天气与资讯


《泰州新闻》首播


《新闻夜班车》预告


转中央台《新闻联播》


独狼 5


独狼 6


《新闻夜班车》首播


《看泰州》首播


《健康好生活》


人文大观


战地迷情 10


泰州三套


《健康好生活》


《新高新闻》


《海陵新闻》


《姜堰新闻》


东风破 20


东风破 21


直播生活


健康每一天


欢乐七彩光


健康好生活


人文中国


《海陵新闻》


《姜堰新闻》


《高新新闻》


《泰州新闻》


新闻夜班车


金融零距高


直播生活


健康每一天


人文中国


传奇


百家新说


欢乐七彩光


《金融零距离》


《高新新闻》


《海陵新闻》


《姜堰新闻》


直播生活


大道薪火 8


大道薪火 9


奇趣大自然


健康新一天


泸州新闻综合


节目导视


温馨剧场


温馨剧场


温馨剧场


影院


魅力剧场


魅力剧场


转中央新闻


泸州新闻联播


天气预报


节目导视+每日800


泸州现在时


黄金剧场


黄金剧场


黄金剧场


点播影院


济南综合


济南新闻


第一剧场


泉映晚霞


有么说么新闻大社区


今晚新闻版块


今晚不关机


第一剧场


有么别有病


有么说么新闻大社区


济南新闻


转播中央台新闻联播


今晚剧场


今晚新闻版块


今晚不关机


济南新闻


有么别有病


晚间纪录片展播


济南鲁中


循环重播


莱城新闻


莱芜新闻


民生广角


人物故事


精品剧场


民生广角


莱城新闻


莱芜新闻


莱芜天气预报


精品剧场


首播剧场


七色星


CCTV新闻联播


莱芜新闻


莱芜天气预报


首播剧场


民生广角


电影赏析


浙江NEWS


精彩节目


精彩节目


精彩节目


精彩节目


精彩节目


精彩节目


精彩节目


精彩节目


精彩节目


精彩节目


精彩节目


精彩节目


精彩节目


精彩节目


精彩节目


精彩节目


精彩节目


精彩节目


精彩节目


精彩节目


精彩节目


精彩节目


精彩节目


精彩节目


浙江公共新闻


精彩节目


精彩节目


精彩节目


精彩节目


精彩节目


精彩节目


精彩节目


精彩节目


精彩节目


精彩节目


精彩节目


精彩节目


精彩节目


精彩节目


精彩节目


精彩节目


精彩节目


精彩节目


精彩节目


精彩节目


精彩节目


精彩节目


精彩节目


精彩节目


浙江卫视


王牌对王牌(重播)


今日聚焦


新闻深一度


风味人间


西湖


一本书一座城


纪录片:记住乡愁


今日聚焦


新闻深一度


浙江新闻联播


纪录片


动画片剧场


经典剧场


经典剧场


经典剧场


经典剧场


正午播报


炙热游戏:百厨大战


百姓剧场


百姓剧场


百姓剧场


百姓剧场


百姓剧场


浙江海洋预报


天气向导


新闻深一度


浙江新闻联播


浙江天气预报


转播中央电视台新闻联播


中国蓝剧场:长河落日(35)


中国蓝剧场:长河落日(36)


抢先看


今日评说


神奇的朋友


周播剧场


周播剧场


浙江少儿


精彩节目


精彩节目


精彩节目


精彩节目


精彩节目


精彩节目


精彩节目


精彩节目


精彩节目


精彩节目


精彩节目


精彩节目


精彩节目


精彩节目


精彩节目


精彩节目


精彩节目


精彩节目


精彩节目


精彩节目


精彩节目


精彩节目


精彩节目


精彩节目


浙江影视


精彩节目


精彩节目


精彩节目


精彩节目


精彩节目


精彩节目


精彩节目


精彩节目


精彩节目


精彩节目


精彩节目


精彩节目


精彩节目


精彩节目


精彩节目


精彩节目


精彩节目


精彩节目


精彩节目


精彩节目


精彩节目


精彩节目


精彩节目


精彩节目


浙江教科影视


精彩节目


精彩节目


精彩节目


精彩节目


精彩节目


精彩节目


精彩节目


精彩节目


精彩节目


精彩节目


精彩节目


精彩节目


精彩节目


精彩节目


精彩节目


精彩节目


精彩节目


精彩节目


精彩节目


精彩节目


精彩节目


精彩节目


精彩节目


精彩节目


浙江教育


精彩节目


精彩节目


精彩节目


精彩节目


精彩节目


精彩节目


精彩节目


精彩节目


精彩节目


精彩节目


精彩节目


精彩节目


精彩节目


精彩节目


精彩节目


精彩节目


精彩节目


精彩节目


精彩节目


精彩节目


精彩节目


精彩节目


精彩节目


精彩节目


浙江民生


精彩节目


精彩节目


精彩节目


精彩节目


精彩节目


精彩节目


精彩节目


精彩节目


精彩节目


精彩节目


精彩节目


精彩节目


精彩节目


精彩节目


精彩节目


精彩节目


精彩节目


精彩节目


精彩节目


精彩节目


精彩节目


精彩节目


精彩节目


精彩节目


浙江经济生活


精彩节目


精彩节目


精彩节目


精彩节目


精彩节目


精彩节目


精彩节目


精彩节目


精彩节目


精彩节目


精彩节目


精彩节目


精彩节目


精彩节目


精彩节目


精彩节目


精彩节目


精彩节目


精彩节目


精彩节目


精彩节目


精彩节目


精彩节目


精彩节目


浙江经视


精彩节目


精彩节目


精彩节目


精彩节目


精彩节目


精彩节目


精彩节目


精彩节目


精彩节目


精彩节目


精彩节目


精彩节目


精彩节目


精彩节目


精彩节目


精彩节目


精彩节目


精彩节目


精彩节目


精彩节目


精彩节目


精彩节目


精彩节目


精彩节目


浙江钱江都市


精彩节目


精彩节目


精彩节目


精彩节目


精彩节目


精彩节目


精彩节目


精彩节目


精彩节目


精彩节目


精彩节目


精彩节目


精彩节目


精彩节目


精彩节目


精彩节目


精彩节目


精彩节目


精彩节目


精彩节目


精彩节目


精彩节目


精彩节目


精彩节目


海南卫视


午夜剧场


午夜剧场


午夜剧场


动画片剧场


潮起海之南


卫视高尔夫


视界


午夜剧场


火山口123


潮起海之南


中华人民共和国国歌


海南新闻联播


阳光剧场:大漠枪神(7)


阳光剧场:大漠枪神(8)


阳光剧场:大漠枪神(9)


阳光剧场:大漠枪神(10)


阳光剧场:大漠枪神(11)


阳光剧场:大漠枪神(12)


阳光剧场:大漠枪神(13)


阳光剧场:大漠枪神(14)


阳光剧场:大漠枪神(15)


阳光剧场:大漠枪神(16)


阳光剧场:大漠枪神(17)


阳光剧场:大漠枪神(18)


步步为营


天气预报


风华正茂


海南新闻联播


新闻联播


潮起海之南


点赞海南


行者


金椰剧场:人世间(11)


金椰剧场:人世间(12)


等着我


卫视高尔夫


海南自贸


海南新闻联播


直播海南(重播)


午夜特别编排


海南新闻联播(重播)


早间剧场


午间剧场:铁核桃


科普一分钟


直播海南


绿色农业进行时


第一剧场


我爱海口


缤纷剧场


陵水新闻


海南新闻联播


海峡卫视


生活接力棒


海峡名录


海峡气象


生活接力棒


新视觉


中国好地方


海峡幸运巴士


今日海峡


海峡名录


生活接力棒


乐活海峡


海峡幸运巴士


今日海峡


中国好地方


季播精品


海峡幸运巴士


新视觉


海峡气象


电视剧


电视剧


中国好地方


今日海峡


海峡幸运巴士


乐活海峡


电视剧


电视剧


乐活海峡


生活接力棒


海峡气象


新视觉


海峡名录


电视剧


电视剧


电视剧


电视剧


中国好地方


季播精品


中国好地方


乐活海峡


海峡幸运巴士


电视剧


电视剧


海峡气象


生活接力棒


今日海峡


梨园寻访


电视剧


电视剧


淮南公共


节目预告+歌曲


淮南新闻联播(重播)


今晚800(重播)


阳光剧场


理财面对面


田野四季风


淮南房产报道


午后剧场


消费新主张


美食总动员


淮南天气预报


情感剧场


淮南天气预报


淮南新闻联播


淮南新闻综合


节目预告


田野四季风


天天帮忙


淮南房产报道


早间剧场


健康我家人


午间气象


美食总动员


淮南新闻联播(重播)


今晚800(重播)


心动剧场


娱乐现场


健康我家人


淮南房产报道


时事经纬


天气预报


热线追踪


转播中央台新闻联播


淮南新闻联播


今晚800


美食总动员


经典剧场


天气预报


淮南房产报道


淮南掼蛋王


深圳体育健康


世界杯来了


星耀巴西


体育赛事


爆笑体育


世界杯官方杂志


名医话养生


盐藻


体育赛事


盐藻


不信你不看


我来斗地主


激情角斗场


盐藻


爆笑体育


名医话养生


幸福来敲门


名医话养生


不信你不看


世界杯来了


我来斗地主


激情角斗场


不信你不看


深圳卫视


直财经


决胜制高点


探秘时刻


决胜制高点


直播港澳台


战火红颜(20)


战火红颜(21)


战火红颜(22)


科创最前沿


直财经


直播港澳台


专题


直播港澳台


先行


温暖在身边:永春纸织画


美好深圳


中华人民共和国国歌


直播港澳台


专题


直播港澳台


尖刀出鞘(12)


尖刀出鞘(13)


尖刀出鞘(14)


尖刀出鞘(15)


正午看天下


科创最前沿


直财经


决战燕子门(1)


决战燕子门(2)


决战燕子门(3)


决战燕子门(4)


决战燕子门(5)


决战燕子门(6)


深视新闻


转播中央台新闻联播


美好深圳


大生意人(14)


大生意人(15)


科创最前沿


军情直播间


直播港澳台


直财经


探秘时刻


科创最前沿


直财经


深圳少儿


午夜剧场


宝宝快乐街


小神龙俱乐部


奇趣大自然


动画连连看


花朵剧场


花朵卡通廊


花朵动画乐园


花朵SHOW工坊


小神龙俱乐部


优趣之哈皮父子


动画连连看


花朵卡通廊


花朵开心糖


家庭幽默录像


花朵剧场


深圳电视剧


老片坊通宵


快乐生活一点通


食全食美


榕树海剧场


青春互动剧场


月亮湾剧场


薰衣草剧场


每日剧焦


黄金剧场


满天星剧场


老片坊通宵


深圳移动


晨曲


重播《今日视点》


音乐现场


饭没了秀(日播)


年代秀(日播)


笑笑小电影


大讲堂C


男左女右(日播)


转播-早安深圳


移动气象-早


大讲堂C


丫丫脱口秀


鹏城警视A


疾控在线


理财快讯


年代秀(日播)


饭没了秀(日播)


疾控在线


健康养生坊/鹏城人口/乐游生活/理财快讯/赢视学府


食客准备(日播)


笑笑小电影


音乐现场(日播)


转“漾新闻”一小时


深圳地产/E生活B/健康养生坊


精编《法观天下》


男左女右(日播)


深圳财经


食客准备


中国股市报道


财经类专题


静屏


晨曲,开台,礼貌用语
经济生活报道


食客准备


看财经


财经类专题


看财经


宜和购物


财经类专题


今日地产


财眼看片


财富来了


食客准备


经济生活报道


中国股市报道


私募荟


剧场


经济生活报道


深圳财经生活


食客准备


中国股市报道


财经类专题


静屏


晨曲,开台,礼貌用语
经济生活报道


食客准备


看财经


财经类专题


看财经


宜和购物


财经类专题


今日地产


财眼看片


财富来了


食客准备


经济生活报道


中国股市报道


私募荟


剧场


经济生活报道


深圳都市


都市养生佳


剧场


测试卡


第一现场


早安深圳


1时间


小鼓大戏


葛洪养生苑


法观天下


金牌律师


葛洪养生苑


都市养生佳


天下朋友圈


都市路路通


第一现场


剧场


鞠说好看


1时间


深视体育健康


世界杯来了


星耀巴西


体育赛事


爆笑体育


世界杯官方杂志


名医话养生


盐藻


体育赛事


盐藻


不信你不看


我来斗地主


激情角斗场


盐藻


爆笑体育


名医话养生


幸福来敲门


名医话养生


不信你不看


世界杯来了


我来斗地主


激情角斗场


不信你不看


清远新闻综合


百姓关注


清远新闻


今日清城


联播清远


清远头条


剧场


中国时间


新华纵横


法治清远


今日清城


清远新闻


百姓关注


口述中国,人文纪录
剧场


口述中国,人文纪录
联播清远


今日清城


百姓关注


转播中央台新闻联播


清远新闻


天气预报


剧场


财经清远


百姓关注


清远头条


今日清城


清远新闻


联播清远


环球财讯


游戏风云


休闲街区:牧场物语(3)


休闲街区:骑士与单车(1)


游戏大厅:只只大冒险(7)


游戏大厅:只只大冒险(8)


游戏大厅:指环王北方战争(1)


游戏大厅:指环王北方战争(2)


巅峰赛场:2022LPL夏季赛(2)


休闲街区:骑士与单车(2)


休闲街区:常世之塔


游戏大厅:指环王北方战争(3)


游戏大厅:迷失岛前传(1)


游戏大厅:迷失岛前传(2)


游戏大厅:星际小队(1)


巅峰赛场:2022LPL夏季赛(3)


休闲街区:全面战争三国(1)


休闲街区:全面战争三国(2)


游戏大厅:埃奥利斯锦标赛(1)


游戏大厅:百鸟游乐团(1)


游戏大厅:变形记(1)


游戏大厅:变形记(2)


巅峰赛场:2022LPL夏季赛(4)


休闲街区:三国群英战(1)


休闲街区:哞哩的长梦


游戏大厅:变形记(3)


游戏大厅:变形记(4)


游戏大厅:不可思议之梦蝶(1)


游戏大厅:不思议的皇冠(1)


巅峰赛场:2022LPL夏季赛(5)


休闲街区:三国群英战(3)


休闲街区:三国群英战(4)


游戏大厅:层层梦境(1)


游戏大厅:层层梦境(2)


游戏大厅:层层梦境(3)


游戏大厅:虫虫学院(1)


巅峰赛场:2022LPL夏季赛(6)


休闲街区:糖果派对-机关塔防(1)


休闲街区:糖果派对-机关塔防(2)


游戏大厅:穿越时代的找图(1)


游戏大厅:穿越时代的找图(2)


游戏大厅:穿越时代的找图(3)


游戏大厅:穿越时代的找图(4)


巅峰赛场:2022LPL夏季赛(7)


湖北卫视


深夜剧场


深夜剧场


深夜剧场


纪录片


深夜剧场


深夜剧场


大揭秘


湖北新闻


天生我财


动画片剧场


早间剧场:毛泽东(32)


早间剧场:毛泽东(33)


早间剧场:毛泽东(34)


天生我财


早间剧场:毛泽东(35)


早间剧场:毛泽东(36)


早间剧场:毛泽东(37)


早间剧场:毛泽东(38)


早间剧场:毛泽东(39)


天生我财之吾股丰登


早间剧场:毛泽东(40)


湖北天气预报


湖北新闻


中央新闻联播


长江剧场:三叉戟2(31)


长江剧场:三叉戟2(32)


湖北10分


大王小王


夜观财经


长江新闻号


湖南卫视


我们的宿舍


新闻大求真


纪录片


新闻大求真


纪录片


中华人民共和国国歌


湖南新闻联播


情定三生(24)


故宫里的大怪兽之月光迷宫(19)


故宫里的大怪兽之月光迷宫(20)


偶像独播剧场:情定三生


偶像独播剧场:情定三生


偶像独播剧场:情定三生


偶像独播剧场:情定三生


午间新闻


卫视气象站


偶像独播剧场:情定三生


偶像独播剧场:情定三生


偶像独播剧场:情定三生


青春独播剧场:玉茗茶骨(重播)


青春独播剧场:玉茗茶骨(重播)


青春独播剧场:玉茗茶骨(重播)


新闻大求真


湖南新闻联播


卫视气象站


转播中央台新闻联播


再次见到你


金鹰独播剧场:玉茗茶骨(33)


金鹰独播剧场:玉茗茶骨(34)


芒果季风剧场:国色芳华(5)


芒果季风剧场:国色芳华(6)


湖南卫视国际


青春剧场


芒果头条


舞蹈风暴


新闻大求真


芒果头条


时光剧场


时光剧场


湖南新闻联播


芒果头条


时光剧场


青春湖南


芒果头条


时光剧场


世界潮我看


青春剧场


青春剧场


声临其境(重播)


时光剧场


青春剧场


湖南国际


青春剧场


芒果头条


舞蹈风暴


新闻大求真


芒果头条


时光剧场


时光剧场


湖南新闻联播


芒果头条


时光剧场


青春湖南


芒果头条


时光剧场


世界潮我看


青春剧场


青春剧场


声临其境(重播)


时光剧场


青春剧场


湖南娱乐


娱乐急先锋


剧场


321动起来


剧场


我是大赢家


321动起来


剧场


我是大赢家


娱乐急先锋


剧场


岁月如金


湖南爱晚


超级戏乐汇


剧场


帮女郎帮你忙


剧场


帮女郎帮你忙


正点视频


剧场


湖南新闻联播


帮女郎帮你忙


湖南电影


电影


上午剧场


动作天下


经典影院


传奇影院


第一放映室


黄金剧场


黄金剧场


黄金剧场


潇湘影视学院


湖南电视剧


晚间剧场


深夜剧场


深夜剧场


长剧场


上午剧场


上午剧场


上午剧场


上午剧场


下午剧场


下午剧场


晚间剧场


晚间剧场


晚间剧场


天天气象站


湖南经视


凌晨剧场


凌晨剧场


凌晨剧场


经视焦点


湖南新闻联播


经视新闻


步步惊奇真情版


我最达人


午间360度


逗吧,逗把街
快乐男声


步步惊奇真情版


经视播报


经视新闻


经视焦点


黄金剧场


黄金剧场


黄金剧场


黄金剧场


钟山说事


湛江公共


第一视线


晚间剧场


第一视线


房产类日播节目


早晨剧场


早晨剧场


早晨剧场


活色生香每一天


第一视线


房产类日播节目


我是传奇


下午剧场


下午剧场


下午剧场


下午剧场


活色生香每一天


湛江公安


房产类日播节目


第一视线


天气预报


情动8点


快乐大排档


我是传奇


湛江新闻(重播)


天气预报


晚间剧场


晚间剧场


湛江综合


湛江新闻(重播)


湛江天气预报(重播)


湛江新闻(重播)


观点致胜


生活聚焦


阳光剧场


阳光剧场


阳光剧场


湛江新闻(重播)


午间快报


湛江党建


快乐大排档


下午剧场


下午剧场


下午剧场


下午剧场


房产类日播节目


湛江党建


快乐大排档


转播中央电视台新闻联播


转播广东电视台新闻联播


湛江新闻


湛江天气预报


记者再报告


黄金剧场


黄金剧场


第一视线


观点致胜


滨州民生


档案


道德法治


北海新闻


开发区新闻


金融滨州


渤海先锋


滨州新闻


电视剧场


党建新闻


电视剧场


滨州大视野


电视剧场


民生关注


健康滨州


民生论道


电视剧场


月亮湾剧场


渤海先锋


晚间剧场


党建新闻


红门风采


开发区新闻


高新区新闻


北海新闻


滨州大视野


渤海先锋


滨州新闻


道德法治


晚间剧场


结束


滨州综合


民间收藏


今日导视


滨州纪实


华夏传奇


上午剧场


名家讲坛


经济生活


下午剧场


民间收藏


动物明星


民生关注


转中央新闻


滨州新闻


晚间剧场


经济生活


民生关注


名家讲坛


漳州新闻


漳州天气预报


明天节目预告


漳州新闻(重播)


经济主战场


法在身边


记者在线(重播)


经典剧场


经典剧场


房产时刻(重播)


本地话新闻(重播)


午间快报


午间天气资讯


法在身边(重播)


生活时间(重播)


电视剧场


电视剧场


传奇


动漫天地


动漫天地


记者在线


转播中央台新闻联播


转播福建新闻联播


漳州新闻


漳州天气预报


经济主战场


法在身边


记者在线(重播)


新闻夜视


漳州旅游气象


电视剧场


电视剧场


潮安综合


潮安新闻天气预报


节目结束


阳光剧场


动漫乐园


潮安新闻(重播)


专题栏目


午间剧场


中国古镇


中午节目结束


专题栏目


中国古镇


转播中央新闻


潮安新闻天气预报


精选剧场


潮安新闻天气预报


精选剧场


潮州民生


连续剧


百家养生堂(重播)


上午剧场


潮州新闻(重播)


下午剧场


动画片


真情追踪(重播)


民生直播室


民生剧场


天天好生活(重播)


潮州新闻(重播)


晚间直播室


晚间剧场


潮州综合


630说吧


剧场


频道无节目


潮州新闻


民生直播室


630说吧


剧场


天天好生活


民生直播室


630说吧


潮州戏园


剧场


转播中央电视台新闻联播


转播广东新闻联播


潮州新闻


天天好生活


剧场


潮语情景剧


民生直播室


澳视体育


开台


2025中国网球巡回赛职业级总决赛：男单决赛


第15届全国运动会：男子三人篮球小组赛C组 江西 对 澳门


体育新闻


第15届全国运动会：乒乓球女子单打32强


第15届全国运动会：乒乓球女子U18团体小组赛D组


第15届全国运动会：游泳预赛


竞健群英2026


2024/2025 滑雪世界杯系列赛 (单板滑雪瑞士莱克斯站坡面障碍技巧)


直播2025-26东亚超级篮球联赛：黑熊 对 琉球黄金帝王


体育新闻


第15届全国运动会：女子三人篮球小组赛C组 广东 对 澳门


2025/2026欧洲冠军联赛精华


体育新闻


录播2025/2026欧洲冠军联赛︰士砵亭 对 巴黎圣日耳门


澳视卫星


葡语体育


葡文节目重温 - 葡式烹饪


“葡”出个味蕾


英语新闻


葡语新闻


家家有𩠌煮


澳门早晨精华录


马交游﹕澳门Chill 好玩


丝路时间U Silk - 对望丝路新旅程


财经杂志 - 对话湾区


葡语新闻


“葡”出个味蕾


葡语体育


葡文节目重温 - 葡式烹饪


好书分享


马交游 – 镜海浮沉话世遗


胡sir讲收藏


英语新闻


马交游﹕澳门Chill 好玩


澳门人澳门事


湾区全媒睇


中国城市动态


粤语新闻


丝路时间U Silk - 对望丝路新旅程


财经杂志 - 对话湾区


“葡”出个味蕾


马交游﹕澳门Chill 好玩


中国城市动态


马交游 – 镜海浮沉话世遗


家家有𩠌煮


澳门人澳门事


粤语新闻


“葡”出个味蕾


葡语新闻


丝路时间U Silk - 对望丝路新旅程


财经杂志 - 对话湾区


葡语体育


葡文节目重温 - 葡式烹饪


马交游﹕澳门Chill 好玩


马交游 – 镜海浮沉话世遗


好书分享


澳门早晨精华录


澳视新闻


澳门人澳门事


中国城市动态


湾区全媒睇


“葡”出个味蕾


粤语新闻


世遗City Walk


葡语新闻


澳门人澳门事


澳视澳门


早晨新闻


TDM 新视点


澳门早晨


趣谈唐诗


澳门人澳门事


家家有本事


新闻报道


重播竞健群英 2026


澳门人澳门事


湾区全媒睇


点心之路


国宝时刻


午间天气报告


社区营商研究所


澳门早晨精华篇


趣谈唐诗


TDM 新视点


午间新闻


每日财经


重播竞健群英 2026


澳门人澳门事


澳门早晨精华录


儿童节目︰舒克贝塔 第1季


儿童节目︰开心超人联盟 勇敢之城 1  棋兽传奇 (第十九季)


趣谈唐诗


儿童节目︰少年英雄小哪吒


澳门早晨精华篇


新闻报道


动感教菁


TDM 新视点


澳视新闻


天气报告


点心之路


国宝时刻


澳门人澳门事


四大百货


澳门早晨精华篇


普通话新闻


后李


玩出一门生意


晚间新闻


体育新闻


澳视综艺


开台


新闻报道


重播竞健群英 2026


澳门人澳门事


湾区全媒睇


点心之路


国宝时刻


午间天气报告


社区营商研究所


澳门早晨精华篇


趣谈唐诗


TDM 新视点


午间新闻


每日财经


重播竞健群英 2026


澳门人澳门事


星光大道


来宵夜吧


澳门早晨精华录


TDM 新视点


林海雪原


沉默的荣耀


谷歌不为人知的一面


沉默的荣耀


木斯塘 马的国度


人类的记忆 ─ 中国的世界遗产 熊猫家园


澳视葡文


Telejornal RTPi (Diferido)


Os Amigos do Chef S2


Queridos Papás


Lua Vermelha


Kallys Mashup


Pantanal (Repetição)


Sabia Que?


TDM Desporto (Repetição)


Caca


Telejornal


Anota Aí S7


Para Onde as Flores de Pessegueiro Desabrocham


Carros Clássicos


Pantanal


TDM News


Vamos Viajar Com Ernest White II


RTPi Directo


澳视资讯


开台


早晨新闻


TDM 新视点


澳门早晨


重播早晨新闻


湾区全媒睇


新闻报道


新闻报道


新闻报道


社区营商研究所


重播竞健群英 2026


新闻报道


社区营商研究所


街市情报


新闻报道


海派百工2


新闻报道


社区营商研究所


午间天气报告


午间新闻


每日财经


新闻报道


街市情报


新闻报道


新闻报道


新闻报道


新闻报道


新闻报道


社区营商研究所


新闻报道


TDM 新视点


澳门早晨精华录


湾区全媒睇


澳视新闻


天气报告


TDM 新视点


录播澳视新闻


录播澳视新闻


普通话新闻


丝路时间U Silk - 寻找天籁


我的体育故事


晚间新闻


体育新闻


玉林公共


时尚汇


今日新闻


白天节目预告


新闻视线


非常惠生活


电视剧场


电视剧场


最佳现场


午间剧场


晚间节目预告


生活魔法师


音乐风云榜


新闻视线


潮涌北部湾


天气预报


农村天地


健康巧拼图


娱乐现场


非常惠生活


健康


电视剧场


电视剧场


天气预报


梅卿快车道


最佳现场


明星爱厨房


玉林新闻综合


玉林新闻(重播)


天气预告


新闻视线(重播)


非常惠生活


今日新闻


节目预告


健康桥拼图


典藏十分(两集)


神奇训狗师(三集)


法治中国


玉林新闻(重播)


国之宝


农村天地


新闻视线(重播)


潮涌北部湾(重播)


电影没有界


传奇中国


达人的奋斗(两集)


晚上节目预告


经济小专题


健康


转播广西新闻


转播新闻联播


玉林新闻


新闻视线


潮涌北部湾


天气预报


电视剧场


非常惠生活


环球旅游


爱上川菜,寰行迹
乡间物语,小导游大视界
爱上川菜,寰行迹
乡间物语,小导游大视界
爱上川菜,寰行迹
乡间物语,小导游大视界
爱上川菜,寰行迹
乡间物语,小导游大视界
爱上川菜,寰行迹
乡间物语,小导游大视界
爱上川菜,寰行迹
乡间物语,小导游大视界
爱上川菜,寰行迹
乡间物语,小导游大视界
爱上川菜,寰行迹
乡间物语,小导游大视界
爱上川菜,寰行迹
乡间物语,小导游大视界
爱上川菜,寰行迹
乡间物语,小导游大视界
爱上川菜,寰行迹
乡间物语,小导游大视界
爱上川菜,寰行迹
乡间物语,小导游大视界
爱上川菜,寰行迹
乡间物语,小导游大视界
爱上川菜,寰行迹
乡间物语,小导游大视界
爱上川菜,寰行迹
乡间物语,小导游大视界
爱上川菜,寰行迹
乡间物语,小导游大视界
爱上川菜,寰行迹
乡间物语,小导游大视界
爱上川菜,寰行迹
乡间物语,小导游大视界
美丽密码


爱上川菜,寰行迹
乡间物语,小导游大视界
科普好书(1)


美丽密码


爱上川菜,寰行迹
美丽密码


爱上川菜,寰行迹
乡间物语,小导游大视界
美丽密码


爱上川菜,寰行迹
乡间物语,小导游大视界
现代教育


动画片


五年级插班生


银发大学


小鬼当家


边城故事


好奇魔学堂


动画片


五年级插班生


银发大学


小鬼当家


边城故事


好奇魔学堂


动画片


五年级插班生


银发大学


小鬼当家


边城故事


好奇魔学堂


动画片


五年级插班生


银发大学


小鬼当家


边城故事


好奇魔学堂


银发大学


小鬼当家


边城故事


珠海-1


天气预报


第一首映


极致


财知道


珠海新闻(重播)


上午剧场


上午剧场


上午剧场


新闻121(直播)


极致


下午剧场


下午剧场


老有所依


老有所依


影视界


新闻121


校园


极致


财知道


转播中央台新闻联播


珠海新闻(直播)


天气预报


黄金剧场


黄金剧场


黄金剧场


海洋天气预报


财知道


第一房产精编


珠海新闻


珠海-2


说一不二


耳畔中国


都市荟生活


创赢工场


搭错车


搭错车


第一房产


光影纵横


都市荟生活


说一不二


创赢工场


下午剧场


第一地产


光影纵横


天气预报


有一说一


说一不二


都市荟生活


学生兵


学生兵


创赢工场


第一房产


光影纵横


说一不二


都市荟生活


珠海新闻


天气预报


第一首映


极致


财知道


珠海新闻(重播)


上午剧场


上午剧场


上午剧场


新闻121(直播)


极致


下午剧场


下午剧场


老有所依


老有所依


影视界


新闻121


校园


极致


财知道


转播中央台新闻联播


珠海新闻(直播)


天气预报


黄金剧场


黄金剧场


黄金剧场


海洋天气预报


财知道


第一房产精编


珠海新闻


珠海生活


说一不二


耳畔中国


都市荟生活


创赢工场


搭错车


搭错车


第一房产


光影纵横


都市荟生活


说一不二


创赢工场


下午剧场


第一地产


光影纵横


天气预报


有一说一


说一不二


都市荟生活


学生兵


学生兵


创赢工场


第一房产


光影纵横


说一不二


都市荟生活


甘肃公共


凌晨剧场


百姓有话说


百姓绚丽甘肃


上午剧场


百姓气象站


百姓有话说


品牌之路


下午剧场


百姓绚丽甘肃


头条来了


百姓气象站


晚间剧场


百姓有话说


天下陇商


百姓纪与录


头条来了


百姓绚丽甘肃


凌晨剧场


甘肃卫视


纪录30分


月牙泉剧场


月牙泉剧场


月牙泉剧场


记录30分


新闻晚高峰


农村三变改革在甘肃


今日聚焦


农村三变改革在甘肃


月牙泉剧场


甘肃新闻


月牙泉剧场


雄关剧场


雄关剧场


雄关剧场


雄关剧场


雄关剧场


午间20分


甘肃天气预报


花雨剧场:津门飞鹰(16)


花雨剧场:津门飞鹰(17)


花雨剧场:津门飞鹰(18)


花雨剧场:津门飞鹰(19)


花雨剧场:津门飞鹰(20)


花雨剧场:津门飞鹰(21)


动画片剧场


今日聚焦


甘肃新闻


甘肃天气预报


转播中央台新闻联播


飞天剧场


飞天剧场


如意甘肃我的家


新闻晚高峰


甘肃新闻


月牙泉剧场


甘肃少儿


奇趣大自然


动画片剧场


动画片剧场


童心梦想


王师说电竞


动画片剧场


动画片剧场


动画片剧场


哎呦黑皮


动画片剧场


超能小星探


动画片剧场


七彩空间


童心学堂


动画片剧场


奇趣大自然


天天教育


动画片剧场


甘肃文化影视


凌晨剧场


上午剧场


情暖夕阳


喧个关,帮个忙
第一生活


下午剧场


情暖夕阳


喧个关,帮个忙
晚间剧场


第一生活


第一首映


生态环境


生态环境大讲堂


京彩之旅-大美房山


绿水青山中国行


新疆和田


京彩之旅-大美房山


生态环境大讲堂


京彩之旅-大美房山


绿水青山中国行


新疆和田


京彩之旅-大美房山


生态环境大讲堂


京彩之旅-大美房山


绿水青山中国行


新疆和田


京彩之旅-大美房山


生态环境大讲堂


京彩之旅-大美房山


绿水青山中国行


新疆和田


京彩之旅-大美房山


生态环境大讲堂


京彩之旅-大美房山


绿水青山中国行


新疆和田


京彩之旅-大美房山


生态环境大讲堂


京彩之旅-大美房山


绿水青山中国行


新疆和田


京彩之旅-大美房山


生态环境大讲堂


京彩之旅-大美房山


绿水青山中国行


新疆和田


京彩之旅-大美房山


生态环境大讲堂


京彩之旅-大美房山


绿水青山中国行


新疆和田


京彩之旅-大美房山


生态环境大讲堂


京彩之旅-大美房山


绿水青山中国行


新疆和田


京彩之旅-大美房山


生态环境大讲堂


京彩之旅-大美房山


绿水青山中国行


新疆和田


京彩之旅-大美房山


生态环境大讲堂


京彩之旅-大美房山


绿水青山中国行


新疆和田


京彩之旅-大美房山


生态环境大讲堂


京彩之旅-大美房山


绿水青山中国行


新疆和田


京彩之旅-大美房山


节目结束


生活时尚


原味记忆:无锡小吃


大医来了


闲着:名厨本帮馆


一碗人间烟火:春菜烩小黄鱼卷


日食记:香菜牛肉凉面


原味记忆:无锡小吃


荧屏之星新春版(1)


加油!宠星人1(12)


漫步上海(28):杨浦滨江生态之旅


徐汇阅读建筑(3)


万物滋养(5):江湖里的追逐


原味记忆:重庆小吃


大医来了:消化道早癌镜界革命


闲着:浅烘咖啡


日食记:自制酱料


荧屏之星新春版(1)


加油!宠星人1(13)


一碗人间烟火:春笋年糕白鲳鱼


漫步上海(15):上海音乐学院


此心安处是吾乡


万物滋养(6):高原上的温存


原味记忆:无锡小吃


大医来了


闲着:名厨本帮馆


一碗人间烟火:春菜烩小黄鱼卷


日食记:香菜牛肉凉面


荧屏之星新春版(1)


加油!宠星人1(12)


漫步上海(28):杨浦滨江生态之旅


徐汇阅读建筑(3)


万物滋养(5):江湖里的追逐


原味记忆:重庆小吃


大医来了:消化道早癌镜界革命


闲着:浅烘咖啡


日食记:自制酱料


荧屏之星新春版(1)


加油!宠星人1(13)


一碗人间烟火:春笋年糕白鲳鱼


漫步上海(15):上海音乐学院


此心安处是吾乡


万物滋养(6):高原上的温存


原味记忆:无锡小吃


大医来了


闲着:名厨本帮馆


一碗人间烟火:春菜烩小黄鱼卷


日食记:香菜牛肉凉面


荧屏之星新春版(1)


加油!宠星人1(12)


漫步上海(28):杨浦滨江生态之旅


徐汇阅读建筑(3)


万物滋养(5):江湖里的追逐


原味记忆:重庆小吃


大医来了:消化道早癌镜界革命


闲着:浅烘咖啡


日食记:自制酱料


荧屏之星新春版(1)


加油!宠星人1(13)


一碗人间烟火:春笋年糕白鲳鱼


漫步上海(15):上海音乐学院


此心安处是吾乡


万物滋养(6):高原上的温存


原味记忆:无锡小吃


大医来了


闲着:名厨本帮馆


一碗人间烟火:春菜烩小黄鱼卷


日食记:香菜牛肉凉面


荧屏之星新春版(1)


加油!宠星人1(12)


漫步上海(28):杨浦滨江生态之旅


徐汇阅读建筑(3)


万物滋养(5):江湖里的追逐


原味记忆:重庆小吃


大医来了:消化道早癌镜界革命


闲着:浅烘咖啡


日食记:自制酱料


荧屏之星(93)


加油!宠星人1(13)


一碗人间烟火:春笋年糕白鲳鱼


漫步上海(15):上海音乐学院


此心安处是吾乡


万物滋养(6):高原上的温存


原味记忆:宁波小吃(上)


乐游长宁:何以爱长宁-巴士微旅行


大医来了


闲着:上海冷面


荧屏之星新春版(1)


日食记:猪脚米线


健身私享课2(20):腰腹减脂训练


健康生活


加油!宠星人1(14)


一碗人间烟火:奶茶新西兰青口贝


漫步上海(19):新场古镇


黄浦微旅行(7):微旅淮海路(1)


万物滋养2(1):森林的芳香


原味记忆:宁波小吃(上)


乐游长宁:何以爱长宁-巴士微旅行


大医来了


闲着:上海冷面


荧屏之星新春版(1)


日食记:猪脚米线


电视指南


2026世界地理频道精彩多看点-4


我喜欢我推荐-珍稀野生动物在中国-9


我喜欢我推荐-珍稀野生动物在中国-10


数字飙榜-2024-28


2025数字飙榜人名字幕-1


请您欣赏-海南风光


整点冲击播-2025-22


2026世界地理频道精彩多看点-4


2024秘境之眼-高原清道夫(4K)


我喜欢我推荐-美术里的中国-18


我喜欢我推荐-合唱先锋2022-1


我喜欢我推荐-荒野至上第二季-2


我喜欢我推荐-央视台球2021-4


轻松节拍-肩颈眼保健操


垫播节目-美丽中国-云南


我喜欢我推荐-跟着书本去旅行2023-93


我喜欢我推荐-跟着书本去旅行2023-94


我喜欢我推荐-我的家乡菜-108


我喜欢我推荐-我的家乡菜-103


2026世界地理频道精彩多看点-4


我喜欢我推荐-珍稀野生动物在中国-9


我喜欢我推荐-珍稀野生动物在中国-10


数字飙榜-2024-28


2025数字飙榜人名字幕-1


请您欣赏-海南风光


整点冲击播-2025-22


2026世界地理频道精彩多看点-4


2024秘境之眼-高原清道夫(4K)


我喜欢我推荐-美术里的中国-18


我喜欢我推荐-合唱先锋2022-1


我喜欢我推荐-荒野至上第二季-2


我喜欢我推荐-央视台球2021-4


轻松节拍-肩颈眼保健操


垫播节目-美丽中国-云南


我喜欢我推荐-跟着书本去旅行2023-93


我喜欢我推荐-跟着书本去旅行2023-94


我喜欢我推荐-我的家乡菜-108


我喜欢我推荐-我的家乡菜-103


2026世界地理频道精彩多看点-4


我喜欢我推荐-珍稀野生动物在中国-9


我喜欢我推荐-珍稀野生动物在中国-10


数字飙榜-2024-28


2025数字飙榜人名字幕-1


请您欣赏-海南风光


整点冲击播-2025-22


2026世界地理频道精彩多看点-4


2024秘境之眼-高原清道夫(4K)


我喜欢我推荐-美术里的中国-18


我喜欢我推荐-合唱先锋2022-1


我喜欢我推荐-荒野至上第二季-2


我喜欢我推荐-央视台球2021-4


轻松节拍-肩颈眼保健操


垫播节目-美丽中国-云南


我喜欢我推荐-跟着书本去旅行2023-93


我喜欢我推荐-跟着书本去旅行2023-94


我喜欢我推荐-我的家乡菜-108


我喜欢我推荐-我的家乡菜-103


2026世界地理频道精彩多看点-4


我喜欢我推荐-珍稀野生动物在中国-9


我喜欢我推荐-珍稀野生动物在中国-10


数字飙榜-2024-28


2025数字飙榜人名字幕-1


请您欣赏-海南风光


整点冲击播-2025-22


2026世界地理频道精彩多看点-4


2024秘境之眼-高原清道夫(4K)


我喜欢我推荐-美术里的中国-18


我喜欢我推荐-合唱先锋2022-1


我喜欢我推荐-跟着书本去旅行2023-95


我喜欢我推荐-跟着书本去旅行2023-96


我喜欢我推荐-我的家乡菜-136


我喜欢我推荐-我的家乡菜-135


2026世界地理频道精彩多看点-4


我喜欢我推荐-奇趣动物园-1


我喜欢我推荐-奇趣动物园-2


数字飙榜-2024-29


2025数字飙榜人名字幕-1


请您欣赏-新疆风光


整点冲击播-2025-30


2026世界地理频道精彩多看点-4


2024秘境之眼-流石滩传奇(4K)


我喜欢我推荐-美术里的中国-19


我喜欢我推荐-合唱先锋2022-2


我喜欢我推荐-荒野至上第二季-3


我喜欢我推荐-央视台球2021-5


颈椎无忧-针灸


我喜欢我推荐-美丽中国-海南


我喜欢我推荐-跟着书本去旅行2023-95


我喜欢我推荐-跟着书本去旅行2023-96


我喜欢我推荐-我的家乡菜-136


我喜欢我推荐-我的家乡菜-135


百色综合


晨曲


百色新闻(重播)


新闻快递(重播)


百色新闻(重播)


新闻快递(重播)


阳光剧场


希望田野


绿色家园


百色新闻(重播)


新闻快递(重播)


感动百色


午后剧场


奇趣大自然


生活周刊


转播广西新闻


天气预报


转播新闻联播


百色新闻


黄金剧场


新闻快递


法制在线


百色新闻(重播)


天气预报


新闻快递(重播)


午夜剧场


眉山综合


节目导视


眉山新闻联播(重播)


每日快报(重播)


1840龙门阵(重播)


法治中国


党建新风


传奇中国


1840龙门阵(重播)


每日快报(重播)


经典剧场(三集连播)


少儿节目


1840龙门阵(首播)


眉山新闻联播(首播)


情感剧场(二集连播)


每日快报(首播)


经济周刊(首播)


星光剧场(二集连播)


石家庄娱乐


天气预报


省会房产报道


开心365


午夜剧场


嘻哈客栈


早间气象


电视剧


省会房产报道


财经全接触


飞扬说事儿


大家来养生


第一健康


石家庄新闻


本草新说


民生关注


省会房产报道


精品剧场


自在游天下


上午剧场


午报故事汇+新闻午报


飞扬说事儿


观点致胜


乡村服务社


母婴派


置家帮


置家帮


省会房产报道


理论之窗


嘻哈客栈


午后剧场


第一健康


广电庄里淘


百姓报天气


旅游:自在游天下


好榜样时间


开心365


2017中国扑克大赛牌王电视擂台赛


第一金融


午后剧场


下午剧场


民生关注


天气预报


四集剧场


转播中央新闻联播


转中央天气预报


石家庄新闻


黄金剧场


新闻夜班车


广电庄里淘


第一健康


观点致胜


大家来养生


置家帮


省会房产报道


气象视界


嘻哈客栈


财经全接触


石家庄新闻综合


嘻哈客栈


气象视界


电视剧


大家来养生


石家庄新闻


民生关注


精品剧场


午报故事汇+新闻午报


乡村服务社


母婴派


置家帮


理论之窗


嘻哈客栈


午后剧场


第一金融


午后剧场


民生关注


转播中央新闻联播


转中央天气预报


石家庄新闻


黄金剧场


新闻夜班车


大家来养生


置家帮


气象视界


嘻哈客栈


石家庄生活


乡村服务社


文明石家庄人


创城纵横谈


创城播报


法治时间


本草新说


调和-精编


省会房产报道


第一消费


开蒙世界


生活情报站*气象


创城播报


法治时间


生活2017


创城纵横谈


文明石家庄人


看法


本草新说


第一消费


有滋有味


开蒙世界


生活情报站*气象


文明石家庄人


创城播报


法治时间


生活2017


创城纵横谈


第三调解室


法治中国60分


调和


警方视点


梅卿快车道


第一消费


乡村服务社


石家庄都市


天气预报


电视剧


嘻哈客栈


母婴派


房产报道


母婴派


嘻哈客栈


电视剧


快乐生活一点通


天气预报


津津乐道


河北新闻联播


小吴帮忙


天天说交通


津津乐道


快乐生活一点通


小吴帮忙


天天说交通


福州1-新闻


福州新闻


国歌


福州新闻


新闻110


闽医说健康


早间剧场


财经新视界


中国城市报道


福州新闻


新闻110


财经新视界


闽医说健康


午后剧场


闽医说健康


中国城市报道


新闻110


福州新闻


转播:央视新闻联播


转播:福建新闻联播


天气预报


海洋天气预报


百年风华 红色印记


中国城市报道


财经新视界


城区新闻


整点播报


新闻110


财经新视界


中国城市报道


福州新闻


中国城市报道


福州2套-影视


花时间剧场


闽医说健康(重)


花时间剧场


闽医说健康(重)


花时间剧场


闽医说健康


爱琴海剧场


合家欢剧场


异次元(重)


爱琴海剧场(重)


福州3-生活


生活零距离(重)


生活剧场(重)


生活零距离(重)


攀讲(重)


闽都金秋(重)


生活剧场(重)


生活零距离(重)


攀讲(重)


闽都金秋(重)


生活剧场(重)


攀讲(重)


闽都金秋


攀讲


梅卿快车道


生活剧场


生活零距离


生活剧场


闽都金秋(重)


攀讲(重)


福建体育


今晚TV8


功夫


TV8午间新闻


青春赛场


谁来耍大牌


青春赛场


今晚TV8


天天体彩


功夫


体育精品节目展播


福建少儿


BOBO乐乐园


小神龙俱乐部


早间剧场


大玩家


BOBO乐乐园


小神龙俱乐部


动画片


快乐一小时


动画剧场


大玩家


动画剧场


第9情报站


辣妈饭米粒


剧场


福建新闻


现场精华版


法治中国60分


传奇


F4大搜索


看东岸


风物福建精华版


新闻启示录


环球报道


F4大搜索精华版


传奇


早安福建


早间天气快报


新闻启示录


看东岸精华版


法治中国60分


现场精华版


福建大数据


传奇


家装


新闻午报


午间天气快报


新闻启示录


F4大搜索精华版


法治中国60分


新闻午报


午间天气快报


风物福建精华版


福建大数据


看东岸精华版


家装


F4大搜索精华版


现场


F4大搜索


环球报道


看东岸


福建大数据


风物福建


法治中国60分


福建卫视新闻


晚间天气快报


看东岸


结束


福建旅游


寰宇地理


旅游气象站


清新剧场


寰宇地理


秘境神草


旅游气象站


清新剧场


纪录时间


我是大医生(重播)


旅游气象站


清新福建旅游资讯榜


纪录时间


寰宇地理


我为车狂


清新福建旅游资讯榜


中影剧场


福建电视剧


午夜剧场


凌晨剧场


凌晨剧场


凌晨剧场


凌晨剧场


凌晨剧场


凌晨剧场


上午剧场


上午剧场


上午剧场


上午剧场


上午剧场


下午剧场


下午剧场


黄金剧场


黄金剧场


全民一起拍


晚间剧场


午夜剧场


结束


福建经济


新闻启示录


今晚淘新闻


剧场


新闻启示录


股市今日谈


热线777


今晚淘新闻


快乐生活一点通


说天气


超级投顾


剧场


今晚淘新闻


说天气


法治福建


剧场


包公来了


股市今日谈


热线777


说天气


家庭幽默录像


今晚淘新闻


海峡视点


第一房产


新经济


超级投顾


剧场


热线777


结束


福建综合


福建新闻联播


帮帮团


新闻启示录


福建新闻联播


午间新时空


午间全省天气预报


帮帮团


帮帮团


全省天气预报


全省海洋环境预报


福建新闻联播


新闻启示录


厅说福建


纪录片


第一财经


财经夜行线


价值投研社-如何避免牛市中亏钱（上）


《2026经济展望》


《公司与行业》


投资有看头


《公司与行业》


《今日股市》


直播：市场零距离


直播：市场零距离


直播：市场零距离


直播：市场零距离


两说人工智能破解生命密码：通往150岁的万亿赛道


《2026经济展望》


直播：市场零距离


直播：市场零距离


直播：市场零距离


直播：投资有看头


《中国经营者宜科自动化：隐形冠军的二十年坚守》


《创时代》


《2026经济展望》


直播：今日股市


天财报道


直播：公司与行业


直播：谈股论金


天财报道


直播：财经夜行线


天财报道


《首席评论》


两说人工智能破解生命密码：通往150岁的万亿赛道


《今日股市》


投资有看头


篮球


CBA经典赛事


CBA历程


CBA赛事回顾


篮球经典影像


2014/2015CBA赛事


篮球经典影像


2014/2015CBA赛事


篮球经典影像


2014/2015CBA赛事


篮球经典影像


2014/2015CBA赛事


篮球经典影像


纪实科教


重播:第三调解室


凌晨剧场


凌晨剧场


播前乐


重播:健康北京


重播:现场说法


法治进行时


重播:记忆


上午剧场


上午剧场


第三调解室


现场说法


法治进行时


第三调解室


法治中国


下午剧场


下午剧场


记忆


红绿灯


健康北京


法治精编


法治中国


记忆


第三调解室


重播:法治中国


法治进行时


重播:记忆


纯享4K


记住乡愁——门楣之上4K 荥阳郑氏——为国为民 勇毅前行


记住乡愁——门楣之上4K 织金丁氏——万里黔山家国情


味道4K 原味乡间b7兴国篇


味道4K 原味乡间b7丹寨篇


探索b7发现4K 军都山山戎墓地（下）


探索b7发现4K 军都山山戎墓地（上）


远方的家4K 高黎贡山国家级自然保护区 高原秘境 湿地春光


远方的家4K 若尔盖湿地国家级自然保护区 若尔盖 野生动物的家园


经典剧场


电视剧


阳光剧场三集连播


电视剧


精彩视点


电视剧


精彩视点


电视剧


电视剧


电视剧


精彩视点


舞花剧场三集连播


精彩视点


阳光剧场三集连播


精彩视点


情感剧场两集连播


红树林剧场三集连播


精彩视点


都市剧场两集连播


精彩视点


青春剧场两集连播


精彩视点


黄金剧场三集连播


经济科教


Discovery探索


深夜剧场


法治中国


南方财经报道


一线消费者报告


真实故事


上午剧场


真实故事


一线消费者报告


法治中国


红色记忆


真实故事


岭南大医生


第一剧场


南方财经报道


一线消费者报告


黄金剧场


今日福彩


黄金剧场


岭南大医生


南方财经报道


绵阳影视科技


健康绵阳


看中国


奋斗(首播)


多彩剧场


国际时尚汇


青春剧场


传奇


资料栏目


文化中国


快乐星球


剧乐绵州剧场


大片品鉴汇


翡翠台


東張西望[粵]


流行都市[粵]


健康必殺食[粵]


陪著你走#13[粵]


高朋滿座#20[粵]


錦心似玉#31[粵/普][PG]


街坊廚神舌戰新台韓[粵]


香港早晨[粵] 及 交通消息[粵]


環球新聞檔案[粵]


香港早晨[粵] 及 交通消息[粵]


香港早晨[粵] 及 交通消息[粵]


香港早晨[粵]


交易現場[粵]


勁歌推介[粵]


高朋滿座#21[粵]


錦心似玉#32[粵/普]


交易現場[粵] 及 潮流生活誌[粵]


阿爺廚房[粵]


午間新聞[粵]


流行都市[粵]


健康必殺食[粵]


陪著你走#14[粵][PG]


交易現場[粵]


櫻桃小丸子[粵/日]


Hands Up[粵]


魔神創造傳[粵/日]


財經新聞[粵]


利嘉閣地產45 周年真盤源特約：今日有樓睇[粵] 及 潮流生活誌[粵]


新聞檔案[粵]


六點半新聞報道[粵]


世界觀[粵] 及 天氣報告[粵]


有理說得清[粵]


東張西望[粵]


黃道益活絡油呈獻：愛． 回家之開心速遞#2728[粵]


非常檢控觀#3[粵][PG]


宿敵契約#22[粵/普][PG]


聚大金鳳呈獻:在家宴客60道菜[粵]


娛樂頭條[粵] 及 環球新聞檔案[粵]


晚間新聞[粵]


新聞檔案[粵]


天氣報告[粵] 及 潮流生活誌[粵]


名媛望族#27[粵]


肇庆新闻


子夜剧场


法治中国


法治中国


肇庆新闻(重播)


民生007(重播)


上午剧场一


上午剧场二


蓝猫淘气3000问


午间简明新闻


今日鼎湖


法治中国


午间剧场


动画片


蓝猫淘气3000问


转广东卫视新闻


转中央台新闻联播


肇庆新闻


天气预报


奋进的封开


玉城新视角


精品剧场


肇庆新闻


民生007


肇庆生活服务


肇庆新闻


民生007


百姓剧场


动画片


宏梦卡通天地


午间简明新闻


大众剧场


宏梦卡通天地


民生007


至尊剧场


肇庆新闻


奋进的封开


玉城新视角


天气预报


民生007


家庭剧场


自贡公共


早间剧场


专栏节目


专栏节目


专栏节目前


都市全接触


专栏节目


自贡新时空


专栏节目


财经报道


午间剧场


专栏节目


自然故事


专栏节目


少儿节目


都市全接触


自然故事


黄金剧场


走进生活


财经报道


黄金剧场


都市全接触


自然故事


资讯800


天气预报


专栏节目


自贡综合


晚间剧场


早间剧场


党的生活


早间剧场


专栏节目


盐都播报


专栏节目


都市全接触


专栏节目


午间剧场


专栏节目


午间剧场


专栏节目


资讯800


盐都播报


法制中国


专栏节目


走进生活


专栏节目


新闻联播


自贡新时空


天气预报


黄金剧场


盐都播报


走进生活


天气预报


自贡新时空


专栏节目


苏州文化生活-苏州新闻综合-苏州生活资讯-苏州社会经济


都市养生佳


剧场


测试卡


第一现场


早安深圳


1时间


小鼓大戏


葛洪养生苑


法观天下


金牌律师


葛洪养生苑


都市养生佳


天下朋友圈


都市路路通


第一现场


剧场


鞠说好看


1时间


苏州新闻综合


电视剧


苏州新闻


电视剧


健康黄丝带


新闻夜班车


电视剧


联播苏州


世界大观


长篇评话


第一时间


乐活六点档


苏州新闻


新闻联播


电视剧


新闻夜班车


苏州要闻


联播苏州


苏州财经报道


纪录发现


苏州社会经济


电视剧


寰宇地理


第一时间


李刚评话


电视剧


施斌聊斋


社会传真


电视剧


健康黄丝带


李刚评话


社会传真


谈天说地


家的变形记


电视剧


施斌聊斋


传真聚焦


食客准备


苏州财经报道


谈天说地


茂名公共


荔园剧场


动画片


一线新闻


百姓连线


大连播


影视界


茂名新闻联播


荔园剧场


茂名综合


晚间剧场


百姓连线


转中央台新闻联播


茂名新闻联播


新闻聚焦


天天剧场


国际时装欣赏


晚间剧场


茶


明星制茶师


东方下午茶


雅宜札记


收播结束


最美茶艺师


向往的品茗生活


明星制茶师


倩倩直播间


喝茶那点事


雅宜札记


白茶行


倩倩直播间


最美茶艺师


普洱茶大讲堂


向往的品茗生活


明星制茶师


雅宜札记


遇见茶


选茶全攻略


好茶破价王


选茶全攻略


荆门科教文旅


农谷故事汇


农谷博览会


荆门新闻


农谷《垄上行》


电视剧一


电视剧二


现在嘎事


农谷故事汇


农谷《垄上行》


农谷博览会


电视剧三


电视剧四


电视剧五


农谷博览会


白天节目结束


电视剧(一)


电视剧(二)


农谷博览会


农谷《垄上行》


农谷故事汇


经济生活


荆门新闻


农谷《垄上行》


传奇


襄阳公共


电视剧场


电视剧场


奋斗


情感面对面


汉江风


动画剧场


午间剧场


午间剧场


午间剧场


午间剧场


午间剧场


动画剧场


电视剧场


电视剧场


电视剧场


襄阳警讯


逐梦扬帆创辉煌


情感面对面


今日播报


奋斗


襄阳警讯


襄阳经济生活


新闻晚汇


襄阳新闻


帮女郎


休闲剧场


休闲剧场


今日播报


健康一点通


襄阳垄上行


都市生活


午间剧场


午间剧场


午间剧场


健康一点通


都市生活


帮女郎


休闲剧场


休闲剧场


襄阳垄上行


襄阳新闻


襄阳全民创业挑战赛


都市生活


帮女郞


午夜剧场


午夜剧场


襄阳综合


今日播报


早间剧场


早间剧场


新闻晚汇


襄阳新闻


智慧冲关我最棒


午间剧场


午间剧场


午间剧场


传奇


新闻晚汇


今日播报


转播中央台新闻联播


襄阳新闻


黄金剧场


黄金剧场


新闻晚汇


前沿讲座


襄阳新闻


前沿讲座


传奇


西宁生活


吃香喝辣


夏都美居秀(重播)


开机版


夏都美居秀(重播)


阳光剧场


养生坊(重播)


陇上直通车(重播)


一起动起来(重播)


夏都美居秀(重播)


夏都特训营午间版(重播)


吃香喝辣(重播)


电视剧场


一起去旅游(重播)


吃香喝辣


夏都特训营晚间版


生活剧场


垄上直通车


吃香喝辣


有请当事人


电视剧场


一起去旅游


养生坊


西宁综合


空中特卖场


夏都金融在线


夏都说法


开机版


夏都地产


夏都零距离


零距离关注


空中特卖场


空中特卖场


夏都说法


空中特卖场


超级有道


第一资讯


夏都新闻联播


夏都零距离


零距离关注


夏都说法


空中特卖场


空中特卖场


零距离关注


超级有道


夏都零距离


夏都新闻联播


天气预报


转播中央台新闻联播


零距离关注


夏都说法


超级有道


夏都金融在线


夏都新闻联播


夏都零距离


第一资讯


夏都地产


西安丝路


健康播报


奇趣大自然


探索


快乐旅游


健康播报


奇趣大自然


妈妈宝宝


健康播报


西安人健康报告


奇趣大自然


奇趣大自然


电视剧


妈妈宝宝


时尚健康


奇趣大自然


电视剧


健康播报


快乐旅游


西安新闻


探索


超访


西安商务资迅


电视剧


登峰谝吃


非常资讯


视野


口述


电视剧


电视剧


电视剧


口述


气象播报


非常资讯


新闻联播


非常资讯


电视剧


狼行天下


福从天降


西安新闻


视野


西安影视


探索


电视剧


探索


好好生活重播


电影全色彩重播


娱乐同步西安重播


影迷俱乐部


电视剧


影迷俱乐部重播


西安零距离重播


青春加气站重播


娱乐同步西安重播


卡通剧场


青春加气站


娱乐同步西安


电影全色彩


电视剧


电影全色彩重播


青春加气站重播


娱乐同步西安重播


西安新闻综合


电视剧


晨曲


西安新闻


直播西安重播


时事关天重播


新闻夜总汇


电视剧


城市记录


午间新闻


直播西安重播


今日西安


电视剧


今日西安


大秦腔


直播西安


新闻夜总汇


关注


西安新闻


电视剧


晚间新闻


时事关天


城市记录


新闻夜总汇


西安移动电视


劲爆点


时装国际


MTV学英语


音乐风云榜


老唱片


音乐无限


娱乐同步西安


我爱音乐


志在必得


时尚风云榜


音乐风行榜


娱乐纵天下


亚洲音乐中心


音乐无限


娱乐中心


劲爆点


时尚俱乐部


MTV天籁村


演歌台


明星


城市周刊


医患心连心


时尚俱乐部


音乐风云榜


时尚风云榜


音乐天空


娱乐中心


音乐无限


艺海人生


中国影音广场


明星


MTV学英语


梨园大擂台


西安都市


电视剧


青春加气站


娱乐同步西安


电影全色彩


快乐旅游


电视剧


西安零距离


好好生活


电视剧


关注


健康播报


好好生活


西安故事


电视剧


西安故事


西安零距离


天气预报


西藏藏语卫视


凌晨剧场


凌晨剧场


凌晨剧场


西藏新闻联播


凌晨剧场


凌晨剧场


凌晨剧场


《最美西藏》


两学一做(宣)


央视新闻联播


西藏新闻联播


《多彩舞台》


《译天下》


中国梦西藏故事


上午剧场


上午剧场


上午剧场


电视购物


上午剧场


西藏应急宣传片


《周末影院》


电视购物


《午间天气预报》


《健康之友》


西藏应急宣传片


下午剧场


下午剧场


下午剧场


下午剧场


下午剧场


《多彩舞台》


《我们》


《青稞风》


《邦锦梅朵》


《天气预报》


黄金剧场:请你原谅我


黄金剧场:请你原谅我


央视新闻联播


西藏新闻联播


《天气预报》


《我们》


《青稞风》


腾飞梦想


《译天下》


中国梦西藏故事


许昌1新闻综合


消费315


导视


许昌新闻


聚焦30分


电视剧场


电视剧场


咱的故事咱来演


法治中国


许昌新闻


聚焦30分


下午剧场


节目预告


零距离


天气预报


转播中央新闻联播


许昌新闻


黄金剧场


黄金剧场


许昌新闻


消费315


贵州公共


百姓旅游


百姓财经


第二放映室


电视剧场


第二放映室


家园美居


电视剧场


天天来帮忙


百姓关注


百姓财经


第二放映室


家园美居


退休好生活


天天来帮忙


百姓关注


新闻今日谈


非常友茗堂


第二放映室


家园


贵州卫视


贵州新闻联播


金陵往事(21)


金陵往事(22)


金陵往事(23)


纪录片


贵州新闻联播


中华人民共和国国歌


专题


动画片


游击英雄(13)


游击英雄(14)


游击英雄(15)


游击英雄(16)


游击英雄(17)


气象快讯


游击英雄(18)


游击英雄(19)


游击英雄(20)


游击英雄(21)


游击英雄(22)


微短剧


动静新闻


贵州新闻联播


天气预报


转播中央台新闻联播


潜行者(5)


潜行者(6)


詹姆士的厨房


詹姆士的厨房


詹姆士的厨房


贵州大众生活


家园


上午剧场


家园美居


下午剧场


生活购


小马家居


牌王争霸


天天有好戏


生活一直播


一转成双


电影魔方


贵州影视文艺


电视剧剧场


家园


电视剧剧场


家园美居


法网情深


唱响贵州


法网情深


电视剧剧场


家园


电视剧剧场


唱响贵州


微电影前沿


开心帮3


电视剧剧场


越活越来劲


法网情深


中国相册


电视剧剧场


贵州科教


探索


与健康同行


玩转地球


旅游探路者


走出国门


健康节目


与健康同行


天天故事会


第六调查室


沙场


寰宇地理


探索


玩转地球


贵州科教健康


探索


与健康同行


玩转地球


旅游探路者


走出国门


健康节目


与健康同行


天天故事会


第六调查室


沙场


寰宇地理


探索


玩转地球


贵阳综合


直播贵阳


中国城市报道


快手时间


第一房产


看电影


美丽家


童心无限


消费主张


东南军情


快手时间


财经报道


直播贵阳


天气早知道


团购帮A


消费主张


团购帮B


第一房产


大数据新闻


本草新说


直播贵阳


团购帮C


财经报道


消费主张


本草新说


精品剧场


团购帮D


精品剧场


档案


社会主义核心价值观主题微电影展播


贵阳新闻联播


转中央台新闻联播


直播贵阳-直播


大数据新闻


执行力


第一房产


档案


精品剧场


赣州公共


息屏


重播:爱生活


重播:财经时间


重播:第一关注


重播:有房有车


电视剧场


重播:话山论见


重播:爱生活


重播:第一关注


重播:财经时间


重播:有房有车


电视剧场


重播:有房有车


最生活


话山论见


财经时间


第一关注


电视剧场


有房有车


赣州新闻联播


重播:爱生活


电视剧场


赣州教育


息屏


快乐生活一点通


重播:城乡直通车


电视剧场


快乐生活一点通


重播:电影进行时


重播:城乡直通车


重播:成长路上


电视剧场


重播:洗洗不要睡


成长路上


洗洗不要睡


城乡直通车


电视剧场


重播:成长路上


重播:乡村大世界


电影进行时


赣州新闻综合


息屏


重播:爱生活


重播:财经时间


重播:第一关注


重播:有房有车


电视剧场


重播:话山论见


重播:爱生活


重播:第一关注


重播:财经时间


重播:有房有车


电视剧场


重播:有房有车


最生活


话山论见


财经时间


第一关注


电视剧场


有房有车


赣州新闻联播


重播:爱生活


电视剧场


辽宁卫视


记住乡愁


午夜剧场


午夜剧场


午夜剧场


欢乐集结号(重播)


午夜剧场


午夜剧场


黑土地


第一时间


第一时间


食全食美


动画片剧场


白天剧场:父母爱情


白天剧场:父母爱情


白天剧场:父母爱情


白天剧场:父母爱情


白天剧场:父母爱情


海洋预报


说天下


白天剧场:父母爱情


白天剧场:父母爱情


白天剧场:父母爱情


白天剧场:父母爱情


白天剧场:父母爱情


欢乐集结号


食全食美


欢乐点点(重播)


辽宁新闻


辽宁天气预报


转播中央台新闻联播


北方剧场:画眉


北方剧场:画眉


妥妥的乡味


欢乐集结号(重播)


欢乐集结号(重播)


紫禁城


追剧少女


抗日名将卫立煌


密使


金江1936


战争角落


血浴羊山


闪闪的红星


国歌


血战台儿庄


南昌起义


地道战


三进山城


吕梁英雄


红日


小兵张嘎


七天七夜


遂宁公共


剧场


生活魔法师


今日资讯


剧场


方言剧遂州风情


情动八点


拍案说法


遂宁党建


方圆之间


剧场


遂宁综合


剧场


生活魔法师


今日资讯


剧场


方言剧遂州风情


情动八点


拍案说法


遂宁党建


方圆之间


剧场


郑州商都


生活+


影家剧场


跟我走吧


有一说一


有啥说啥


生活+


跟我走吧


有一说一


天天美食


快乐生活一点通


有啥说啥


生活+


快乐生活一点通


生活+


跟我走吧


天天美食


跟我走吧


快乐生活一点通


有啥说啥


生活+


影家剧场


跟我走吧


有一说一


天天美食


快乐生活一点通


有啥说啥


生活+


影家剧场


跟我走吧


有一说一


天天美食


快乐生活一点通


有啥说啥


郑州妇女


整点看房


大牌也团购


第一房产


第一家居


整点看房


大牌也团购


汽车帮


第一家居


整点看房


大牌也团购


第一房产


第一家居


整点看房


大牌也团购


汽车帮


第一家居


整点看房


大牌也团购


第一房产


第一家居


整点看房


大牌也团购


汽车帮


第一家居


整点看房


大牌也团购


第一房产


第一家居


整点看房


大牌也团购


汽车帮


第一家居


整点看房


大牌也团购


整点看房


大牌也团购


汽车帮


整点看房


大牌也团购


第一房产


第一家居


整点看房


大牌也团购


汽车帮


第一家居


整点看房


大牌也团购


第一房产


第一家居


整点看房


大牌也团购


汽车帮


第一家居


整点看房


第一家居


整点看房


大牌也团购


汽车帮


整点看房


大牌也团购


第一房产


整点看房


大牌也团购


郑州全交通


整点看房


大牌也团购


第一房产


第一家居


整点看房


大牌也团购


汽车帮


第一家居


整点看房


大牌也团购


第一房产


第一家居


整点看房


大牌也团购


汽车帮


第一家居


整点看房


大牌也团购


第一房产


第一家居


整点看房


大牌也团购


汽车帮


第一家居


郑州戏曲


午夜剧场


1900剧场


频道开播总片头


快乐生活一点通


上午剧场


上午剧场


上午剧场


小神龙俱乐部


下午剧场


下午剧场


下午剧场


晚间剧场


晚间剧场


晚间剧场


晚间剧场


晚间剧场


晚间剧场


午夜剧场


午夜剧场


郑州文体


文化中原


电竞风云


剧场


剧场


豫乐剧场


你不知道的事


精彩一刻


文化中原


笑啥咧笑


饮食男女


超级赞


文化中原


精彩一刻


谁是高手


饮食男女


笑啥咧笑


你不知道的事


饮食男女


精彩一刻


笑啥咧笑


天气预报


文化中原


饮食男女


宠乐汇


饮食男女


超级赞


笑啥咧笑


谁是高手


饮食男女


郑州新闻


联播郑州


新闻360


你不知道的事


有一说一


剧场


微影小站


有一说一


你不知道的事


郑州新闻,直通政务
联播郑州


郑州大民生精编版


喷吧


我的选择


有一说一


微影小站


新闻360


郑州生活


节目结束


健康汇·八面来风


健康帮


歌曲


健康道·科学养生


歌曲


健康秀


一点不夸张


健康帮


健康秀


歌曲


健康汇·八面来风


歌曲


健康帮


健康道·科学养生


一点不夸张


健康汇·八面来风


健康秀


健康帮


健康汇·八面来风


歌曲


健康秀


歌曲


姥家门前看大戏


健康秀


健康帮


歌曲


健康汇·八面来风


健康道·科学养生


一点不夸张


健康道·科学养生


健康汇·八面来风


歌曲


视界四号站


梅卿快车道


视界四号站


健康帮


健康道·科学养生


都市剧场


精彩赏析:尖锋之烈焰青春(1)


大李小李和老李


精彩赏析:男人的秘密(2)


精彩赏析:一马换三羊(2)


精彩赏析:护宝风云(3)


独狼(4)


独狼(5)


独狼(6)


精彩赏析:大汉口(1)


精彩赏析:西京故事(2)


精彩赏析:棋逢对手(3)


精彩赏析:爱的追踪(4)


独狼(7)


独狼(8)


精彩赏析:黑土热血(1)


精彩赏析:漂洋过海来看你(1)


精彩赏析:甜蜜(3)


精彩赏析:宜昌保卫战(4)


前途无量(11)


前途无量(12)


前途无量(13)


精彩赏析:黄土高天(2)


精彩赏析:午夜蝴蝶(2)


精彩赏析:爱的追踪(2)


精彩赏析:棋逢对手(3)


精彩赏析:老男孩(5)


独狼(9)


独狼(10)


独狼(11)


独狼(12)


独狼(13)


精彩赏析:宜昌保卫战(1)


精彩赏析:甜蜜(3)


精彩赏析:黎明决战(3)


精彩赏析:一马换三羊(3)


前途无量(14)


前途无量(15)


前途无量(16)


精彩赏析:我在北京挺好的(2)


独狼(14)


独狼(15)


独狼(16)


独狼(17)


独狼(18)


精彩赏析:黑土热血(1)


精彩赏析:老男孩(3)


前途无量(17)


前途无量(18)


健康生活


前途无量(19)


健康生活


萌宠特工队


精彩赏析:宜昌保卫战(4)


重庆农村


凌晨剧场


鸟瞰新重庆


剧场


拍案说法


天天农事通


剧场


美食厨房


山城好吃狗


楼市直通车


巴渝视窗


渝中新闻


纪录片


请您欣赏


拍案说法


天天农事通


大律师在线


重庆卫视


午夜剧场


午夜剧场


走进中国消防


红岩本色


谢谢你来了(重播)


中国故事


深夜剧场


深夜剧场


财经壹资讯


第一眼新闻


中国故事


早间气象服务


TICO欢乐假日


英雄剧场


英雄剧场


英雄剧场


英雄剧场


第一眼新闻


午间气象服务


英雄剧场


英雄剧场


英雄剧场


英雄剧场


英雄剧场


英雄剧场


第一眼新闻


财经壹资讯


重庆天气预报


重庆新闻联播


今日关注


中央新闻联播


传奇剧场


传奇剧场


谢谢你来了


健康到家


企业风云路


晚间剧场:猎狐(39)


重庆国际


星电影


动画片


栏目剧


爱尚健康


拍案说法


爱尚美食


娱乐现场


动画片


爱尚健康


星电影


周末驾到


爱尚健康


栏目剧


新闻解码


雾都夜话


凡人有乐


爱尚美食


新闻解码


动画片


娱乐现场


爱尚美食


爱尚健康


周末驾到


栏目剧


新闻解码


雾都夜话


凡人有乐


爱尚美食


新闻解码


星电影


爱尚健康


娱乐现场


动画片


爱尚健康


栏目剧


周末驾到


新闻解码


星电影


爱尚美食


新闻解码


雾都夜话


重庆娱乐


凌晨剧场


凌晨剧场


凌晨剧场


凌晨剧场


食全食美


团团赚


上午剧场


美食厨房


上午剧场


渝乐耍大牌


楼市直通车


团团赚


下午剧场


美食厨房


下午剧场


下午剧场


食全食美


渝乐耍大牌


晚间剧场


晚间剧场


食全食美


渝乐蹦嚓嚓


星空星发布


重庆少儿


节目结束


TICO魔力扣


TICOC世界


TICO巨星饭


正说家装


TICO巨星饭


正说家装


TICO梦想部落


TICO旗舰店


TICO成长快车


TICO动漫星球


TICO动漫空间


动画片


正说家装


重庆地产


TICOC世界


重庆影视


健康才有戏


健康厨房


家装进行时


剧场


电影


夜雨剧场


健康才有戏


健康厨房


渝乐派


剧场


家装进行时


剧场


重庆文体娱乐


凌晨剧场


凌晨剧场


凌晨剧场


凌晨剧场


食全食美


团团赚


上午剧场


美食厨房


上午剧场


渝乐耍大牌


楼市直通车


团团赚


下午剧场


美食厨房


下午剧场


下午剧场


食全食美


渝乐耍大牌


晚间剧场


晚间剧场


食全食美


渝乐蹦嚓嚓


星空星发布


重庆新闻


网罗天下


天气旅游


119在行动


重庆发现


119在行动


网罗天下


鸟瞰新重庆


重庆发现


鸟瞰新重庆


重庆新闻联播


网罗天下


119在行动


鸟瞰新重庆


重庆新闻联播


鸟瞰新重庆


早间气象


直播重庆


网罗天下


630早报


119在行动


网罗天下


环球视界


119在行动


630午报


网罗天下


午间气象服务


重庆发现


网罗天下


天天630


119在行动


网罗天下


天气预报


630新闻冲击波


天天630


重庆发现


网罗天下


630晚报


重庆新闻联播


鸟瞰新重庆


网罗天下


重庆时尚生活


鸟瞰新重庆


巴渝农经


鸟瞰新重庆


麻辣故事会


聚焦


鸟瞰新重庆


情感剧场


麻辣剧场


麻辣故事会


生活麻辣烫


冷暖人生


经典剧场


鸟瞰新重庆


天天美丽


鸟瞰新重庆


戏耍耍


重庆生活资讯


李伯清书场


城乡纪实


中超故事


购物节目


巴渝农经


鸟瞰新重庆


看见重庆


李伯清书场


李伯清书场


剧场


李伯清书场


爱上源产地


李伯清书场


楼市直通车


同生老庚


欢乐新星


爱上源产地


聚焦·中筹


李伯清书场


剧场


剧场


爱上源产地


巴渝农经


今天教育


喜闻乐健


爱上源产地


天天美丽


今天教育


喜闻乐健


重庆社会与法


法治中国60分


生活气象


凡人有事


雾都夜话


大城小事


都市700


凡人有事


雾都夜话


美食厨房


重庆地产


鸟瞰新重庆


拍案说法


凡人有喜


大城小事


都市700


法治中国60分


凡人有事


凡人有喜


为你喝彩


雾都夜话


大城小事


都市700


凡人有事


凡人有喜


雾都夜话


拍案说法


法治中国60分


金华新闻


养生堂


天天三句半+金华新闻联播


新电影传奇+档案


前沿讲座


金华新闻联播+天天三句半


财金直通车+养生堂+新电影传奇


幸福一号剧场


养生堂


金华新闻联播


转播中央新闻联播


天天三句半


幸福一号剧场


财金直通车


新电影传奇


金华新闻联播


天天三句半


前沿讲座


金色学堂


大医来了:机器人助力肾癌患者切瘤保肾


课间休息_家庭花卉养护7金枝玉叶


课间休息_烹饪:水果蛋糕


中国舞06


课间休息_家庭花卉养护2绣球花


《跟我轻松学二胡》第九课


课间休息_家庭花卉养护9文竹


课间休息_烹饪:香蕉酥排


中老年钢琴中级课程(上)11


课间休息_家庭花卉养护2绣球花


课间休息_烹饪:水果蛋糕


琵琶基础篇07讲


课间休息_健康生活轻饮食02-减糖真相


课间休息_家庭花卉养护6榕树


中国书法04


课间休息_健康生活轻饮食05-必须要知道的减肥小知识


荧屏之星新春版(1)


乐学书画:风景写生25(下)


课间休息_家庭花卉养护1君子兰


课间休息_百变丝巾1基础折法系法与脸型修饰


课间休息_健康生活轻饮食01-正确认识轻食


咖啡时光10


课间休息_百变丝巾1基础折法系法与脸型修饰


课间休息_家庭安全小常识16怎样进行人工呼吸


茶亦有道09:茶之藏(上)


茶亦有道10:茶之藏(下)


课间休息_健康生活轻饮食03-有关蛋白质的真相


课间休息_家庭花卉养护3杜鹃花


皮具手工制作09:手机背包的制作


皮具手工制作10:皮质花瓶的制作


课间休息_百变丝巾2丝巾与服饰搭配


课间休息_家庭安全小常识1怎样储存各类食物


唐宋词赏析23:杜鹃声里斜阳暮


课间休息_健康生活轻饮食03-有关蛋白质的真相


课间休息_家庭花卉养护8多肉


中国舞06


课间休息_家庭花卉养护2绣球花


金色风采:乐见其承(陈秀军)


课间休息_健康生活轻饮食03-有关蛋白质的真相


课间休息_家庭安全小常识5发现燃气泄漏怎么办


课间休息_百变丝巾1基础折法系法与脸型修饰


《跟我轻松学二胡》第九课


课间休息_家庭花卉养护9文竹


课间休息_烹饪:香蕉酥排


中老年钢琴中级课程(上)11


课间休息_家庭花卉养护2绣球花


课间休息_烹饪:水果蛋糕


琵琶基础篇07讲


课间休息_健康生活轻饮食02-减糖真相


课间休息_家庭花卉养护6榕树


快乐生活帮


中国书法04


课间休息_健康生活轻饮食05-必须要知道的减肥小知识


荧屏之星新春版(1)


乐学书画:风景写生25(下)


课间休息_家庭花卉养护1君子兰


课间休息_百变丝巾1基础折法系法与脸型修饰


课间休息_健康生活轻饮食01-正确认识轻食


咖啡时光10


课间休息_百变丝巾1基础折法系法与脸型修饰


课间休息_家庭安全小常识16怎样进行人工呼吸


茶亦有道09:茶之藏(上)


茶亦有道10:茶之藏(下)


课间休息_健康生活轻饮食03-有关蛋白质的真相


课间休息_家庭花卉养护3杜鹃花


课间休息_健康生活轻饮食01-正确认识轻食


课间休息_烹饪:水果蛋糕


快乐生活帮


中老年钢琴中级课程(上)11


课间休息_家庭花卉养护2绣球花


课间休息_烹饪:水果蛋糕


大医来了:机器人助力肾癌患者切瘤保肾


金色公开课:冠心病(张琪)_故事课(顾萍)


课间休息_健康生活轻饮食03-有关蛋白质的真相


唐宋词赏析23:杜鹃声里斜阳暮


课间休息_健康生活轻饮食03-有关蛋白质的真相


课间休息_家庭花卉养护8多肉


史依弘的京剧课堂10


课间休息_家庭花卉养护1君子兰


课间休息_家庭安全小常识14怎样给伤口止血


皮具手工制作09:手机背包的制作


皮具手工制作10:皮质花瓶的制作


课间休息_百变丝巾2丝巾与服饰搭配


课间休息_家庭安全小常识1怎样储存各类食物


健康长者:不聋生活,乐享世界(下)老年性聋的治疗及防治
为老乡支一招


拉家常


农村大市场


为老乡支一招


秦之声大剧院


拉家常


苍狼


苍狼


苍狼


苍狼


中国农资秀


秦之声大剧院


薛丁山


薛丁山


薛丁山


薛丁山


打狗棍


打狗棍


打狗棍


第一农经


为老乡支一招


拉家常


第一农经


中国农资秀


农村大市场


游击英雄


拉家常


秦之声大剧院


陕西卫视


晚曲,彩图
彩图,晨曲
纪录时间


中华人民共和国国歌


陕西新闻联播


赵琳的探险日记


武松(48)


武松(49)


武松(50)


勇敢的心(1)


勇敢的心(2)


勇敢的心(3)


勇敢的心(4)


勇敢的心(5)


勇敢的心(6)


勇敢的心(7)


但愿人长久(3)


旅游天气预报


陕西新闻联播


转播中央台新闻联播


大西北(1)


我的亲爹和后爸(1)


起点新闻


丝路小脚印


英雄儿女


英雄儿女


陕西四套


影享力


电视剧


非常派(重播)


非常派(重播)


电影直通车


首映(重播)


影享力


电视剧


电视剧


影享力


首映


非常派


子夜影城


陕西影视


影享力


电视剧


非常派(重播)


非常派(重播)


电影直通车


首映(重播)


影享力


电视剧


电视剧


影享力


首映


非常派


子夜影城


随州农村


随州新闻


晚安随州


早安随州


随州新闻


社会全方位


美味妈妈


晨光剧场


晨光剧场


社会全方位


阳光剧场


阳光剧场


阳光剧场


动画乐园


星星园


美味妈妈


康乐人生


神农剧场


神农剧场


曾都报道


星光剧场


星光剧场


随州综合


法治中国


早安随州


随州新闻


娱乐在线


环球电影精选


经典剧场


经典剧场


超级可乐


随州新闻


法治中国


好剧连连看


好剧连连看


好剧连连看


奇趣宝典


动画乐园


随州新闻


新闻联播


编钟剧场


编钟剧场


社会全方位


传奇


环球电影精选


青海卫视


午夜剧场


午夜剧场


午夜剧场


午夜剧场


纪录时间


纪录时间


动画片剧场


昆仑眼


午夜剧场


青海新闻联播


江源扫描


纪录时间


昆仑剧场:宰相刘罗锅 25


昆仑剧场:宰相刘罗锅 26


昆仑剧场:宰相刘罗锅 27


昆仑剧场:宰相刘罗锅 28


午间360


郁金香剧场:宰相刘罗锅 29


郁金香剧场:宰相刘罗锅 30


郁金香剧场:宰相刘罗锅 31


郁金香剧场:宰相刘罗锅 32


郁金香剧场:宰相刘罗锅 33


郁金香剧场:宰相刘罗锅 34


青海新闻联播


转播中央新闻联播


第一挑战剧场:县委大院(11)


第一挑战剧场:县委大院(12)


昆仑眼


男生女生上高原


大美青海


晚间播报


午夜剧场


青海经视


午夜剧场


经视法案


百姓1时间


晚间播报


白天剧场


白天剧场


白天剧场


大美青海


百姓1时间


经视法案


中华好养生


白天剧场


白天剧场


小神龙俱乐部


百姓1时间


经视法案


首播剧场


首播剧场


百姓1时间


经视法案


午夜剧场


青海都市


第一首映


极致


电视剧场


极致


午间360度


电视剧场


动画片剧场


电视剧场


电视剧场


本省天气预报


青海新闻联播


电视剧场


晚间气象


健康之路


午夜剧场


鞍山新闻综合


高山之光(下)


再见曲


测试卡


记住乡愁5(56)


生活加油站


第一生活养生版


家庭小课堂


中华人民共和国国歌


鞍山新闻


链接·鞍山新闻+


纪录鞍山(21)


生活加油站


记住乡愁5(56)


生活加油站


家庭小课堂


生活加油站


文物医生(1)


文物医生(2)


文物医生(3)


家庭小课堂


外交风云(26)


家庭小课堂


外交风云(27)


第一生活养生版


城中之城(37)


生活加油站


城中之城(38)


城中之城(39)


生活加油站


第一生活养生版


家庭小课堂


小怪兽阿蒙(39)


小怪兽阿蒙(40)


第一生活


辽宁新闻


转播中央台新闻联播


鞍山新闻


链接·鞍山新闻+


天气预报


国宝时刻(31)


国宝时刻(32)


外交风云(28)


外交风云(29)


鞍山新闻


链接·鞍山新闻+


天气预报


第一生活养生版


舞动童年


记住乡愁5(56)


文物医生(1)


文物医生(2)


韶关新闻


重播发现特产


重播县市区连线·新丰


欢乐早场


重播发现特产


重播县市区连线·新丰


下午大放送


石头剪刀布


全市新闻联播


第一新闻


县市区连线·始兴


技能天下


韶视剧场


驻马店3科教


电影


综艺无限


科教新闻


天气预报


午间剧场


下午剧场


戏曲


综艺无限


文艺


黄金剧场


科教新闻


天气预报


驻马店新闻


高尔夫网球


2022年英国高尔夫公开赛-第三轮


实况录像(奥林匹克)-2025年美国网球公开赛2(4K)


2024年中国网球公开赛-男单1/4决赛(布云朝克特 - 卢布列夫)(4K)


2024年ATP1000男子网球大师赛-辛辛那提站 决赛(4K)


赛事集锦(高清体育)-2023-106-2023年沃尔沃高尔夫中国公开赛 第四轮


实况录像-2025年ATP1000男子网球大师赛 马德里站 1/4决赛


实况录像-2025年温布尔登网球赛 女单半决赛


赛事集锦(高清体育)-2023-76-2023年英国女子高尔夫公开赛 第四轮


实况录像-2025年美国网球公开赛 女单半决赛


实况录像(奥林匹克)-2025年中国网球公开赛3(4K)


赛事集锦(高清体育)-2023-99-2023年LPGA锦标赛 第三轮


实况录像(奥林匹克)-2025年ATP1000男子网球大师赛 罗马站 半决赛(4K)


实况录像-2025年温布尔登网球赛 男单决赛


赛事集锦(高清体育)-2024-80-2024年英国高尔夫公开赛 第三轮


实况录像(奥林匹克)-2025年法国网球公开赛3(4K)


2024年巴黎奥运会网球精选-女单第三轮(郑钦文-纳瓦罗)


魅力足球


西甲:毕尔巴鄂竞技-阿拉维斯


西甲第36轮:西班牙人-巴塞罗那


西甲:巴伦西亚-毕尔巴鄂竞技


西甲:比利亚雷亚尔-塞维利亚


西甲联赛第1轮:塞尔塔-赫塔费


西甲联赛第2轮:奥维耶多-皇马


法甲联赛第18轮:斯特拉斯堡-梅斯


英超:伍尔弗汉普顿-纽卡斯尔联


2025/2026法甲联赛第18轮集锦


南美杯决赛:拉努斯-米内罗竞技


2025南美解放者杯决赛


法甲第15轮:巴黎圣日耳曼-雷恩


法甲联赛第16轮:欧塞尔-里尔


2025/2026法甲联赛第17轮集锦


2025/2026法甲联赛第18轮集锦


英超:伍尔弗汉普顿-纽卡斯尔联


2025-2026英超第22轮:曼联-曼城


法甲第15轮:巴黎圣日耳曼-雷恩


西甲第15轮:皇家贝蒂斯-巴塞罗那


黄冈新闻综合


新播报


午夜剧场


午夜剧场


午夜剧场


早间节目预告


上午剧场


上午剧场


上午剧场


请您欣赏


新播报


黄冈新闻


中午栏目


下午剧场


下午剧场


下午剧场


请您欣赏


天气预报


转播中央新闻联播


黄冈新闻


天气预报


新播报


首播剧场


首播剧场


首播剧场


首播剧场


黄冈生活


旅游节目


时尚汇


新播报


上午剧场


新播报


上午剧场


上午剧场


上午剧场


黄州新闻


法制中国


下午剧场


下午剧场


下午剧场


下午剧场


下午剧场


天气预报


新播报


时尚汇


天气预报


黄州新闻


晚间剧场


晚间剧场


法制中国


新播报


梅卿快车道


午夜剧场


黄河卫视


谁是高手双升


夜黄河剧场


早间剧场


早间剧场


山西新闻联播


汇通天下


1890


黄河大交通


黄河新闻


黄河一拨就灵


谁是高手双升


民生大剧场


真相解码


汇通天下


黄河大交通


黄河新闻


1890


真相解码


黄河大剧场


真相解码


黄石新闻综合


黄石新闻


新闻直通车


新闻深一度


理财经,黄石房产报道等
电视剧


新闻深一度


新闻午班车


黄石新闻


新闻直通车


新闻午班车


电视剧


新闻午班车


电视剧


新闻午班车


新闻深一度


新闻直通车


转央视新闻联播


黄石新闻


电视剧


黄石新闻


网罗天下


黄石都市


养生一点通


生活魔法师


音乐风云榜


娱乐现场


影视风云榜


前沿讲座


健康第一线


益言堂


最佳现场


养生一点通


生活魔法师


音乐风云榜


娱乐现场


影视风云榜


最佳现场


纪录中国


动画片


方言剧


音乐风云榜


健康第一线


健康大讲坛


最佳现场


电视剧


益言堂


网罗天下


黑莓动画


南国篇（1）


01_樱桃小丸子 第二季普通话版


黑莓电影


宗师


夏雨来


消失吧,群青
黑龙江卫视


青春中国


幸福驿站


幸福私房菜


一起传承吧


新青年新思想


劳动最光荣


这就是黑龙江


凌晨剧场


凌晨剧场


三农进行时


晨光天气


共度晨光


中华人民共和国国歌


阳光剧场:终极对决


中国龙动画剧场


阳光剧场:终极对决


开课啦


阳光剧场:终极对决


阳光剧场:终极对决


阳光剧场:终极对决


阳光剧场:终极对决


阳光剧场:终极对决


开课啦


阳光剧场:终极对决


阳光剧场:终极对决


剧好看


于硕说天气


全省新闻联播


转播中央台新闻联播


中国龙剧场:灼灼韶华(11)


中国龙剧场:灼灼韶华(12)


幸福驿站


活力剧场:亮剑


活力剧场:亮剑


黑龙江少儿


奔跑吧幽默


非常幽默


奔跑吧幽默


极地馆奇妙世界


晚间剧场


晚间剧场


晚间剧场


传奇


非常幽默


上午剧场


连衣裙


非常幽默


奔跑吧幽默


奔跑吧幽默


非常幽默


下午剧场


动画片剧场


动画片剧场


冻梨播报站


动画片剧场


动画片剧场


动画片剧场


快乐每一程


动画片剧场


动画片剧场


冻梨播报站


动画片剧场


晚间剧场


晚间剧场


晚间剧场


全省新闻联播


电视剧剧场


电视剧剧场


黑龙江影视


开始曲


公益时间


早间剧场


早间剧场


早间剧场


早间剧场


早间剧场


经典剧场


影视气象站


经典剧场


经典剧场


经典剧场


经典剧场


经典剧场


经典剧场


经典剧场


经典剧场


金色时空


黄金剧场


黄金剧场


影视气象站


黄金剧场


黄金剧场


黄金剧场


晚间剧场


晚间剧场


晚间剧场


结束


黑龙江文体


精彩放映室


精彩放映室


潮尚生活


大牌价到


相亲相爱精编版


上午剧场


笑吧2017


快乐POKER派精编


快乐向前冲


精彩放映室


精彩放映室


精彩放映室


潮尚生活


快乐POKER派


相亲相爱


大牌价到


中影剧场


精彩放映室


搏e时代


精彩放映室


结束


黑龙江新闻法制


剧场


天天见医面


剧场


新闻联播


新闻在线


上午剧场


上午剧场


走近健康


话龙点经


新闻晚点名


沟通天舒工作室


天天说新闻


下午剧场


新闻真相


龙视直播间


天天说新闻


新闻在线


新闻真相


沟通天舒工作室


新闻晚点名


新闻联播


中国车视


新闻在线


结束


黑龙江新闻法治


剧场


天天见医面


剧场


新闻联播


新闻在线


上午剧场


上午剧场


走近健康


话龙点经


新闻晚点名


沟通天舒工作室


天天说新闻


下午剧场


新闻真相


龙视直播间


天天说新闻


新闻在线


新闻真相


沟通天舒工作室


新闻晚点名


新闻联播


中国车视


新闻在线


结束


黑龙江都市


凌晨剧场


新闻夜航


本草新说


早间剧场


早间剧场


早间剧场


走近健康


夜航说法


下午剧场


宜人益方


大博西子欢乐颂


快乐生活一点通


天下夜航


新闻夜航


晚间剧场


戏里戏外


午夜剧场


午夜剧场


龙岩综合


连续剧大联播


台标,早间节目预告
